07-03 23:10:11.419  1203  1203 D SearchTargetUtil: layoutType=extra_tall_icon_row resultType=131072 packageName=com.google.android.googlequicksearchbox extras=Bundle{bitmap_url=data:image/jpeg;base64,/9j/4AAQSkZJRgABAQAAAQABAAD/2wCEAAkGBwgHBgkIBwgKCgkLDRYPDQwMDRsUFRAWIB0iIiAdHx8kKDQsJCYxJx8fLT0tMTU3Ojo6Iys/RD84QzQ5OjcBCgoKDQwNGg8PGjclHyU3Nzc3Nzc3Nzc3Nzc3Nzc3Nzc3Nzc3Nzc3Nzc3Nzc3Nzc3Nzc3Nzc3Nzc3Nzc3Nzc3N//AABEIAHwAfAMBIgACEQEDEQH/xAAcAAABBAMBAAAAAAAAAAAAAAAFAAEEBgIDBwj/xAA+EAACAQMDAgMFBgIHCQAAAAABAgMABBEFEiExQQYTURQiYXGBBzJCkaHBI9EzUnKCorHwFRYkNFNiY5Ky/8QAGQEAAgMBAAAAAAAAAAAAAAAAAQMAAgQF/8QAJBEAAgICAgIBBQEAAAAAAAAAAAECEQMhEjEyQQQiQlGxwRP/2gAMAwEAAhEDEQA/AOoUqemoFjCR1jRnkOEUFmPoBXl/WdRl1nVrrU7jPmXUhkwT90fhH0XA+leldaz/ALGv9vX2aXH/AKmvMAOFX0wKJUYr2qbpt02nzi4iit5XVTsE8e9QccNg9x1Gc1GGOAayHP71OiNWW68u5ZbXVdUnnkluLdo0tI5PfRN7Z3BemSpJXjp9K23um2unXF7Bq08j2LRQTPKZNztcR5DRjJ+8w835Bl7YqPpEQaz0WC5fEDXMl/Ox/BDDwv0JLj5kVt1O5tbSC3a+/i6pp7/w4mXd7RJLGjmR+5CuHOO52j1p322xcr5uvW/1/RtYsp7m1sfaURNR1KdILa1XISzhGCFA7E70JPoT3JoHrVzHdapO8H/LqRFAOwiQbU/wgH61Yrq2vbWZbmUSOum6czifIYPcyZLNnPJDS55/6dU/HTHSqTeiyg1Np+hYBPPfuaw2nArPP5UzgfexxSi4W8D6o2leMNMnBIR51gkHqj+6c/Ug/SvRteUwzJMrRna6ncrDsexr1Hpl2uoadaXqfduIUlH95Qf3okJdKkKeoEamp6aoQg622zRdQcDO21lOP7hry9nCDHbivQ3jLxfpOiW89lcO095JEV9mhwSoYYyx6KOe/J7A1wBUhRQD/EI688VLAzQH5PX6VIiUmRRIkvl594oBnHwzTNcBegC/2aaOUu2EiaRh6DNCwpbC2saxPfwLaw20FparGsewPlnVeVDN3APOPUk9agXtxe38iS3dxHJIqhd+ACRknkgcnk8nmkkd0cYh2/2mxUuHS7yRQfNhjB7YJ5qssy9sYvj5JO1EHCKXH9IlP5cx5Uxn4BxRr/djUjDvW5iIH/aaHXWnX8Gf6FsdgcGqrLB9MtL4+VbaI22RfvI3xNIsNp7VqaW4gOXjZPjjis0vAw2yKrD5UyxPE1NjcuMYzXob7M7v2vwRpjd4laE/3HKj9AK4CYrefGx9jehrsf2LXanQLuweWPzoLpnWMMN3lsq849N27mpZKOiU9IU9EhjQvxPfTaZ4d1G+tgDNBbu6ZGQDjg/Tr9KK1quYIrm3lt7hBJDKhSRG6MpGCD9KBDy1dXEk0rvNIzuzFnZmyWJ6k+pqPvz349T+3rV3+0vwKPC1vFqGnSzXFlJIUcSgZhP4ckdQeRnjoOuaqGgW3tUzySc7RgUHpWGMeToxjtxjdIOvY0fsrSeW2WKKNgM52IuSTUy00ZC3myY2r0HrR7T7yz01gJiq7vuxqMs30HNZJ5LOnhwpK0BLfQruTaXCJzg73Axxn/X0o1puiSqV8xCozjBGCtbm1OJ43MUEwRupeFsH4dKz0/WFRlUScn7uTkdc8f67UiT10aoremH4dBKQFt3HYVXNV0ZJZW2RtvHJI+v8jR19TmVWZpCExQS51NZmYhuD1OePzpamn0NlCSW2V6606KJeZJN3oUP8sVWdS08Al4V2kcnHQ/yrpNnc6NtJuL2Iy+hbv9aH6hBDdS5GxlPAZadDK4sy5MCyLZzMl4mCygjPTPSimkanPYXsN1aTNFPEco6nkH9x8Km+IdN8ixkOPucg0X+x7wnD4hv7q61S3Mun2qgBSzKHlPQZGMgAHI+IrfB8lZyckeEqO56NeHUdIsr1l2m5t45SvoWUHH61Npo0VEVEUKigBVUYAA6AVlVylmNYu6xozv8AdUEn5Cs6xdQ6lWGVYYI9RQIcNu7geJtRme/UE3DPje2Qiq2APkMfpUS2063s5gtuoVcnOM4JzjvzRDWbJ/Des31kSSqRtLaOepjZsn8iTUPSFE1s0nLOzszOeSelY7anTOq4wePlFEktmEhXwwPAPetOlW1rOL6LUY5/a54mW3nVspG3bcow2fqfhinS2kkkPOMUVsbTaN0kTMB8D+1VcqYVj5xNfgnT7CwN+2q2bFZVCxJBvDk5zvDuRt4OOCM961a4trYwyrPG3nyN/AHuq+P6zhcgH5HnJ4GOSTSrExaOPdL+Ek9KqGoyM968szb5GOAT3qSly7DDH/n0EbnXJ59P9mbAUgDgc0W06DT5HhlVZnstg3GPYXVu4wxGPng9eMVVSj+VkCpehXEkN0wQjDD3lbofnSoUNyWb5bGU+IJX/wCPGme0DfIHmKiHJJTaBnO3A6nkZ6HiOoVNUk/2aky2cnKrcYDqfQ46/PANWWGGOQ4MLLuHK5wBQ7UbBYWzGcCmSm2KjhrZFvIEu4ZIJz/DbqRW/Qt3hzVdOW1eQIsseVL8EO2DkfLqKjopMMxPG1Sc+lFfDdi2ta7p8Dk7Qvnzt32I3HyycUU5WkirjDjKUkdk6UqelW85JjSpYpUAlR+0Xw8+r6WLyzUe3WQZ0GM+YmPeX/XxrnENjDp9xa+yscyRssw35j8wgMAvOWxggtjvxXdaGT6JYeTeez2kMc1xE6GRV55H6c4qkoW7H48vFUzk+7y5STx3qdbXs8pEeQF+A5/OoU6569azsXEUyk8L3rLJHQxy0Eby3NvZvOY9+OoHcVXzd6RZyi/1syySPgbYojsjHYHHSj+p6kPIKxj3W61VReyW8pSEqQx5DoGHX0Iqi/AybrZblutE9g86K1g2sgYSGT3QPXFV+2udOnulutI3hhxIroQki/iAP+VbvaLd7NndVM56vnFCo7uVrhEMnuR8IoUKAPpQUa2CU+Wi7zWmbXzYm2j7wGcYHrVbu7mZm2Sklu+aLxaq5sSsnUDAIoK5FxIXHSp2wt8US9LtbS6cwajcG3t5RhpB2+vb0z8avX2feHxpVvcX0rB5bptsTAYAgUnZj0z1/KoHgTR7O+trqa+to51V1SMOucEAk/5ir6oCgBQABwAO1bMcK2czNlbuKHFPSpU4zGNKlSqBGxSHBp6aoQ5FrMHkahdQjjy5WX6AkUPfON2aPeMo/J8R3QH49si/HKjP6g0GKApkdDWWUdm/HLRhKfMgVchMjqaz02PToctMElbu7kcfIVDuolnRVcEj19Km6RpViWUTxxlenXbiq1SG22yfu0VgbkWtuxAOHMY9aGXx026UNEYg2eGTAI/LrRg6JoryDBhAPXJB5ofrOi6eob2UBkxgZIPPrkVUu06B8cjLG0e4SAfiU5xWxVxGAvVj+labG2W2R0UD3uhAqawESbz0AoqOxbk62dO8F24g8PW5A5lLSH88D9AKOUL8LEnw5pxPUwKT9eaKVsj0cyXkx6VKlRAY0qbNLNQI9NSpUCHOftLiMeq2065G6ADPxDH+YoHYulxGR0YdRVt+0uDfb2Mvozqfrg/sa55HJJbSh0PIpT8jXj8EE5o1R+aaLa8ixIOT+lbXnhvLYyjCSIPeB9KgifyZN4OD1HNKlE0Qkgk2ikybjKoI7BRUedFgIQnPx6VgNUlRcBtxbhjnpxUJ5/Mf3n5J/wA6pTL2ifAFkYAD51E1GffL5aH3VPPxNb2kFrb/APlcceoFDwuW5q/SEvbOy+EW
07-03 23:10:11.419  1203  1203 D SearchTargetUtil: layoutType=short_icon_row resultType=131072 packageName=com.google.android.googlequicksearchbox extras=Bundle{suggestion_type=33,suggest_truncate_start=false,is_answer=false,is_entity=false,is_personal=false,suggest_raw_text=ps5 update,input_query=android.app.search.Query@de5d65c,group_id=web5616310,response_id=9f203878-8ccb-4849-8a81-744f6dda8c83,support_query_builder=false,} searchAction=ps5 update searchActionExtras=Bundle{learn_more_url=https://support.google.com/websearch/answer/106230?hl=106230,suggestion_action_text=Report this,should_start_for_result=true,allow_pinning=true,skip_logging_in_target_handler=true,suggestion_action_rpc=2,}ParentID: null targetID: 7a4fec66-b110-4b14-ad62-fc9b7d6082f7
07-03 23:10:11.419  1203  1203 D SearchTargetUtil: layoutType=short_icon_row resultType=131072 packageName=com.google.android.googlequicksearchbox extras=Bundle{suggestion_type=33,suggest_truncate_start=false,is_answer=false,is_entity=false,is_personal=false,suggest_raw_text=nyt connections hints,input_query=android.app.search.Query@de5d65c,group_id=web5616310,response_id=9f203878-8ccb-4849-8a81-744f6dda8c83,support_query_builder=false,} searchAction=nyt connections hints searchActionExtras=Bundle{learn_more_url=https://support.google.com/websearch/answer/106230?hl=106230,suggestion_action_text=Report this,should_start_for_result=true,allow_pinning=true,skip_logging_in_target_handler=true,suggestion_action_rpc=2,}ParentID: null targetID: cd499e2c-6f3a-4029-b3ff-bd02a14ab045
07-03 23:10:11.419  1203  1203 D SearchTargetUtil: layoutType=short_icon_row resultType=131072 packageName=com.google.android.googlequicksearchbox extras=Bundle{suggestion_type=33,suggest_truncate_start=false,is_answer=false,is_entity=false,is_personal=false,suggest_raw_text=pittsburgh steelers,input_query=android.app.search.Query@de5d65c,group_id=web5616310,response_id=9f203878-8ccb-4849-8a81-744f6dda8c83,support_query_builder=false,} searchAction=pittsburgh steelers searchActionExtras=Bundle{learn_more_url=https://support.google.com/websearch/answer/106230?hl=106230,suggestion_action_text=Report this,should_start_for_result=true,allow_pinning=true,skip_logging_in_target_handler=true,suggestion_action_rpc=2,}ParentID: null targetID: bebaada5-e52a-490c-97b2-da8589e24678
07-03 23:10:11.428   387   387 E SurfaceFlinger: Out of order buffers detected for RequestedLayerState{com.google.android.apps.nexuslauncher/com.google.android.apps.nexuslauncher.NexusLauncherActivity#297 parentId=101} producedId=17 frameNumber=98 -> producedId=17 frameNumber=6
07-03 23:10:11.445   387   387 E SurfaceFlinger: Out of order buffers detected for RequestedLayerState{com.google.android.apps.nexuslauncher/com.google.android.apps.nexuslauncher.NexusLauncherActivity#297 parentId=101} producedId=17 frameNumber=98 -> producedId=17 frameNumber=7
07-03 23:10:11.462   387   387 E SurfaceFlinger: Out of order buffers detected for RequestedLayerState{com.google.android.apps.nexuslauncher/com.google.android.apps.nexuslauncher.NexusLauncherActivity#297 parentId=101} producedId=17 frameNumber=98 -> producedId=17 frameNumber=8
07-03 23:10:11.478   387   387 E SurfaceFlinger: Out of order buffers detected for RequestedLayerState{com.google.android.apps.nexuslauncher/com.google.android.apps.nexuslauncher.NexusLauncherActivity#297 parentId=101} producedId=17 frameNumber=98 -> producedId=17 frameNumber=9
07-03 23:10:11.495   387   387 E SurfaceFlinger: Out of order buffers detected for RequestedLayerState{com.google.android.apps.nexuslauncher/com.google.android.apps.nexuslauncher.NexusLauncherActivity#297 parentId=101} producedId=17 frameNumber=98 -> producedId=17 frameNumber=10
07-03 23:10:11.512   387   387 E SurfaceFlinger: Out of order buffers detected for RequestedLayerState{com.google.android.apps.nexuslauncher/com.google.android.apps.nexuslauncher.NexusLauncherActivity#297 parentId=101} producedId=17 frameNumber=98 -> producedId=17 frameNumber=11
07-03 23:10:11.528   387   387 E SurfaceFlinger: Out of order buffers detected for RequestedLayerState{com.google.android.apps.nexuslauncher/com.google.android.apps.nexuslauncher.NexusLauncherActivity#297 parentId=101} producedId=17 frameNumber=98 -> producedId=17 frameNumber=12
07-03 23:10:11.545   387   387 E SurfaceFlinger: Out of order buffers detected for RequestedLayerState{com.google.android.apps.nexuslauncher/com.google.android.apps.nexuslauncher.NexusLauncherActivity#297 parentId=101} producedId=17 frameNumber=98 -> producedId=17 frameNumber=13
07-03 23:10:11.562   387   387 E SurfaceFlinger: Out of order buffers detected for RequestedLayerState{com.google.android.apps.nexuslauncher/com.google.android.apps.nexuslauncher.NexusLauncherActivity#297 parentId=101} producedId=17 frameNumber=98 -> producedId=17 frameNumber=14
07-03 23:10:11.578   387   387 E SurfaceFlinger: Out of order buffers detected for RequestedLayerState{com.google.android.apps.nexuslauncher/com.google.android.apps.nexuslauncher.NexusLauncherActivity#297 parentId=101} producedId=17 frameNumber=98 -> producedId=17 frameNumber=15
07-03 23:10:11.595   387   387 E SurfaceFlinger: Out of order buffers detected for RequestedLayerState{com.google.android.apps.nexuslauncher/com.google.android.apps.nexuslauncher.NexusLauncherActivity#297 parentId=101} producedId=17 frameNumber=98 -> producedId=17 frameNumber=16
07-03 23:10:11.601  1203  1500 D EGL_emulation: app_time_stats: avg=13.81ms min=0.47ms max=368.82ms count=40
07-03 23:10:11.612   387   387 E SurfaceFlinger: Out of order buffers detected for RequestedLayerState{com.google.android.apps.nexuslauncher/com.google.android.apps.nexuslauncher.NexusLauncherActivity#297 parentId=101} producedId=17 frameNumber=98 -> producedId=17 frameNumber=17
07-03 23:10:11.628   387   387 E SurfaceFlinger: Out of order buffers detected for RequestedLayerState{com.google.android.apps.nexuslauncher/com.google.android.apps.nexuslauncher.NexusLauncherActivity#297 parentId=101} producedId=17 frameNumber=98 -> producedId=17 frameNumber=18
07-03 23:10:11.645   387   387 E SurfaceFlinger: Out of order buffers detected for RequestedLayerState{com.google.android.apps.nexuslauncher/com.google.android.apps.nexuslauncher.NexusLauncherActivity#297 parentId=101} producedId=17 frameNumber=98 -> producedId=17 frameNumber=19
07-03 23:10:11.650  1203  1203 D SsBaseTemplateCard: No text view can be set up
07-03 23:10:11.651  1203  1203 D SsBaseTemplateCard: Passed-in item info is null
07-03 23:10:11.651  1203  1203 D SsBaseTemplateCard: Passed-in item info is null
07-03 23:10:11.651  1203  1203 D SsBaseTemplateCard: Passed-in item info is null
07-03 23:10:11.651  1203  1203 I SsBaseTemplateCard: Secondary card pane is null
07-03 23:10:11.653   919   960 V WindowManagerShell: Transition animation finished (aborted=false), notifying core (#55) android.os.BinderProxy@bed5560@0
07-03 23:10:11.654   540   570 V WindowManager: Finish Transition (#55): created at 07-03 23:10:11.292 collect-started=0.022ms request-sent=0.038ms started=5.752ms ready=20.895ms sent=22.484ms finished=361.272ms
07-03 23:10:11.658   540   568 W UserManagerService: Requested status bar icon for non-badged user 0
07-03 23:10:11.659   540   568 W UserManagerService: Requested status bar icon for non-badged user 0
07-03 23:10:11.659  1203  1203 I TopTaskTracker: onTaskRemoved: taskId=25
07-03 23:10:11.660  1203  1203 I TopTaskTracker: onTaskRemoved: taskId=25
07-03 23:10:11.661   919   960 V WindowManagerShell: Track 0 became idle
07-03 23:10:11.661   919   960 V WindowManagerShell: All active transition animations finished
07-03 23:10:11.662   387   387 E SurfaceFlinger: Out of order buffers detected for RequestedLayerState{com.google.android.apps.nexuslauncher/com.google.android.apps.nexuslauncher.NexusLauncherActivity#297 parentId=101} producedId=17 frameNumber=98 -> producedId=17 frameNumber=20
07-03 23:10:11.678   387   387 E SurfaceFlinger: Out of order buffers detected for RequestedLayerState{com.google.android.apps.nexuslauncher/com.google.android.apps.nexuslauncher.NexusLauncherActivity#297 parentId=101} producedId=17 frameNumber=98 -> producedId=17 frameNumber=21
07-03 23:10:11.695   387   387 E SurfaceFlinger: Out of order buffers detected for RequestedLayerState{com.google.android.apps.nexuslauncher/com.google.android.apps.nexuslauncher.NexusLauncherActivity#297 parentId=101} producedId=17 frameNumber=98 -> producedId=17 frameNumber=22
07-03 23:10:11.712   387   387 E SurfaceFlinger: Out of order buffers detected for RequestedLayerState{com.google.android.apps.nexuslauncher/com.google.android.apps.nexuslauncher.NexusLauncherActivity#297 parentId=101} producedId=17 frameNumber=98 -> producedId=17 frameNumber=23
07-03 23:10:11.728   387   387 E SurfaceFlinger: Out of order buffers detected for RequestedLayerState{com.google.android.apps.nexuslauncher/com.google.android.apps.nexuslauncher.NexusLauncherActivity#297 parentId=101} producedId=17 frameNumber=98 -> producedId=17 frameNumber=24
07-03 23:10:11.745   387   387 E SurfaceFlinger: Out of order buffers detected for RequestedLayerState{com.google.android.apps.nexuslauncher/com.google.android.apps.nexuslauncher.NexusLauncherActivity#297 parentId=101} producedId=17 frameNumber=98 -> producedId=17 frameNumber=25
07-03 23:10:11.762   387   387 E SurfaceFlinger: Out of order buffers detected for RequestedLayerState{com.google.android.apps.nexuslauncher/com.google.android.apps.nexuslauncher.NexusLauncherActivity#297 parentId=101} producedId=17 frameNumber=98 -> producedId=17 frameNumber=26
07-03 23:10:11.778   387   387 E SurfaceFlinger: Out of order buffers detected for RequestedLayerState{com.google.android.apps.nexuslauncher/com.google.android.apps.nexuslauncher.NexusLauncherActivity#297 parentId=101} producedId=17 frameNumber=98 -> producedId=17 frameNumber=27
07-03 23:10:11.793   540   573 W ActivityTaskManager: Activity top resumed state loss timeout for ActivityRecord{b9d4a2b u0 com.anonymous.cellphoneApp/.MainActivity t-1 f}}
07-03 23:10:11.795   387   387 E SurfaceFlinger: Out of order buffers detected for RequestedLayerState{com.google.android.apps.nexuslauncher/com.google.android.apps.nexuslauncher.NexusLauncherActivity#297 parentId=101} producedId=17 frameNumber=98 -> producedId=17 frameNumber=28
07-03 23:10:11.812   387   387 E SurfaceFlinger: Out of order buffers detected for RequestedLayerState{com.google.android.apps.nexuslauncher/com.google.android.apps.nexuslauncher.NexusLauncherActivity#297 parentId=101} producedId=17 frameNumber=98 -> producedId=17 frameNumber=29
07-03 23:10:11.828   387   387 E SurfaceFlinger: Out of order buffers detected for RequestedLayerState{com.google.android.apps.nexuslauncher/com.google.android.apps.nexuslauncher.NexusLauncherActivity#297 parentId=101} producedId=17 frameNumber=98 -> producedId=17 frameNumber=30
07-03 23:10:11.845   387   387 E SurfaceFlinger: Out of order buffers detected for RequestedLayerState{com.google.android.apps.nexuslauncher/com.google.android.apps.nexuslauncher.NexusLauncherActivity#297 parentId=101} producedId=17 frameNumber=98 -> producedId=17 frameNumber=31
07-03 23:10:11.862   387   387 E SurfaceFlinger: Out of order buffers detected for RequestedLayerState{com.google.android.apps.nexuslauncher/com.google.android.apps.nexuslauncher.NexusLauncherActivity#297 parentId=101} producedId=17 frameNumber=98 -> producedId=17 frameNumber=32
07-03 23:10:11.878   387   387 E SurfaceFlinger: Out of order buffers detected for RequestedLayerState{com.google.android.apps.nexuslauncher/com.google.android.apps.nexuslauncher.NexusLauncherActivity#297 parentId=101} producedId=17 frameNumber=98 -> producedId=17 frameNumber=33
07-03 23:10:11.895   387   387 E SurfaceFlinger: Out of order buffers detected for RequestedLayerState{com.google.android.apps.nexuslauncher/com.google.android.apps.nexuslauncher.NexusLauncherActivity#297 parentId=101} producedId=17 frameNumber=98 -> producedId=17 frameNumber=34
07-03 23:10:11.912   387   387 E SurfaceFlinger: Out of order buffers detected for RequestedLayerState{com.google.android.apps.nexuslauncher/com.google.android.apps.nexuslauncher.NexusLauncherActivity#297 parentId=101} producedId=17 frameNumber=98 -> producedId=17 frameNumber=35
07-03 23:10:11.928   387   387 E SurfaceFlinger: Out of order buffers detected for RequestedLayerState{com.google.android.apps.nexuslauncher/com.google.android.apps.nexuslauncher.NexusLauncherActivity#297 parentId=101} producedId=17 frameNumber=98 -> producedId=17 frameNumber=36
07-03 23:10:11.945   387   387 E SurfaceFlinger: Out of order buffers detected for RequestedLayerState{com.google.android.apps.nexuslauncher/com.google.android.apps.nexuslauncher.NexusLauncherActivity#297 parentId=101} producedId=17 frameNumber=98 -> producedId=17 frameNumber=37
07-03 23:10:11.962   387   387 E SurfaceFlinger: Out of order buffers detected for RequestedLayerState{com.google.android.apps.nexuslauncher/com.google.android.apps.nexuslauncher.NexusLauncherActivity#297 parentId=101} producedId=17 frameNumber=98 -> producedId=17 frameNumber=38
07-03 23:10:12.065  1090  1090 D CarrierSvcBindHelper: onPackageModified: com.anonymous.cellphoneApp
07-03 23:10:12.066   540   881 D ShortcutService: received package broadcast intent: Intent { act=android.intent.action.PACKAGE_CHANGED dat=package: flg=0x45000010 (has extras) }
07-03 23:10:12.068   540   881 D ShortcutService: changing package: com.anonymous.cellphoneApp userId0
07-03 23:10:12.068   540   881 D ShortcutService: handlePackageChanged: com.anonymous.cellphoneApp user=0
07-03 23:10:12.068   540   881 D ShortcutService: rescanPackageIfNeeded 0@com.anonymous.cellphoneApp, forceRescan=true , isNewApp=true
07-03 23:10:12.068   540   881 D ShortcutService: Package com.anonymous.cellphoneApp has 0 manifest shortcut(s), and 0 share target(s)
07-03 23:10:12.071   919   919 D ControlsListingControllerImpl: ServiceConfig reloaded, count: 0
07-03 23:10:12.072  1090  1090 D CarrierSvcBindHelper: No carrier app for: 0
07-03 23:10:12.078   920  8721 I PermissionControllerServiceImpl: Updating user sensitive for uid 10209
07-03 23:10:12.080  1090  1090 E SmsApplication: com.google.android.apps.messaging lost android:read_cell_broadcasts:  (fixing)
07-03 23:10:12.081   540  2702 W AppOpService: Ignored setUidMode call for runtime permission app op: uid = 10140, code = READ_CELL_BROADCASTS, mode = allow, callingUid = 1001, oldMode = allow
07-03 23:10:12.083  1090  1090 E CellBroadcastUtils: getDefaultCellBroadcastReceiverPackageName: no package found
07-03 23:10:12.084   540  2702 W AppOpService: Ignored setUidMode call for runtime permission app op: uid = 1001, code = READ_SMS, mode = allow, callingUid = 1001, oldMode = allow
07-03 23:10:12.084   540  2702 W AppOpService: Ignored setUidMode call for runtime permission app op: uid = 1001, code = RECEIVE_SMS, mode = allow, callingUid = 1001, oldMode = allow
07-03 23:10:12.084   540  2702 W AppOpService: Ignored setUidMode call for runtime permission app op: uid = 1001, code = RECEIVE_WAP_PUSH, mode = allow, callingUid = 1001, oldMode = allow
07-03 23:10:12.084   540  2702 W AppOpService: Ignored setUidMode call for runtime permission app op: uid = 1001, code = SEND_SMS, mode = allow, callingUid = 1001, oldMode = allow
07-03 23:10:12.085   540  2702 W AppOpService: Ignored setUidMode call for runtime permission app op: uid = 1001, code = READ_CELL_BROADCASTS, mode = allow, callingUid = 1001, oldMode = allow
07-03 23:10:12.088  1090  1322 D ImsResolver: maybeAddedImsService, packageName: com.anonymous.cellphoneApp
07-03 23:10:12.089   540   665 I RoleService: Granting default roles...
07-03 23:10:12.090   540  1008 W Role    : Default holder doesn't have required signing certificate: com.google.android.retaildemo:6547c73dee150c103980bfdffe55cc9a011d785dd694a5f99afd8205bcaf1f80
07-03 23:10:12.090   540  1008 E RoleControllerServiceImpl: Default/fallback role holder package doesn't qualify for the role, package: com.google.android.gms.supervision, role: android.app.role.SYSTEM_SUPERVISION
07-03 23:10:12.091   540  1008 W Role    : Default holder doesn't have required signing certificate: com.google.android.apps.work.clouddpc:23962F4B43B9857638EA66F4D419518EAE282491ACDA4B94707BD59003C45E58
07-03 23:10:12.109   540  1008 E RoleControllerServiceImpl: Default/fallback role holder package doesn't qualify for the role, package: com.google.android.gms, role: android.app.role.WALLET
07-03 23:10:12.112   540  1008 E RoleControllerServiceImpl: Default/fallback role holder package doesn't qualify for the role, package: com.google.android.devicelockcontroller, role: android.app.role.SYSTEM_FINANCED_DEVICE_CONTROLLER
07-03 23:10:12.120   540   581 W MagnificationConnectionManager: requestConnection duplicated request: connect=false, mConnectionState=DISCONNECTED
07-03 23:10:12.121  1203  1227 D PackageUpdatedTask: Package updated: mOp=UPDATE packages=[com.anonymous.cellphoneApp]
07-03 23:10:12.121   540   540 W IPCThreadState: Sending oneway calls to frozen process.
07-03 23:10:12.122  1427  1427 I AiAiEcho: AppFetcherImpl onPackageChanged com.anonymous.cellphoneApp.
07-03 23:10:12.123  1427  8796 I AiAiEcho: AppIndexer Package:[com.anonymous.cellphoneApp] UserProfile:[0] Enabled:[true].
07-03 23:10:12.123  1427  8796 I AiAiEcho: AppFetcherImplV2 updateApps package:[com.anonymous.cellphoneApp], userId:[0], reason:[package is updated.].
07-03 23:10:12.134  1203  1203 D StatsLog: LAUNCHER_ALLAPPS_COUNT
07-03 23:10:12.162   387   387 E SurfaceFlinger: Out of order buffers detected for RequestedLayerState{com.google.android.apps.nexuslauncher/com.google.android.apps.nexuslauncher.NexusLauncherActivity#297 parentId=101} producedId=17 frameNumber=98 -> producedId=17 frameNumber=39
07-03 23:10:13.801   540  2738 E TaskPersister: File error accessing recents directory (directory doesn't exist?).
07-03 23:10:13.911   919  1059 D EGL_emulation: app_time_stats: avg=13891.73ms min=13891.73ms max=13891.73ms count=1
07-03 23:10:15.826  5338  5338 I Finsky  : [2] SCH: job service start with id 9257.
07-03 23:10:15.837  5338  8697 I Finsky  : [217] SCH: Satisfied jobs for 9257 are: 12-1
07-03 23:10:15.840  5338  8859 I Finsky  : [225] SCH: Job 12-1 starting
07-03 23:10:15.841  5338  5338 I Finsky  : [2] [ContentSync] job started
07-03 23:10:15.870   540   832 D WifiConfigStore: Writing to stores completed in 19 ms.
07-03 23:10:15.872   540  1647 D WifiMemoryStoreImpl: Set cluster G6bbe8b9ea4b65661 for W44cd617d0af40e9a: SUCCESS
07-03 23:10:15.876  5338  8860 I Finsky  : [226] App states replicator found 5 unowned apps
07-03 23:10:15.878  5338  8860 I Finsky  : [226] Completed 0 account content syncs with 0 successful.
07-03 23:10:15.878  5338  5338 I Finsky  : [2] [ContentSync] Installation state replication succeeded.
07-03 23:10:15.878  5338  5338 I Finsky  : [2] SCH: jobFinished: 12-1. TimeElapsed: 37ms.
07-03 23:10:15.884   540  1647 D WifiMemoryStoreImpl: Set cluster G6bbe8b9ea4b65661 for W6bbe8b9ea4b65661: SUCCESS
07-03 23:10:15.890  5338  5354 W android.vending: Missing inline cache for java.lang.Object mqt.apply(java.lang.Object)
07-03 23:10:15.890  5338  5354 W android.vending: Missing inline cache for java.lang.Object mqt.apply(java.lang.Object)
07-03 23:10:15.890  5338  5354 W android.vending: Missing inline cache for java.lang.Object mqt.apply(java.lang.Object)
07-03 23:10:15.890  5338  5354 W android.vending: Missing inline cache for java.lang.Object mqt.apply(java.lang.Object)
07-03 23:10:15.891  5338  5354 W android.vending: Missing inline cache for java.lang.Object mqt.apply(java.lang.Object)
07-03 23:10:15.894  5338  5377 I Finsky  : [56] SCH: Scheduling phonesky job Id: 1-1337, CT: 1751592702462, Constraints: [{ L: 33743369, D: 76943369, C: CHARGING_NONE, I: IDLE_NONE, N: NET_ANY, B: BATTERY_ANY }]
07-03 23:10:15.899  5338  5393 I Finsky  : [68] SCH: Scheduling 1 system job(s)
07-03 23:10:15.899  5338  5393 I Finsky  : [68] SCH: Scheduling system job Id: 9259, L: 27829932, D: 71029932, C: false, I: false, N: 1
07-03 23:10:15.903  5338  8859 I Finsky  : [225] SCH: job service finished with id 9257.
07-03 23:10:15.905  5338  5338 I Finsky  : [2] Memory trim requested to level 40
07-03 23:10:15.905  5338  5338 I Finsky  : [2] Flushing in-memory image cache
07-03 23:10:17.871   540   897 D androidtc: Initializing SystemTextClassifier, type = System
07-03 23:10:17.879   919   919 I ClipboardListener: Clipboard overlay suppressed.
07-03 23:10:17.880  1427  1427 I AiAiTextClassifier: onCreateTextClassificationSession = TextClassificationSessionId {0481a1ea-3fd8-4e7f-a955-f76c027e51d3}
07-03 23:10:17.881  1427  1663 I AiAiTranslate: C2T - not in a conversation
07-03 23:10:17.889  1427  1676 I AiAiTextClassifier: GenerateLinks did not find valid links, returning empty result
07-03 23:10:17.890   919   919 I ClipboardListener: Clipboard overlay suppressed.
07-03 23:10:17.892  1427  1676 I AiAiTextClassifier: GenerateLinks did not find valid links, returning empty result
07-03 23:10:18.985   540  1647 W OptProp : Cannot read opt property android.window.PROPERTY_COMPAT_ALLOW_USER_ASPECT_RATIO_OVERRIDE
07-03 23:10:18.988   540  1647 W OptProp : Cannot read opt property android.window.PROPERTY_COMPAT_ALLOW_USER_ASPECT_RATIO_FULLSCREEN_OVERRIDE
07-03 23:10:18.988   540  1647 W OptProp : Cannot read opt property android.window.PROPERTY_COMPAT_ALLOW_ORIENTATION_OVERRIDE
07-03 23:10:18.988   540  1647 V GrammaticalInflectionUtils: AttributionSource: android.content.AttributionSource@4d4fc772 does not have READ_SYSTEM_GRAMMATICAL_GENDER permission.
07-03 23:10:18.988   540  1647 W OptProp : Cannot read opt property android.window.PROPERTY_COMPAT_ALLOW_RESIZEABLE_ACTIVITY_OVERRIDES
07-03 23:10:18.988   540  1647 W OptProp : Cannot read opt property android.window.PROPERTY_COMPAT_ALLOW_MIN_ASPECT_RATIO_OVERRIDE
07-03 23:10:19.004  1203  1500 D EGL_emulation: app_time_stats: avg=190.73ms min=1.31ms max=6854.55ms count=39
07-03 23:10:19.006   382   649 D audioserver: logFgsApiBegin: FGS Logger Transaction failed, -129
07-03 23:10:19.007   540  2702 W AS.PlaybackActivityMon: No piid assigned for invalid/internal port id 16
07-03 23:10:19.012   387   387 E SurfaceFlinger: Out of order buffers detected for RequestedLayerState{com.google.android.apps.nexuslauncher/com.google.android.apps.nexuslauncher.NexusLauncherActivity#297 parentId=101} producedId=17 frameNumber=98 -> producedId=17 frameNumber=40
07-03 23:10:19.056   540  1647 I ActivityTaskManager: START u0 {act=android.intent.action.MAIN cat=[android.intent.category.LAUNCHER] flg=0x10200000 cmp=com.anonymous.cellphoneApp/.MainActivity bnds=[540,667][787,995]} with LAUNCH_SINGLE_TASK from uid 10176 (BAL_ALLOW_VISIBLE_WINDOW) result code=0
07-03 23:10:19.058  1203  1203 D StatsLog: LAUNCHER_APP_LAUNCH_TAP
07-03 23:10:19.059  1203  1203 D StatsLog: LAUNCHER_HOTSEAT_RANKED
07-03 23:10:19.062   919   960 V WindowManagerShell: Transition requested (#56): android.os.BinderProxy@407ccb7 TransitionRequestInfo { type = OPEN, triggerTask = TaskInfo{userId=0 taskId=26 displayId=0 isRunning=true baseIntent=Intent { act=android.intent.action.MAIN cat=[android.intent.category.LAUNCHER] flg=0x10200000 cmp=com.anonymous.cellphoneApp/.MainActivity } baseActivity=ComponentInfo{com.anonymous.cellphoneApp/com.anonymous.cellphoneApp.MainActivity} topActivity=ComponentInfo{com.anonymous.cellphoneApp/com.anonymous.cellphoneApp.MainActivity} origActivity=null realActivity=ComponentInfo{com.anonymous.cellphoneApp/com.anonymous.cellphoneApp.MainActivity} numActivities=1 lastActiveTime=5624051 supportsMultiWindow=true resizeMode=1 isResizeable=true minWidth=-1 minHeight=-1 defaultMinSize=220 token=WCT{android.window.IWindowContainerToken$Stub$Proxy@43c1c24} topActivityType=1 pictureInPictureParams=null shouldDockBigOverlays=false launchIntoPipHostTaskId=-1 lastParentTaskIdBeforePip=-1 displayCutoutSafeInsets=null topActivityInfo=ActivityInfo{603238d com.anonymous.cellphoneApp.MainActivity} launchCookies=[android.os.BinderProxy@394942] positionInParent=Point(0, 0) parentTaskId=-1 isFocused=false isVisible=false isVisibleRequested=false isSleeping=false locusId=null displayAreaFeatureId=1 isTopActivityTransparent=false appCompatTaskInfo=AppCompatTaskInfo { topActivityInSizeCompat=false topActivityEligibleForLetterboxEducation= falseisLetterboxEducationEnabled= true isLetterboxDoubleTapEnabled= false topActivityEligibleForUserAspectRatioButton= false topActivityBoundsLetterboxed= false isFromLetterboxDoubleTap= false topActivityLetterboxVerticalPosition= -1 topActivityLetterboxHorizontalPosition= -1 topActivityLetterboxWidth=1080 topActivityLetterboxHeight=2400 isUserFullscreenOverrideEnabled=false isSystemFullscreenOverrideEnabled=false cameraCompatTaskInfo=CameraCompatTaskInfo { cameraCompatControlState=hidden freeformCameraCompatMode=inactive}}}, pipTask = null, remoteTransition = RemoteTransition { remoteTransition = android.window.IRemoteTransition$Stub$Proxy@7c27d53, appThread = android.app.IApplicationThread$Stub$Proxy@130d690, debugName = QuickstepLaunch }, displayChange = null, flags = 0, debugId = 56 }
07-03 23:10:19.062   919   960 V WindowManagerShell: RemoteTransition directly requested for (#56) android.os.BinderProxy@407ccb7: RemoteTransition { remoteTransition = android.window.IRemoteTransition$Stub$Proxy@7c27d53, appThread = android.app.IApplicationThread$Stub$Proxy@130d690, debugName = QuickstepLaunch }
07-03 23:10:19.064   382   514 D AudioFlinger: mixer(0xb4000076c4e428e0) throttle end: throttle time(34)
07-03 23:10:19.064  1203  1203 W SplitSelectStateCtor: Missing session instanceIds
07-03 23:10:19.064  1203  1203 D StatsLog: LAUNCHER_SPLIT_SELECTION_EXIT_INTERRUPTED
07-03 23:10:19.066   540   573 V GrammaticalInflectionUtils: AttributionSource: android.content.AttributionSource@4d4fc772 does not have READ_SYSTEM_GRAMMATICAL_GENDER permission.
07-03 23:10:19.072  1203  1203 I TopTaskTracker: onTaskMovedToFront: (moved taskInfo to front) taskId=26, baseIntent=Intent { act=android.intent.action.MAIN cat=[android.intent.category.LAUNCHER] flg=0x10200000 cmp=com.anonymous.cellphoneApp/.MainActivity }
07-03 23:10:19.072  1203  1227 D QuickstepModelDelegate: notifyAppTargetEvent action=1 launchLocation=all-apps
07-03 23:10:19.078   387   387 E SurfaceFlinger: Out of order buffers detected for RequestedLayerState{com.google.android.apps.nexuslauncher/com.google.android.apps.nexuslauncher.NexusLauncherActivity#297 parentId=101} producedId=17 frameNumber=98 -> producedId=17 frameNumber=41
07-03 23:10:19.078   387   387 I BpBinder: onLastStrongRef automatically unlinking death recipients: 
07-03 23:10:19.092   326   326 D Zygote  : Forked child process 8867
07-03 23:10:19.095   387   387 E SurfaceFlinger: Out of order buffers detected for RequestedLayerState{com.google.android.apps.nexuslauncher/com.google.android.apps.nexuslauncher.NexusLauncherActivity#297 parentId=101} producedId=17 frameNumber=98 -> producedId=17 frameNumber=42
07-03 23:10:19.104  8867  8867 I us.cellphoneApp: Late-enabling -Xcheck:jni
07-03 23:10:19.108   540  2702 D CoreBackPreview: Window{e90e41 u0 Splash Screen com.anonymous.cellphoneApp}: Setting back callback OnBackInvokedCallbackInfo{mCallback=android.window.IOnBackInvokedCallback$Stub$Proxy@d280927, mPriority=0, mIsAnimationCallback=false}
07-03 23:10:19.112   387   387 E SurfaceFlinger: Out of order buffers detected for RequestedLayerState{com.google.android.apps.nexuslauncher/com.google.android.apps.nexuslauncher.NexusLauncherActivity#297 parentId=101} producedId=17 frameNumber=98 -> producedId=17 frameNumber=43
07-03 23:10:19.116   540   583 I ActivityManager: Start proc 8867:com.anonymous.cellphoneApp/u0a209 for next-top-activity {com.anonymous.cellphoneApp/com.anonymous.cellphoneApp.MainActivity}
07-03 23:10:19.127   540   583 W ActivityManager: Slow operation: 57ms so far, now at startProcess: done updating pids map
07-03 23:10:19.128   387   387 E SurfaceFlinger: Out of order buffers detected for RequestedLayerState{com.google.android.apps.nexuslauncher/com.google.android.apps.nexuslauncher.NexusLauncherActivity#297 parentId=101} producedId=17 frameNumber=98 -> producedId=17 frameNumber=44
07-03 23:10:19.134  8867  8867 I us.cellphoneApp: Using CollectorTypeCMC GC.
07-03 23:10:19.138  1937  1948 I adbd    : jdwp connection from 8867
07-03 23:10:19.145   387   387 E SurfaceFlinger: Out of order buffers detected for RequestedLayerState{com.google.android.apps.nexuslauncher/com.google.android.apps.nexuslauncher.NexusLauncherActivity#297 parentId=101} producedId=17 frameNumber=98 -> producedId=17 frameNumber=45
07-03 23:10:19.150   919  1352 V WindowManagerShell: onTransitionReady(transaction=2319282341574)
07-03 23:10:19.150   919   960 V WindowManagerShell: onTransitionReady (#56) android.os.BinderProxy@407ccb7: {id=56 t=OPEN f=0x0 trk=0 r=[0@Point(0, 0)] c=[{WCT{android.window.IWindowContainerToken$Stub$Proxy@cb18ad8} m=OPEN f=NONE leash=Surface(name=Task=26)/@0x42c7bb5 sb=Rect(0, 0 - 1080, 2400) eb=Rect(0, 0 - 1080, 2400) d=0 taskParent=-1},{WCT{android.window.IWindowContainerToken$Stub$Proxy@af61e31} m=TO_BACK f=SHOW_WALLPAPER leash=Surface(name=Task=1)/@0x7a0024a sb=Rect(0, 0 - 1080, 2400) eb=Rect(0, 0 - 1080, 2400) d=0 taskParent=-1}]}
07-03 23:10:19.151   919   960 V WindowManagerShell: Playing animation for (#56) android.os.BinderProxy@407ccb7@0
07-03 23:10:19.151   919   960 V WindowManagerShell:  try firstHandler com.android.wm.shell.transition.DefaultMixedHandler@acba656
07-03 23:10:19.152   919   960 V WindowManagerShell: Mixed transition for opening an intent with a remote transition and PIP #56
07-03 23:10:19.152   919   960 V WindowManagerShell:  Delegate animation for (#56) to RemoteTransition { remoteTransition = android.window.IRemoteTransition$Stub$Proxy@7c27d53, appThread = android.app.IApplicationThread$Stub$Proxy@130d690, debugName = QuickstepLaunch }
07-03 23:10:19.154   919   960 V WindowManagerShell:  animated by firstHandler
07-03 23:10:19.155   540   570 V WindowManager: Sent Transition (#56) createdAt=07-03 23:10:18.989 via request=TransitionRequestInfo { type = OPEN, triggerTask = TaskInfo{userId=0 taskId=26 displayId=0 isRunning=true baseIntent=Intent { act=android.intent.action.MAIN cat=[android.intent.category.LAUNCHER] flg=0x10200000 cmp=com.anonymous.cellphoneApp/.MainActivity } baseActivity=ComponentInfo{com.anonymous.cellphoneApp/com.anonymous.cellphoneApp.MainActivity} topActivity=ComponentInfo{com.anonymous.cellphoneApp/com.anonymous.cellphoneApp.MainActivity} origActivity=null realActivity=ComponentInfo{com.anonymous.cellphoneApp/com.anonymous.cellphoneApp.MainActivity} numActivities=1 lastActiveTime=5624051 supportsMultiWindow=true resizeMode=1 isResizeable=true minWidth=-1 minHeight=-1 defaultMinSize=220 token=WCT{RemoteToken{b8210c3 Task{ef4e32f #26 type=standard A=10209:com.anonymous.cellphoneApp}}} topActivityType=1 pictureInPictureParams=null shouldDockBigOverlays=false launchIntoPipHostTaskId=-1 lastParentTaskIdBeforePip=-1 displayCutoutSafeInsets=null topActivityInfo=ActivityInfo{14ebd40 com.anonymous.cellphoneApp.MainActivity} launchCookies=[android.os.BinderProxy@bb04479] positionInParent=Point(0, 0) parentTaskId=-1 isFocused=false isVisible=false isVisibleRequested=false isSleeping=false locusId=null displayAreaFeatureId=1 isTopActivityTransparent=false appCompatTaskInfo=AppCompatTaskInfo { topActivityInSizeCompat=false topActivityEligibleForLetterboxEducation= falseisLetterboxEducationEnabled= true isLetterboxDoubleTapEnabled= false topActivityEligibleForUserAspectRatioButton= false topActivityBoundsLetterboxed= false isFromLetterboxDoubleTap= false topActivityLetterboxVerticalPosition= -1 topActivityLetterboxHorizontalPosition= -1 topActivityLetterboxWidth=1080 topActivityLetterboxHeight=2400 isUserFullscreenOverrideEnabled=false isSystemFullscreenOverrideEnabled=false cameraCompatTaskInfo=CameraCompatTaskInfo { cameraCompatControlState=hidden freeformCameraCompatMode=inactive}}}, pipTask = null, remoteTransition = RemoteTransition { remoteTransition = android.window.IRemoteTransition$Stub$Proxy@d8035be, appThread = android.app.IApplicationThread$Stub$Proxy@eeaf61f, debugName = QuickstepLaunch }, displayChange = null, flags = 0, debugId = 56 }
07-03 23:10:19.155   540   570 V WindowManager:     startWCT=WindowContainerTransaction { changes = {} hops = [] errorCallbackToken=null taskFragmentOrganizer=null }
07-03 23:10:19.155   540   570 V WindowManager:     info={id=56 t=OPEN f=0x0 trk=0 r=[0@Point(0, 0)] c=[
07-03 23:10:19.155   540   570 V WindowManager:         {WCT{RemoteToken{b8210c3 Task{ef4e32f #26 type=standard A=10209:com.anonymous.cellphoneApp}}} m=OPEN f=NONE leash=Surface(name=Task=26)/@0x7774d7d sb=Rect(0, 0 - 1080, 2400) eb=Rect(0, 0 - 1080, 2400) d=0 taskParent=-1},
07-03 23:10:19.155   540   570 V WindowManager:         {WCT{RemoteToken{c514a6c Task{432ade6 #1 type=home}}} m=TO_BACK f=SHOW_WALLPAPER leash=Surface(name=Task=1)/@0x6fdd72b sb=Rect(0, 0 - 1080, 2400) eb=Rect(0, 0 - 1080, 2400) d=0 taskParent=-1}
07-03 23:10:19.155   540   570 V WindowManager:     ]}
07-03 23:10:19.157  1203  1203 D BaseDepthController: mSurface is null and mCurrentBlur is: 0
07-03 23:10:19.157  1203  1203 D BaseDepthController: mSurface is null and mCurrentBlur is: 0
07-03 23:10:19.157  1203  1203 D BaseDepthController: mSurface is null and mCurrentBlur is: 0
07-03 23:10:19.159   540  1647 W UserManagerService: Requested status bar icon for non-badged user 0
07-03 23:10:19.162   387   387 E SurfaceFlinger: Out of order buffers detected for RequestedLayerState{com.google.android.apps.nexuslauncher/com.google.android.apps.nexuslauncher.NexusLauncherActivity#297 parentId=101} producedId=17 frameNumber=98 -> producedId=17 frameNumber=46
07-03 23:10:19.163  8867  8867 D nativeloader: Load libframework-connectivity-tiramisu-jni.so using APEX ns com_android_tethering for caller /apex/com.android.tethering/javalib/framework-connectivity-t.jar: ok
07-03 23:10:19.165  1203  1203 D BaseDepthController: mSurface is null and mCurrentBlur is: 0
07-03 23:10:19.177  8867  8867 D CompatChangeReporter: Compat change id reported: 242716250; UID 10209; state: ENABLED
07-03 23:10:19.178   387   387 E SurfaceFlinger: Out of order buffers detected for RequestedLayerState{com.google.android.apps.nexuslauncher/com.google.android.apps.nexuslauncher.NexusLauncherActivity#297 parentId=101} producedId=17 frameNumber=98 -> producedId=17 frameNumber=47
07-03 23:10:19.187  8867  8867 D ApplicationLoaders: Returning zygote-cached class loader: /system/framework/org.apache.http.legacy.jar
07-03 23:10:19.187  8867  8867 W ziparchive: Unable to open '/data/app/~~-GydK_6bF4A9dsjOxWL3ow==/com.anonymous.cellphoneApp-86hah6f7cXxrkWbXkP1row==/base.dm': No such file or directory
07-03 23:10:19.188  8867  8867 W ziparchive: Unable to open '/data/app/~~-GydK_6bF4A9dsjOxWL3ow==/com.anonymous.cellphoneApp-86hah6f7cXxrkWbXkP1row==/base.dm': No such file or directory
07-03 23:10:19.195   387   387 E SurfaceFlinger: Out of order buffers detected for RequestedLayerState{com.google.android.apps.nexuslauncher/com.google.android.apps.nexuslauncher.NexusLauncherActivity#297 parentId=101} producedId=17 frameNumber=98 -> producedId=17 frameNumber=48
07-03 23:10:19.201  1203  1500 D EGL_emulation: app_time_stats: avg=1890.82ms min=3.93ms max=7435.95ms count=4
07-03 23:10:19.212   387   387 E SurfaceFlinger: Out of order buffers detected for RequestedLayerState{com.google.android.apps.nexuslauncher/com.google.android.apps.nexuslauncher.NexusLauncherActivity#297 parentId=101} producedId=17 frameNumber=98 -> producedId=17 frameNumber=49
07-03 23:10:19.222   382   514 D audioserver: logFgsApiEnd: FGS Logger Transaction failed, -129
07-03 23:10:19.228   387   387 E SurfaceFlinger: Out of order buffers detected for RequestedLayerState{com.google.android.apps.nexuslauncher/com.google.android.apps.nexuslauncher.NexusLauncherActivity#297 parentId=101} producedId=17 frameNumber=98 -> producedId=17 frameNumber=50
07-03 23:10:19.245   387   387 E SurfaceFlinger: Out of order buffers detected for RequestedLayerState{com.google.android.apps.nexuslauncher/com.google.android.apps.nexuslauncher.NexusLauncherActivity#297 parentId=101} producedId=17 frameNumber=98 -> producedId=17 frameNumber=51
07-03 23:10:19.262   387   387 E SurfaceFlinger: Out of order buffers detected for RequestedLayerState{com.google.android.apps.nexuslauncher/com.google.android.apps.nexuslauncher.NexusLauncherActivity#297 parentId=101} producedId=17 frameNumber=98 -> producedId=17 frameNumber=52
07-03 23:10:19.278   387   387 E SurfaceFlinger: Out of order buffers detected for RequestedLayerState{com.google.android.apps.nexuslauncher/com.google.android.apps.nexuslauncher.NexusLauncherActivity#297 parentId=101} producedId=17 frameNumber=98 -> producedId=17 frameNumber=53
07-03 23:10:19.295   387   387 E SurfaceFlinger: Out of order buffers detected for RequestedLayerState{com.google.android.apps.nexuslauncher/com.google.android.apps.nexuslauncher.NexusLauncherActivity#297 parentId=101} producedId=17 frameNumber=98 -> producedId=17 frameNumber=54
07-03 23:10:19.312   387   387 E SurfaceFlinger: Out of order buffers detected for RequestedLayerState{com.google.android.apps.nexuslauncher/com.google.android.apps.nexuslauncher.NexusLauncherActivity#297 parentId=101} producedId=17 frameNumber=98 -> producedId=17 frameNumber=55
07-03 23:10:19.328   387   387 E SurfaceFlinger: Out of order buffers detected for RequestedLayerState{com.google.android.apps.nexuslauncher/com.google.android.apps.nexuslauncher.NexusLauncherActivity#297 parentId=101} producedId=17 frameNumber=98 -> producedId=17 frameNumber=56
07-03 23:10:19.345   387   387 E SurfaceFlinger: Out of order buffers detected for RequestedLayerState{com.google.android.apps.nexuslauncher/com.google.android.apps.nexuslauncher.NexusLauncherActivity#297 parentId=101} producedId=17 frameNumber=98 -> producedId=17 frameNumber=57
07-03 23:10:19.362   387   387 E SurfaceFlinger: Out of order buffers detected for RequestedLayerState{com.google.android.apps.nexuslauncher/com.google.android.apps.nexuslauncher.NexusLauncherActivity#297 parentId=101} producedId=17 frameNumber=98 -> producedId=17 frameNumber=58
07-03 23:10:19.378   387   387 E SurfaceFlinger: Out of order buffers detected for RequestedLayerState{com.google.android.apps.nexuslauncher/com.google.android.apps.nexuslauncher.NexusLauncherActivity#297 parentId=101} producedId=17 frameNumber=98 -> producedId=17 frameNumber=59
07-03 23:10:19.395   387   387 E SurfaceFlinger: Out of order buffers detected for RequestedLayerState{com.google.android.apps.nexuslauncher/com.google.android.apps.nexuslauncher.NexusLauncherActivity#297 parentId=101} producedId=17 frameNumber=98 -> producedId=17 frameNumber=60
07-03 23:10:19.412   387   387 E SurfaceFlinger: Out of order buffers detected for RequestedLayerState{com.google.android.apps.nexuslauncher/com.google.android.apps.nexuslauncher.NexusLauncherActivity#297 parentId=101} producedId=17 frameNumber=98 -> producedId=17 frameNumber=61
07-03 23:10:19.428   387   387 E SurfaceFlinger: Out of order buffers detected for RequestedLayerState{com.google.android.apps.nexuslauncher/com.google.android.apps.nexuslauncher.NexusLauncherActivity#297 parentId=101} producedId=17 frameNumber=98 -> producedId=17 frameNumber=62
07-03 23:10:19.445   387   387 E SurfaceFlinger: Out of order buffers detected for RequestedLayerState{com.google.android.apps.nexuslauncher/com.google.android.apps.nexuslauncher.NexusLauncherActivity#297 parentId=101} producedId=17 frameNumber=98 -> producedId=17 frameNumber=63
07-03 23:10:19.462   387   387 E SurfaceFlinger: Out of order buffers detected for RequestedLayerState{com.google.android.apps.nexuslauncher/com.google.android.apps.nexuslauncher.NexusLauncherActivity#297 parentId=101} producedId=17 frameNumber=98 -> producedId=17 frameNumber=64
07-03 23:10:19.478   387   387 E SurfaceFlinger: Out of order buffers detected for RequestedLayerState{com.google.android.apps.nexuslauncher/com.google.android.apps.nexuslauncher.NexusLauncherActivity#297 parentId=101} producedId=17 frameNumber=98 -> producedId=17 frameNumber=65
07-03 23:10:19.486  8867  8867 D nativeloader: Configuring clns-7 for other apk /data/app/~~-GydK_6bF4A9dsjOxWL3ow==/com.anonymous.cellphoneApp-86hah6f7cXxrkWbXkP1row==/base.apk. target_sdk_version=34, uses_libraries=, library_path=/data/app/~~-GydK_6bF4A9dsjOxWL3ow==/com.anonymous.cellphoneApp-86hah6f7cXxrkWbXkP1row==/lib/arm64:/data/app/~~-GydK_6bF4A9dsjOxWL3ow==/com.anonymous.cellphoneApp-86hah6f7cXxrkWbXkP1row==/base.apk!/lib/arm64-v8a, permitted_path=/data:/mnt/expand:/data/user/0/com.anonymous.cellphoneApp
07-03 23:10:19.491  8867  8867 V GraphicsEnvironment: Currently set values for:
07-03 23:10:19.491  8867  8867 V GraphicsEnvironment:   angle_gl_driver_selection_pkgs=[]
07-03 23:10:19.491  8867  8867 V GraphicsEnvironment:   angle_gl_driver_selection_values=[]
07-03 23:10:19.491  8867  8867 V GraphicsEnvironment: Global.Settings values are invalid: number of packages: 0, number of values: 0
07-03 23:10:19.491  8867  8867 V GraphicsEnvironment: Neither updatable production driver nor prerelease driver is supported.
07-03 23:10:19.495   387   387 E SurfaceFlinger: Out of order buffers detected for RequestedLayerState{com.google.android.apps.nexuslauncher/com.google.android.apps.nexuslauncher.NexusLauncherActivity#297 parentId=101} producedId=17 frameNumber=98 -> producedId=17 frameNumber=66
07-03 23:10:19.512   387   387 E SurfaceFlinger: Out of order buffers detected for RequestedLayerState{com.google.android.apps.nexuslauncher/com.google.android.apps.nexuslauncher.NexusLauncherActivity#297 parentId=101} producedId=17 frameNumber=98 -> producedId=17 frameNumber=67
07-03 23:10:19.528   387   387 E SurfaceFlinger: Out of order buffers detected for RequestedLayerState{com.google.android.apps.nexuslauncher/com.google.android.apps.nexuslauncher.NexusLauncherActivity#297 parentId=101} producedId=17 frameNumber=98 -> producedId=17 frameNumber=68
07-03 23:10:19.539  8867  8867 D WM-WrkMgrInitializer: Initializing WorkManager with default configuration.
07-03 23:10:19.545   387   387 E SurfaceFlinger: Out of order buffers detected for RequestedLayerState{com.google.android.apps.nexuslauncher/com.google.android.apps.nexuslauncher.NexusLauncherActivity#297 parentId=101} producedId=17 frameNumber=98 -> producedId=17 frameNumber=69
07-03 23:10:19.556  8867  8867 W SoLoader: Initializing SoLoader: 0
07-03 23:10:19.556  8867  8867 W SoLoader: Recording new base apk path: /data/app/~~-GydK_6bF4A9dsjOxWL3ow==/com.anonymous.cellphoneApp-86hah6f7cXxrkWbXkP1row==/base.apk
07-03 23:10:19.556  8867  8867 W SoLoader: Previously recorded 0 base apk paths.
07-03 23:10:19.558  8867  8867 I SoLoader: Preparing SO source: DirectorySoSource[root = /vendor/lib64 flags = 2]
07-03 23:10:19.558  8867  8867 I SoLoader: Preparing SO source: DirectorySoSource[root = /system/lib64 flags = 2]
07-03 23:10:19.558  8867  8867 I SoLoader: Preparing SO source: DirectApkSoSource[root = [/data/app/~~-GydK_6bF4A9dsjOxWL3ow==/com.anonymous.cellphoneApp-86hah6f7cXxrkWbXkP1row==/base.apk!/lib/arm64-v8a]]
07-03 23:10:19.562   387   387 E SurfaceFlinger: Out of order buffers detected for RequestedLayerState{com.google.android.apps.nexuslauncher/com.google.android.apps.nexuslauncher.NexusLauncherActivity#297 parentId=101} producedId=17 frameNumber=98 -> producedId=17 frameNumber=70
07-03 23:10:19.578   387   387 E SurfaceFlinger: Out of order buffers detected for RequestedLayerState{com.google.android.apps.nexuslauncher/com.google.android.apps.nexuslauncher.NexusLauncherActivity#297 parentId=101} producedId=17 frameNumber=98 -> producedId=17 frameNumber=71
07-03 23:10:19.595   387   387 E SurfaceFlinger: Out of order buffers detected for RequestedLayerState{com.google.android.apps.nexuslauncher/com.google.android.apps.nexuslauncher.NexusLauncherActivity#297 parentId=101} producedId=17 frameNumber=98 -> producedId=17 frameNumber=72
07-03 23:10:19.612   387   387 E SurfaceFlinger: Out of order buffers detected for RequestedLayerState{com.google.android.apps.nexuslauncher/com.google.android.apps.nexuslauncher.NexusLauncherActivity#297 parentId=101} producedId=17 frameNumber=98 -> producedId=17 frameNumber=73
07-03 23:10:19.628   387   387 E SurfaceFlinger: Out of order buffers detected for RequestedLayerState{com.google.android.apps.nexuslauncher/com.google.android.apps.nexuslauncher.NexusLauncherActivity#297 parentId=101} producedId=17 frameNumber=98 -> producedId=17 frameNumber=74
07-03 23:10:19.633  8867  8867 I SoLoader: Preparing SO source: ApplicationSoSource[DirectorySoSource[root = /data/app/~~-GydK_6bF4A9dsjOxWL3ow==/com.anonymous.cellphoneApp-86hah6f7cXxrkWbXkP1row==/lib/arm64 flags = 0]]
07-03 23:10:19.633  8867  8867 I SoLoader: init finish: 4 SO sources prepared
07-03 23:10:19.633  8867  8867 W SoLoader: SoLoader initialized: 8
07-03 23:10:19.635   540  1647 I AppsFilter: interaction: PackageSetting{fafe04 com.anonymous.cellphoneApp/10209} -> PackageSetting{f5b8fed com.google.android.apps.nexuslauncher/10176} BLOCKED
07-03 23:10:19.635   540  1647 W OptProp : Cannot read opt property android.window.PROPERTY_COMPAT_ENABLE_FAKE_FOCUS
07-03 23:10:19.645   387   387 E SurfaceFlinger: Out of order buffers detected for RequestedLayerState{com.google.android.apps.nexuslauncher/com.google.android.apps.nexuslauncher.NexusLauncherActivity#297 parentId=101} producedId=17 frameNumber=98 -> producedId=17 frameNumber=75
07-03 23:10:19.661  8867  8867 D AppCompatDelegate: Checking for metadata for AppLocalesMetadataHolderService : Service not found
