07-03 23:06:00.094  1427  1614 I AiAiEcho: #postPredictionTargets: Sending updates to UISurface home with targets# 0 (types=[])
07-03 23:06:00.120  1203  1203 D SsBaseTemplateCard: No text view can be set up
07-03 23:06:00.124  1203  1203 D SsBaseTemplateCard: Passed-in item info is null
07-03 23:06:00.124  1203  1203 D SsBaseTemplateCard: Passed-in item info is null
07-03 23:06:00.124  1203  1203 D SsBaseTemplateCard: Passed-in item info is null
07-03 23:06:00.124  1203  1203 I SsBaseTemplateCard: Secondary card pane is null
07-03 23:06:00.211   919  1059 D EGL_emulation: app_time_stats: avg=6295.21ms min=6295.21ms max=6295.21ms count=1
07-03 23:06:00.214  1203  1500 D EGL_emulation: app_time_stats: avg=25166.65ms min=25166.65ms max=25166.65ms count=1
07-03 23:06:00.226   919   919 W PageIndicator: Total number of pages invalid: 0. Assuming 1 page.
07-03 23:06:00.229   387   387 E SurfaceFlinger: Out of order buffers detected for RequestedLayerState{com.google.android.apps.nexuslauncher/com.google.android.apps.nexuslauncher.NexusLauncherActivity#297 parentId=101} producedId=16 frameNumber=98 -> producedId=16 frameNumber=51
07-03 23:06:07.368  1451  1840 I BistoHotwordHelper: (REDACTED) getHotwordActive::active query: %s, watch: %s, devices connected: %s
07-03 23:06:33.877   919  1059 D EGL_emulation: app_time_stats: avg=33661.61ms min=33661.61ms max=33661.61ms count=1
07-03 23:06:35.092  1203  1500 D EGL_emulation: app_time_stats: avg=34876.18ms min=34876.18ms max=34876.18ms count=1
07-03 23:06:35.097   387   387 E SurfaceFlinger: Out of order buffers detected for RequestedLayerState{com.google.android.apps.nexuslauncher/com.google.android.apps.nexuslauncher.NexusLauncherActivity#297 parentId=101} producedId=16 frameNumber=98 -> producedId=16 frameNumber=52
07-03 23:06:35.135   540  1017 W BatteryExternalStatsWorker: error reading Bluetooth stats: 11
07-03 23:06:35.138   540  1017 D TelephonyManager: requestModemActivityInfo: Sending result to app: ModemActivityInfo{ mTimestamp=5400133 mSleepTimeMs=0 mIdleTimeMs=5400118 mActivityStatsTechSpecificInfo=[{mRat=UNKNOWN,mFrequencyRange=UNKNOWN,mTxTimeMs[]=[0, 0, 0, 0, 0],mRxTimeMs=0}]}
07-03 23:06:40.535   540  1017 W AppOps  : Noting op not finished: uid 10144 pkg com.google.android.gms code 113 startTime of in progress event=1751593280896
07-03 23:06:40.544   540  1017 W AppOps  : Noting op not finished: uid 10144 pkg com.google.android.gms code 113 startTime of in progress event=1751593280896
07-03 23:06:40.551   540  3139 W AppOps  : Noting op not finished: uid 10144 pkg com.google.android.gms code 113 startTime of in progress event=1751593280896
07-03 23:06:40.557   540  3139 W AppOps  : Noting op not finished: uid 10144 pkg com.google.android.gms code 79 startTime of in progress event=1751593280938
07-03 23:06:40.561  6342  6379 I ActivityScheduler: nextTriggerTime: 5643657, in 238100ms, detectorType: 39, FULL_TYPE alarmWindowMillis: 80000
07-03 23:06:42.445   540   839 W IPCThreadState: Sending oneway calls to frozen process.
07-03 23:06:42.447   540   839 W IPCThreadState: Sending oneway calls to frozen process.
07-03 23:06:42.449   540   839 W IPCThreadState: Sending oneway calls to frozen process.
07-03 23:06:42.449   540   839 W IPCThreadState: Sending oneway calls to frozen process.
07-03 23:06:42.450   540   839 W IPCThreadState: Sending oneway calls to frozen process.
07-03 23:06:42.450   540   839 W IPCThreadState: Sending oneway calls to frozen process.
07-03 23:06:42.451   540   839 W IPCThreadState: Sending oneway calls to frozen process.
07-03 23:06:42.452   540   839 W IPCThreadState: Sending oneway calls to frozen process.
07-03 23:06:42.456   540   839 W IPCThreadState: Sending oneway calls to frozen process.
07-03 23:06:42.457   540   839 W IPCThreadState: Sending oneway calls to frozen process.
07-03 23:06:42.457   540   839 W IPCThreadState: Sending oneway calls to frozen process.
07-03 23:06:42.466   540   839 W IPCThreadState: Sending oneway calls to frozen process.
07-03 23:06:42.467   540   839 W IPCThreadState: Sending oneway calls to frozen process.
07-03 23:06:42.469   540   839 W IPCThreadState: Sending oneway calls to frozen process.
07-03 23:06:42.471   540   839 W IPCThreadState: Sending oneway calls to frozen process.
07-03 23:06:42.499  3599  3686 I BugleRcsEngine: handleMessage processing message:[NOTIFY_UPTIME_IGNORE_STATE_CHANGED] with [non-null]:RcsEngineImpl reference [CONTEXT log_prefix="RcsEngineImpl[DUAL_REG]:[71a32029-04ca]>Handler" thread_id=68 ]
07-03 23:06:42.499  3599  3642 I BugleRcsEngine: Connected state: [1], networkType: [WIFI] [CONTEXT thread_id=63 ]
07-03 23:06:42.516  3599  3686 I BugleRcsEngine: No RCS Configuration was found in Bugle for simID: redacted-pii:sim_id[chars:20,last3:897] [CONTEXT log_prefix="ProvisioningEngineDataRetriever" thread_id=68 ]
07-03 23:06:42.519  6342  8348 I NullBinder: NullBinder for android.net.action.RECOMMEND_NETWORKS triggering remote TransactionTooLargeException due to Service without Chimera impl, calling uid: 1000, calling pid: 0
07-03 23:06:42.520  6342  8348 W .gms.persistent: Large reply transaction of 1056768 bytes, interface descriptor , code 1
07-03 23:06:54.445   540   839 W IPCThreadState: Sending oneway calls to frozen process.
07-03 23:06:54.446   540   839 W IPCThreadState: Sending oneway calls to frozen process.
07-03 23:06:54.446   540   839 W IPCThreadState: Sending oneway calls to frozen process.
07-03 23:06:54.446   540   839 W IPCThreadState: Sending oneway calls to frozen process.
07-03 23:06:54.446   540   839 W IPCThreadState: Sending oneway calls to frozen process.
07-03 23:06:54.446   540   839 W IPCThreadState: Sending oneway calls to frozen process.
07-03 23:06:54.446   540   839 W IPCThreadState: Sending oneway calls to frozen process.
07-03 23:06:54.446   540   839 W IPCThreadState: Sending oneway calls to frozen process.
07-03 23:06:54.453  3599  3686 I BugleRcsEngine: handleMessage processing message:[NOTIFY_UPTIME_IGNORE_STATE_CHANGED] with [non-null]:RcsEngineImpl reference [CONTEXT log_prefix="RcsEngineImpl[DUAL_REG]:[71a32029-04ca]>Handler" thread_id=68 ]
07-03 23:06:54.454  3599  3642 I BugleRcsEngine: Connected state: [1], networkType: [WIFI] [CONTEXT thread_id=63 ]
07-03 23:06:54.458   540   839 W IPCThreadState: Sending oneway calls to frozen process.
07-03 23:06:54.458   540   839 W IPCThreadState: Sending oneway calls to frozen process.
07-03 23:06:54.458   540   839 W IPCThreadState: Sending oneway calls to frozen process.
07-03 23:06:54.461   540   839 W IPCThreadState: Sending oneway calls to frozen process.
07-03 23:06:54.462   540   839 W IPCThreadState: Sending oneway calls to frozen process.
07-03 23:06:54.463   540   839 W IPCThreadState: Sending oneway calls to frozen process.
07-03 23:06:54.463   540   839 W IPCThreadState: Sending oneway calls to frozen process.
07-03 23:06:54.465  3599  3686 I BugleRcsEngine: No RCS Configuration was found in Bugle for simID: redacted-pii:sim_id[chars:20,last3:897] [CONTEXT log_prefix="ProvisioningEngineDataRetriever" thread_id=68 ]
07-03 23:06:54.468  6342  8348 I NullBinder: NullBinder for android.net.action.RECOMMEND_NETWORKS triggering remote TransactionTooLargeException due to Service without Chimera impl, calling uid: 1000, calling pid: 0
07-03 23:06:54.468  6342  8348 W .gms.persistent: Large reply transaction of 1056768 bytes, interface descriptor , code 1
07-03 23:07:00.026  1427  1614 I AiAiEcho: Predicting[0]:  [CONTEXT sampling_count=5 ]
07-03 23:07:00.033  1427  1614 I AiAiEcho: EchoTargets: 
07-03 23:07:00.033  1427  1614 I AiAiEcho: Filtered by AiAi flag check: 
07-03 23:07:00.033  1427  1614 I AiAiEcho: [CONTEXT ratelimit_period="10 SECONDS" ]
07-03 23:07:00.033  1427  1614 I AiAiEcho: Ranked targets strategy: SORT, count: 0, ranking metadata:  [CONTEXT ratelimit_period="10 SECONDS" ]
07-03 23:07:00.034  1427  1614 I AiAiEcho: #remoteViewsTwiddler: feature disabled.
07-03 23:07:00.034  1427  1614 I AiAiEcho: Predicting[0]:  [CONTEXT sampling_count=5 ]
07-03 23:07:00.034  1427  1614 I AiAiEcho: EchoTargets: 
07-03 23:07:00.034  1427  1614 I AiAiEcho: Filtered by AiAi flag check: 
07-03 23:07:00.034  1427  1614 I AiAiEcho: [CONTEXT ratelimit_period="10 SECONDS" ]
07-03 23:07:00.034  1427  1614 I AiAiEcho: Ranked targets strategy: SORT, count: 0, ranking metadata:  [CONTEXT ratelimit_period="10 SECONDS" ]
07-03 23:07:00.034  1427  1614 I AiAiEcho: #remoteViewsTwiddler: feature disabled.
07-03 23:07:00.035  1427  1614 I AiAiEcho: #postPredictionTargets: Sending updates to UISurface lockscreen with targets# 0 (types=[])
07-03 23:07:00.036  1427  1614 I AiAiEcho: #postPredictionTargets: Sending updates to UISurface home with targets# 0 (types=[])
07-03 23:07:00.041  1203  1203 D SsBaseTemplateCard: No text view can be set up
07-03 23:07:00.044  1203  1203 D SsBaseTemplateCard: Passed-in item info is null
07-03 23:07:00.044  1203  1203 D SsBaseTemplateCard: Passed-in item info is null
07-03 23:07:00.044  1203  1203 D SsBaseTemplateCard: Passed-in item info is null
07-03 23:07:00.044  1203  1203 I SsBaseTemplateCard: Secondary card pane is null
07-03 23:07:00.066   919  1059 D EGL_emulation: app_time_stats: avg=26177.35ms min=26177.35ms max=26177.35ms count=1
07-03 23:07:00.071   919   919 W PageIndicator: Total number of pages invalid: 0. Assuming 1 page.
07-03 23:07:00.072  1203  1500 D EGL_emulation: app_time_stats: avg=24979.34ms min=24979.34ms max=24979.34ms count=1
07-03 23:07:00.079   387   387 E SurfaceFlinger: Out of order buffers detected for RequestedLayerState{com.google.android.apps.nexuslauncher/com.google.android.apps.nexuslauncher.NexusLauncherActivity#297 parentId=101} producedId=16 frameNumber=98 -> producedId=16 frameNumber=53
07-03 23:07:04.641  8634  8634 E Parcel  : Reading a NULL string not supported here.
07-03 23:07:04.643  8634  8634 W service : type=1400 audit(0.0:279): avc:  denied  { call } for  scontext=u:r:shell:s0 tcontext=u:r:hal_authsecret_default:s0 tclass=binder permissive=0
07-03 23:07:04.647  8634  8634 W service : type=1400 audit(0.0:280): avc:  denied  { call } for  scontext=u:r:shell:s0 tcontext=u:r:hal_face_default:s0 tclass=binder permissive=0
07-03 23:07:04.648  8634  8634 E IPCThreadState: Binder transaction failure. id: 1007632, BR_*: 29201, error: -1 (Operation not permitted)
07-03 23:07:04.648  8634  8634 E IPCThreadState: Binder transaction failure. id: 1007636, BR_*: 29201, error: -1 (Operation not permitted)
07-03 23:07:04.647  8634  8634 W service : type=1400 audit(0.0:281): avc:  denied  { call } for  scontext=u:r:shell:s0 tcontext=u:r:hal_fingerprint_default:s0 tclass=binder permissive=0
07-03 23:07:04.647  8634  8634 W service : type=1400 audit(0.0:282): avc:  denied  { call } for  scontext=u:r:shell:s0 tcontext=u:r:hal_bluetooth_default:s0 tclass=binder permissive=0
07-03 23:07:04.649  8634  8634 E IPCThreadState: Binder transaction failure. id: 1007640, BR_*: 29201, error: -1 (Operation not permitted)
07-03 23:07:04.647  8634  8634 W service : type=1400 audit(0.0:283): avc:  denied  { call } for  scontext=u:r:shell:s0 tcontext=u:r:hal_audio_default:s0 tclass=binder permissive=0
07-03 23:07:04.649  8634  8634 E IPCThreadState: Binder transaction failure. id: 1007644, BR_*: 29201, error: -1 (Operation not permitted)
07-03 23:07:04.647  8634  8634 W service : type=1400 audit(0.0:284): avc:  denied  { call } for  scontext=u:r:shell:s0 tcontext=u:r:hal_camera_default:s0 tclass=binder permissive=0
07-03 23:07:04.650  8634  8634 E IPCThreadState: Binder transaction failure. id: 1007648, BR_*: 29201, error: -1 (Operation not permitted)
07-03 23:07:04.647  8634  8634 W service : type=1400 audit(0.0:285): avc:  denied  { call } for  scontext=u:r:shell:s0 tcontext=u:r:hal_camera_default:s0 tclass=binder permissive=0
07-03 23:07:04.650  8634  8634 E IPCThreadState: Binder transaction failure. id: 1007652, BR_*: 29201, error: -1 (Operation not permitted)
07-03 23:07:04.647  8634  8634 W service : type=1400 audit(0.0:286): avc:  denied  { call } for  scontext=u:r:shell:s0 tcontext=u:r:hal_contexthub_default:s0 tclass=binder permissive=0
07-03 23:07:04.651  8634  8634 E IPCThreadState: Binder transaction failure. id: 1007661, BR_*: 29201, error: -1 (Operation not permitted)
07-03 23:07:04.651  8634  8634 W service : type=1400 audit(0.0:287): avc:  denied  { call } for  scontext=u:r:shell:s0 tcontext=u:r:hal_gnss_default:s0 tclass=binder permissive=0
07-03 23:07:04.654  8634  8634 E IPCThreadState: Binder transaction failure. id: 1007670, BR_*: 29201, error: -1 (Operation not permitted)
07-03 23:07:04.654  8634  8634 E IPCThreadState: Binder transaction failure. id: 1007674, BR_*: 29201, error: -1 (Operation not permitted)
07-03 23:07:04.654  8634  8634 E IPCThreadState: Binder transaction failure. id: 1007678, BR_*: 29201, error: -1 (Operation not permitted)
07-03 23:07:04.655  8634  8634 E IPCThreadState: Binder transaction failure. id: 1007682, BR_*: 29201, error: -1 (Operation not permitted)
07-03 23:07:04.655  8634  8634 E IPCThreadState: Binder transaction failure. id: 1007686, BR_*: 29201, error: -1 (Operation not permitted)
07-03 23:07:04.668  8634  8634 E IPCThreadState: Binder transaction failure. id: 1007711, BR_*: 29201, error: -1 (Operation not permitted)
07-03 23:07:04.668  8634  8634 E IPCThreadState: Binder transaction failure. id: 1007715, BR_*: 29201, error: -1 (Operation not permitted)
07-03 23:07:04.668  8634  8634 E IPCThreadState: Binder transaction failure. id: 1007719, BR_*: 29201, error: -1 (Operation not permitted)
07-03 23:07:04.668  8634  8634 E IPCThreadState: Binder transaction failure. id: 1007723, BR_*: 29201, error: -1 (Operation not permitted)
07-03 23:07:04.668  8634  8634 E IPCThreadState: Binder transaction failure. id: 1007727, BR_*: 29201, error: -1 (Operation not permitted)
07-03 23:07:04.668  8634  8634 E IPCThreadState: Binder transaction failure. id: 1007731, BR_*: 29201, error: -1 (Operation not permitted)
07-03 23:07:04.668  8634  8634 E IPCThreadState: Binder transaction failure. id: 1007735, BR_*: 29201, error: -1 (Operation not permitted)
07-03 23:07:04.668  8634  8634 E IPCThreadState: Binder transaction failure. id: 1007739, BR_*: 29201, error: -1 (Operation not permitted)
07-03 23:07:04.668  8634  8634 E IPCThreadState: Binder transaction failure. id: 1007743, BR_*: 29201, error: -1 (Operation not permitted)
07-03 23:07:04.668  8634  8634 E IPCThreadState: Binder transaction failure. id: 1007747, BR_*: 29201, error: -1 (Operation not permitted)
07-03 23:07:04.669  8634  8634 E IPCThreadState: Binder transaction failure. id: 1007751, BR_*: 29201, error: -1 (Operation not permitted)
07-03 23:07:04.669  8634  8634 E IPCThreadState: Binder transaction failure. id: 1007755, BR_*: 29201, error: -1 (Operation not permitted)
07-03 23:07:04.670  8634  8634 E IPCThreadState: Binder transaction failure. id: 1007770, BR_*: 29201, error: -1 (Operation not permitted)
07-03 23:07:04.670  8634  8634 E IPCThreadState: Binder transaction failure. id: 1007774, BR_*: 29201, error: -1 (Operation not permitted)
07-03 23:07:04.670  8634  8634 E IPCThreadState: Binder transaction failure. id: 1007778, BR_*: 29201, error: -1 (Operation not permitted)
07-03 23:07:04.670  8634  8634 E IPCThreadState: Binder transaction failure. id: 1007782, BR_*: 29201, error: -1 (Operation not permitted)
07-03 23:07:04.670  8634  8634 E IPCThreadState: Binder transaction failure. id: 1007786, BR_*: 29201, error: -1 (Operation not permitted)
07-03 23:07:04.671  8634  8634 E IPCThreadState: Binder transaction failure. id: 1007790, BR_*: 29201, error: -1 (Operation not permitted)
07-03 23:07:04.675  8634  8634 E IPCThreadState: Binder transaction failure. id: 1007836, BR_*: 29201, error: -1 (Operation not permitted)
07-03 23:07:04.676  8634  8634 E IPCThreadState: Binder transaction failure. id: 1007840, BR_*: 29201, error: -1 (Operation not permitted)
07-03 23:07:04.676  8634  8634 E Parcel  : Reading a NULL string not supported here.
07-03 23:07:04.681  8634  8634 E Parcel  : Reading a NULL string not supported here.
07-03 23:07:04.682  8634  8634 E Parcel  : Reading a NULL string not supported here.
07-03 23:07:04.684  8634  8634 E Parcel  : Reading a NULL string not supported here.
07-03 23:07:04.688  8634  8634 E Parcel  : Reading a NULL string not supported here.
07-03 23:07:04.689  8634  8634 E Parcel  : Reading a NULL string not supported here.
07-03 23:07:04.689  8634  8634 E Parcel  : Reading a NULL string not supported here.
07-03 23:07:04.693  8634  8634 E Parcel  : Reading a NULL string not supported here.
07-03 23:07:04.693  8634  8634 E Parcel  : Reading a NULL string not supported here.
07-03 23:07:04.699  8634  8634 E Parcel  : Reading a NULL string not supported here.
07-03 23:07:04.700  8634  8634 E Parcel  : Reading a NULL string not supported here.
07-03 23:07:04.709  8634  8634 E Parcel  : Reading a NULL string not supported here.
07-03 23:07:04.710  8634  8634 E Parcel  : Reading a NULL string not supported here.
07-03 23:07:04.728  8634  8634 E Parcel  : Reading a NULL string not supported here.
07-03 23:07:04.731  8634  8634 E Parcel  : Reading a NULL string not supported here.
07-03 23:07:04.739  8634  8634 E Parcel  : Reading a NULL string not supported here.
07-03 23:07:04.742  8634  8634 E Parcel  : Reading a NULL string not supported here.
07-03 23:07:04.747  8634  8634 E Parcel  : Reading a NULL string not supported here.
07-03 23:07:04.748  8634  8634 E Parcel  : Reading a NULL string not supported here.
07-03 23:07:04.753  8634  8634 E IPCThreadState: Binder transaction failure. id: 1008936, BR_*: 29201, error: -1 (Operation not permitted)
07-03 23:07:04.808  8636  8636 E Parcel  : Reading a NULL string not supported here.
07-03 23:07:04.812  8636  8636 E IPCThreadState: Binder transaction failure. id: 1009044, BR_*: 29201, error: -1 (Operation not permitted)
07-03 23:07:04.812  8636  8636 E IPCThreadState: Binder transaction failure. id: 1009048, BR_*: 29201, error: -1 (Operation not permitted)
07-03 23:07:04.812  8636  8636 E IPCThreadState: Binder transaction failure. id: 1009052, BR_*: 29201, error: -1 (Operation not permitted)
07-03 23:07:04.812  8636  8636 E IPCThreadState: Binder transaction failure. id: 1009056, BR_*: 29201, error: -1 (Operation not permitted)
07-03 23:07:04.812  8636  8636 E IPCThreadState: Binder transaction failure. id: 1009060, BR_*: 29201, error: -1 (Operation not permitted)
07-03 23:07:04.813  8636  8636 E IPCThreadState: Binder transaction failure. id: 1009064, BR_*: 29201, error: -1 (Operation not permitted)
07-03 23:07:04.813  8636  8636 E IPCThreadState: Binder transaction failure. id: 1009068, BR_*: 29201, error: -1 (Operation not permitted)
07-03 23:07:04.813  8636  8636 E IPCThreadState: Binder transaction failure. id: 1009077, BR_*: 29201, error: -1 (Operation not permitted)
07-03 23:07:04.814  8636  8636 E IPCThreadState: Binder transaction failure. id: 1009086, BR_*: 29201, error: -1 (Operation not permitted)
07-03 23:07:04.814  8636  8636 E IPCThreadState: Binder transaction failure. id: 1009090, BR_*: 29201, error: -1 (Operation not permitted)
07-03 23:07:04.814  8636  8636 E IPCThreadState: Binder transaction failure. id: 1009094, BR_*: 29201, error: -1 (Operation not permitted)
07-03 23:07:04.814  8636  8636 E IPCThreadState: Binder transaction failure. id: 1009098, BR_*: 29201, error: -1 (Operation not permitted)
07-03 23:07:04.814  8636  8636 E IPCThreadState: Binder transaction failure. id: 1009102, BR_*: 29201, error: -1 (Operation not permitted)
07-03 23:07:04.815  8636  8636 E IPCThreadState: Binder transaction failure. id: 1009126, BR_*: 29201, error: -1 (Operation not permitted)
07-03 23:07:04.816  8636  8636 E IPCThreadState: Binder transaction failure. id: 1009130, BR_*: 29201, error: -1 (Operation not permitted)
07-03 23:07:04.816  8636  8636 E IPCThreadState: Binder transaction failure. id: 1009134, BR_*: 29201, error: -1 (Operation not permitted)
07-03 23:07:04.816  8636  8636 E IPCThreadState: Binder transaction failure. id: 1009138, BR_*: 29201, error: -1 (Operation not permitted)
07-03 23:07:04.816  8636  8636 E IPCThreadState: Binder transaction failure. id: 1009142, BR_*: 29201, error: -1 (Operation not permitted)
07-03 23:07:04.817  8636  8636 E IPCThreadState: Binder transaction failure. id: 1009146, BR_*: 29201, error: -1 (Operation not permitted)
07-03 23:07:04.817  8636  8636 E IPCThreadState: Binder transaction failure. id: 1009150, BR_*: 29201, error: -1 (Operation not permitted)
07-03 23:07:04.817  8636  8636 E IPCThreadState: Binder transaction failure. id: 1009154, BR_*: 29201, error: -1 (Operation not permitted)
07-03 23:07:04.818  8636  8636 E IPCThreadState: Binder transaction failure. id: 1009158, BR_*: 29201, error: -1 (Operation not permitted)
07-03 23:07:04.818  8636  8636 E IPCThreadState: Binder transaction failure. id: 1009162, BR_*: 29201, error: -1 (Operation not permitted)
07-03 23:07:04.818  8636  8636 E IPCThreadState: Binder transaction failure. id: 1009166, BR_*: 29201, error: -1 (Operation not permitted)
07-03 23:07:04.818  8636  8636 E IPCThreadState: Binder transaction failure. id: 1009170, BR_*: 29201, error: -1 (Operation not permitted)
07-03 23:07:04.818  8636  8636 E IPCThreadState: Binder transaction failure. id: 1009185, BR_*: 29201, error: -1 (Operation not permitted)
07-03 23:07:04.819  8636  8636 E IPCThreadState: Binder transaction failure. id: 1009189, BR_*: 29201, error: -1 (Operation not permitted)
07-03 23:07:04.819  8636  8636 E IPCThreadState: Binder transaction failure. id: 1009193, BR_*: 29201, error: -1 (Operation not permitted)
07-03 23:07:04.819  8636  8636 E IPCThreadState: Binder transaction failure. id: 1009197, BR_*: 29201, error: -1 (Operation not permitted)
07-03 23:07:04.819  8636  8636 E IPCThreadState: Binder transaction failure. id: 1009201, BR_*: 29201, error: -1 (Operation not permitted)
07-03 23:07:04.819  8636  8636 E IPCThreadState: Binder transaction failure. id: 1009205, BR_*: 29201, error: -1 (Operation not permitted)
07-03 23:07:04.821  8636  8636 E IPCThreadState: Binder transaction failure. id: 1009251, BR_*: 29201, error: -1 (Operation not permitted)
07-03 23:07:04.821  8636  8636 E IPCThreadState: Binder transaction failure. id: 1009255, BR_*: 29201, error: -1 (Operation not permitted)
07-03 23:07:04.821  8636  8636 E Parcel  : Reading a NULL string not supported here.
07-03 23:07:04.823  8636  8636 E Parcel  : Reading a NULL string not supported here.
07-03 23:07:04.823  8636  8636 E Parcel  : Reading a NULL string not supported here.
07-03 23:07:04.824  8636  8636 E Parcel  : Reading a NULL string not supported here.
07-03 23:07:04.826  8636  8636 E Parcel  : Reading a NULL string not supported here.
07-03 23:07:04.826  8636  8636 E Parcel  : Reading a NULL string not supported here.
07-03 23:07:04.827  8636  8636 E Parcel  : Reading a NULL string not supported here.
07-03 23:07:04.828  8636  8636 E Parcel  : Reading a NULL string not supported here.
07-03 23:07:04.828  8636  8636 E Parcel  : Reading a NULL string not supported here.
07-03 23:07:04.830  8636  8636 E Parcel  : Reading a NULL string not supported here.
07-03 23:07:04.831  8636  8636 E Parcel  : Reading a NULL string not supported here.
07-03 23:07:04.833  8636  8636 E Parcel  : Reading a NULL string not supported here.
07-03 23:07:04.834  8636  8636 E Parcel  : Reading a NULL string not supported here.
07-03 23:07:04.836  8636  8636 E Parcel  : Reading a NULL string not supported here.
07-03 23:07:04.837  8636  8636 E Parcel  : Reading a NULL string not supported here.
07-03 23:07:04.840  8636  8636 E Parcel  : Reading a NULL string not supported here.
07-03 23:07:04.842  8636  8636 E Parcel  : Reading a NULL string not supported here.
07-03 23:07:04.845  8636  8636 E Parcel  : Reading a NULL string not supported here.
07-03 23:07:04.846  8636  8636 E Parcel  : Reading a NULL string not supported here.
07-03 23:07:04.848  8636  8636 E IPCThreadState: Binder transaction failure. id: 1010348, BR_*: 29201, error: -1 (Operation not permitted)
07-03 23:07:06.128   540  1017 E SystemServiceRegistry: No service published for: persistent_data_block
07-03 23:07:06.128   540  1017 E SystemServiceRegistry: android.os.ServiceManager$ServiceNotFoundException: No service published for: persistent_data_block
07-03 23:07:06.128   540  1017 E SystemServiceRegistry: 	at android.os.ServiceManager.getServiceOrThrow(ServiceManager.java:203)
07-03 23:07:06.128   540  1017 E SystemServiceRegistry: 	at android.app.SystemServiceRegistry$81.createService(SystemServiceRegistry.java:1071)
07-03 23:07:06.128   540  1017 E SystemServiceRegistry: 	at android.app.SystemServiceRegistry$81.createService(SystemServiceRegistry.java:1068)
07-03 23:07:06.128   540  1017 E SystemServiceRegistry: 	at android.app.SystemServiceRegistry$StaticServiceFetcher.getService(SystemServiceRegistry.java:2293)
07-03 23:07:06.128   540  1017 E SystemServiceRegistry: 	at android.app.SystemServiceRegistry.getSystemService(SystemServiceRegistry.java:1812)
07-03 23:07:06.128   540  1017 E SystemServiceRegistry: 	at android.app.ContextImpl.getSystemService(ContextImpl.java:2241)
07-03 23:07:06.128   540  1017 E SystemServiceRegistry: 	at android.content.Context.getSystemService(Context.java:4503)
07-03 23:07:06.128   540  1017 E SystemServiceRegistry: 	at com.android.server.pm.PackageInstallerSession.markAsSealed(PackageInstallerSession.java:2394)
07-03 23:07:06.128   540  1017 E SystemServiceRegistry: 	at com.android.server.pm.PackageInstallerSession.commit(PackageInstallerSession.java:2143)
07-03 23:07:06.128   540  1017 E SystemServiceRegistry: 	at android.content.pm.PackageInstaller$Session.commit(PackageInstaller.java:1977)
07-03 23:07:06.128   540  1017 E SystemServiceRegistry: 	at com.android.server.pm.PackageManagerShellCommand.doCommitSession(PackageManagerShellCommand.java:4298)
07-03 23:07:06.128   540  1017 E SystemServiceRegistry: 	at com.android.server.pm.PackageManagerShellCommand.doRunInstall(PackageManagerShellCommand.java:1634)
07-03 23:07:06.128   540  1017 E SystemServiceRegistry: 	at com.android.server.pm.PackageManagerShellCommand.runInstall(PackageManagerShellCommand.java:1561)
07-03 23:07:06.128   540  1017 E SystemServiceRegistry: 	at com.android.server.pm.PackageManagerShellCommand.onCommand(PackageManagerShellCommand.java:245)
07-03 23:07:06.128   540  1017 E SystemServiceRegistry: 	at com.android.modules.utils.BasicShellCommandHandler.exec(BasicShellCommandHandler.java:97)
07-03 23:07:06.128   540  1017 E SystemServiceRegistry: 	at android.os.ShellCommand.exec(ShellCommand.java:38)
07-03 23:07:06.128   540  1017 E SystemServiceRegistry: 	at com.android.server.pm.PackageManagerService$IPackageManagerImpl.onShellCommand(PackageManagerService.java:6561)
07-03 23:07:06.128   540  1017 E SystemServiceRegistry: 	at android.os.Binder.shellCommand(Binder.java:1230)
07-03 23:07:06.128   540  1017 E SystemServiceRegistry: 	at android.os.Binder.onTransact(Binder.java:1043)
07-03 23:07:06.128   540  1017 E SystemServiceRegistry: 	at android.content.pm.IPackageManager$Stub.onTransact(IPackageManager.java:4620)
07-03 23:07:06.128   540  1017 E SystemServiceRegistry: 	at com.android.server.pm.PackageManagerService$IPackageManagerImpl.onTransact(PackageManagerService.java:6545)
07-03 23:07:06.128   540  1017 E SystemServiceRegistry: 	at android.os.Binder.execTransactInternal(Binder.java:1505)
07-03 23:07:06.128   540  1017 E SystemServiceRegistry: 	at android.os.Binder.execTransact(Binder.java:1444)
07-03 23:07:06.130   540  1017 E SystemServiceRegistry: Manager wrapper not available: persistent_data_block
07-03 23:07:06.208   540   639 D FileSystemUtils: Punching holes in file: /data/app/vmdl929607877.tmp/base.apk programHeaderOffset: 64 programHeaderNum: 9
07-03 23:07:06.208   540   639 D FileSystemUtils: Total number of LOAD segments 3
07-03 23:07:06.208   540   639 D FileSystemUtils: Size before punching holes st_blocks: 289864, st_blksize: 4096, st_size: 148401357
07-03 23:07:06.208   540   639 D FileSystemUtils: Size after punching holes st_blocks: 289864, st_blksize: 4096, st_size: 148401357
07-03 23:07:06.208   540   639 D FileSystemUtils: Extra field length: 1365,  Size before punching holes st_blocks: 289864, st_blksize: 4096, st_size: 148401357
07-03 23:07:06.208   540   639 D FileSystemUtils: Skipping punching apk as extra field length is less than block size
07-03 23:07:06.208   540   639 W NativeLibraryHelper: Failed to punch apk : /data/app/vmdl929607877.tmp/base.apk at extra field
07-03 23:07:06.208   540   639 D FileSystemUtils: Punching holes in file: /data/app/vmdl929607877.tmp/base.apk programHeaderOffset: 64 programHeaderNum: 9
07-03 23:07:06.208   540   639 D FileSystemUtils: Total number of LOAD segments 3
07-03 23:07:06.208   540   639 D FileSystemUtils: Size before punching holes st_blocks: 289864, st_blksize: 4096, st_size: 148401357
07-03 23:07:06.208   540   639 D FileSystemUtils: Size after punching holes st_blocks: 289864, st_blksize: 4096, st_size: 148401357
07-03 23:07:06.208   540   639 D FileSystemUtils: Extra field length: 12204,  Size before punching holes st_blocks: 289864, st_blksize: 4096, st_size: 148401357
07-03 23:07:06.209   540   639 D FileSystemUtils: Extra field length: 12204 content near offset: 0000000000000000000000000000000000000000000000000000000000000000000000000000000000000000000000000000000000000000000000000000000000000000000000000000000000000000000000000000000000000000000000000000000000000000000000000000000000000000000000000000000000000000000000000000000000000000000000000000000000000000000000000000000000000000000000000000000000000000000000000000000000000000000000000000000000000000000000000000000000000000000000000000000000000000000000000000000000000000000000000000000000000000000000000000000000000000000000000000000000000000000000000000000000000000000000000000000000000000000000000000000000000000000000000000000000000000000000000000000000000000000000000000000000000000000000000000000000000000000000000000000000000000000000000000000000000000000000000000000000000000000000000000000000000000000000000000000000000000000000000000000000000000000000000000000000000000000000000000000000000000000000000000000000000000000000000000000000000000000000000000000000000000
07-03 23:07:06.209   540   639 D FileSystemUtils: Punching hole in file - start: 40329216 len:8192
07-03 23:07:06.209   540   639 D FileSystemUtils: punchHolesInApk:: Size after punching holes st_blocks: 289848, st_blksize: 4096, st_size: 148401357
07-03 23:07:06.209   540   639 D FileSystemUtils: Punching holes in file: /data/app/vmdl929607877.tmp/base.apk programHeaderOffset: 64 programHeaderNum: 9
07-03 23:07:06.209   540   639 D FileSystemUtils: Total number of LOAD segments 3
07-03 23:07:06.209   540   639 D FileSystemUtils: Size before punching holes st_blocks: 289848, st_blksize: 4096, st_size: 148401357
07-03 23:07:06.209   540   639 D FileSystemUtils: Size after punching holes st_blocks: 289848, st_blksize: 4096, st_size: 148401357
07-03 23:07:06.209   540   639 D FileSystemUtils: Extra field length: 8264,  Size before punching holes st_blocks: 289848, st_blksize: 4096, st_size: 148401357
07-03 23:07:06.209   540   639 D FileSystemUtils: Extra field length: 8264 content near offset: 00000000000000000000000000000000000000000000000000000000000000000000000000000000000000000000000000000000000000000000000000000000000000000000000000000000000000000000000000000000000000000000000000000000000000000000000000000000000000000000000000000000000000000000000000000000000000000000000000000000000000000000000000000000000000000000000000000000000000000000000000000000000000000000000000000000000000000000000000000000000000000000000000000000000000000000000000000000000000000000000000000000000000000000000000000000000000000000000000000000000000000000000000000000000000000000000000000000000000000000000000000000000000000000000000000000000000000000000000000000000000000000000000000000000000000000000000000000000000000000000000000000000000000000000000000000000000000000000000000000000000000000000000000000000000000000000000000000000000000000000000000000000000000000000000000000000000000000000000000000000000000000000000000000000000000000000000000000000000000000000000000000000000000
07-03 23:07:06.209   540   639 D FileSystemUtils: Punching hole in file - start: 17276928 len:8192
07-03 23:07:06.209   540   639 D FileSystemUtils: punchHolesInApk:: Size after punching holes st_blocks: 289832, st_blksize: 4096, st_size: 148401357
07-03 23:07:06.209   540   639 D FileSystemUtils: Punching holes in file: /data/app/vmdl929607877.tmp/base.apk programHeaderOffset: 64 programHeaderNum: 9
07-03 23:07:06.209   540   639 D FileSystemUtils: Total number of LOAD segments 3
07-03 23:07:06.209   540   639 D FileSystemUtils: Size before punching holes st_blocks: 289832, st_blksize: 4096, st_size: 148401357
07-03 23:07:06.209   540   639 D FileSystemUtils: Size after punching holes st_blocks: 289832, st_blksize: 4096, st_size: 148401357
07-03 23:07:06.209   540   639 D FileSystemUtils: Extra field length: 3166,  Size before punching holes st_blocks: 289832, st_blksize: 4096, st_size: 148401357
07-03 23:07:06.209   540   639 D FileSystemUtils: Skipping punching apk as extra field length is less than block size
07-03 23:07:06.209   540   639 W NativeLibraryHelper: Failed to punch apk : /data/app/vmdl929607877.tmp/base.apk at extra field
07-03 23:07:06.209   540   639 D FileSystemUtils: Punching holes in file: /data/app/vmdl929607877.tmp/base.apk programHeaderOffset: 64 programHeaderNum: 9
07-03 23:07:06.209   540   639 D FileSystemUtils: Total number of LOAD segments 3
07-03 23:07:06.209   540   639 D FileSystemUtils: Size before punching holes st_blocks: 289832, st_blksize: 4096, st_size: 148401357
07-03 23:07:06.209   540   639 D FileSystemUtils: Size after punching holes st_blocks: 289832, st_blksize: 4096, st_size: 148401357
07-03 23:07:06.209   540   639 D FileSystemUtils: Extra field length: 3165,  Size before punching holes st_blocks: 289832, st_blksize: 4096, st_size: 148401357
07-03 23:07:06.209   540   639 D FileSystemUtils: Skipping punching apk as extra field length is less than block size
07-03 23:07:06.209   540   639 W NativeLibraryHelper: Failed to punch apk : /data/app/vmdl929607877.tmp/base.apk at extra field
07-03 23:07:06.209   540   639 D FileSystemUtils: Punching holes in file: /data/app/vmdl929607877.tmp/base.apk programHeaderOffset: 64 programHeaderNum: 9
07-03 23:07:06.209   540   639 D FileSystemUtils: Total number of LOAD segments 3
07-03 23:07:06.209   540   639 D FileSystemUtils: Size before punching holes st_blocks: 289832, st_blksize: 4096, st_size: 148401357
07-03 23:07:06.209   540   639 D FileSystemUtils: Size after punching holes st_blocks: 289832, st_blksize: 4096, st_size: 148401357
07-03 23:07:06.209   540   639 D FileSystemUtils: Extra field length: 5990,  Size before punching holes st_blocks: 289832, st_blksize: 4096, st_size: 148401357
07-03 23:07:06.209   540   639 D FileSystemUtils: Extra field length: 5990 content near offset: 00000000000000000000000000000000000000000000000000000000000000000000000000000000000000000000000000000000000000000000000000000000000000000000000000000000000000000000000000000000000000000000000000000000000000000000000000000000000000000000000000000000000000000000000000000000000000000000000000000000000000000000000000000000000000000000000000000000000000000000000000000000000000000000000000000000000000000000000000000000000000000000000000000000000000000000000000000000000000000000000000000000000000000000000000000000000000000000000000000000000000000000000000000000000000000000000000000000000000000000000000000000000000000000000000000000000000000000000000000000000000000000000000000000000000000000000000000000000000000000000000000000000000000000000000000000000000000000000000000000000000000000000000000000000000000000000000000000000000000000000000000000000000000000000000000000000000000000000000000000000000000000000000000000000000000000000000000000000000000000000000000000000000000
07-03 23:07:06.209   540   639 D FileSystemUtils: Punching hole in file - start: 43790336 len:4096
07-03 23:07:06.209   540   639 D FileSystemUtils: punchHolesInApk:: Size after punching holes st_blocks: 289824, st_blksize: 4096, st_size: 148401357
07-03 23:07:06.209   540   639 D FileSystemUtils: Punching holes in file: /data/app/vmdl929607877.tmp/base.apk programHeaderOffset: 64 programHeaderNum: 9
07-03 23:07:06.209   540   639 D FileSystemUtils: Total number of LOAD segments 3
07-03 23:07:06.209   540   639 D FileSystemUtils: Size before punching holes st_blocks: 289824, st_blksize: 4096, st_size: 148401357
07-03 23:07:06.209   540   639 D FileSystemUtils: Size after punching holes st_blocks: 289824, st_blksize: 4096, st_size: 148401357
07-03 23:07:06.209   540   639 D FileSystemUtils: Extra field length: 6091,  Size before punching holes st_blocks: 289824, st_blksize: 4096, st_size: 148401357
07-03 23:07:06.209   540   639 D FileSystemUtils: Extra field length: 6091 content near offset: 00000000000000000000000000000000000000000000000000000000000000000000000000000000000000000000000000000000000000000000000000000000000000000000000000000000000000000000000000000000000000000000000000000000000000000000000000000000000000000000000000000000000000000000000000000000000000000000000000000000000000000000000000000000000000000000000000000000000000000000000000000000000000000000000000000000000000000000000000000000000000000000000000000000000000000000000000000000000000000000000000000000000000000000000000000000000000000000000000000000000000000000000000000000000000000000000000000000000000000000000000000000000000000000000000000000000000000000000000000000000000000000000000000000000000000000000000000000000000000000000000000000000000000000000000000000000000000000000000000000000000000000000000000000000000000000000000000000000000000000000000000000000000000000000000000000000000000000000000000000000000000000000000000000000000000000000000000000000000000000000000000000000000000
07-03 23:07:06.209   540   639 D FileSystemUtils: Punching hole in file - start: 43282432 len:4096
07-03 23:07:06.209   540   639 D FileSystemUtils: punchHolesInApk:: Size after punching holes st_blocks: 289816, st_blksize: 4096, st_size: 148401357
07-03 23:07:06.209   540   639 D FileSystemUtils: Punching holes in file: /data/app/vmdl929607877.tmp/base.apk programHeaderOffset: 64 programHeaderNum: 9
07-03 23:07:06.209   540   639 D FileSystemUtils: Total number of LOAD segments 3
07-03 23:07:06.209   540   639 D FileSystemUtils: Size before punching holes st_blocks: 289816, st_blksize: 4096, st_size: 148401357
07-03 23:07:06.209   540   639 D FileSystemUtils: Size after punching holes st_blocks: 289816, st_blksize: 4096, st_size: 148401357
07-03 23:07:06.209   540   639 D FileSystemUtils: Extra field length: 4387,  Size before punching holes st_blocks: 289816, st_blksize: 4096, st_size: 148401357
07-03 23:07:06.209   540   639 D FileSystemUtils: Extra field length: 4387 content near offset: 00000000000000000000000000000000000000000000000000000000000000000000000000000000000000000000000000000000000000000000000000000000000000000000000000000000000000000000000000000000000000000000000000000000000000000000000000000000000000000000000000000000000000000000000000000000000000000000000000000000000000000000000000000000000000000000000000000000000000000000000000000000000000000000000000000000000000000000000000000000000000000000000000000000000000000000000000000000000000000000000000000000000000000000000000000000000000000000000000000000000000000000000000000000000000000000000000000000000000000000000000000000000000000000000000000000000000000000000000000000000000000000000000000000000000000000000000000000000000000000000000000000000000000000000000000000000000000000000000000000000000000000000000000000000000000000000000000000000000000000000000000000000000000000000000000000000000000000000000000000000000000000000000000000000000000000000000000000000000000000000000000000000000000
07-03 23:07:06.209   540   639 D FileSystemUtils: Punching hole in file - start: 17903616 len:4096
07-03 23:07:06.209   540   639 D FileSystemUtils: punchHolesInApk:: Size after punching holes st_blocks: 289808, st_blksize: 4096, st_size: 148401357
07-03 23:07:06.209   540   639 D FileSystemUtils: Punching holes in file: /data/app/vmdl929607877.tmp/base.apk programHeaderOffset: 64 programHeaderNum: 9
07-03 23:07:06.209   540   639 D FileSystemUtils: Total number of LOAD segments 3
07-03 23:07:06.209   540   639 D FileSystemUtils: Size before punching holes st_blocks: 289808, st_blksize: 4096, st_size: 148401357
07-03 23:07:06.209   540   639 D FileSystemUtils: Size after punching holes st_blocks: 289808, st_blksize: 4096, st_size: 148401357
07-03 23:07:06.209   540   639 D FileSystemUtils: Extra field length: 7564,  Size before punching holes st_blocks: 289808, st_blksize: 4096, st_size: 148401357
07-03 23:07:06.209   540   639 D FileSystemUtils: Extra field length: 7564 content near offset: 00000000000000000000000000000000000000000000000000000000000000000000000000000000000000000000000000000000000000000000000000000000000000000000000000000000000000000000000000000000000000000000000000000000000000000000000000000000000000000000000000000000000000000000000000000000000000000000000000000000000000000000000000000000000000000000000000000000000000000000000000000000000000000000000000000000000000000000000000000000000000000000000000000000000000000000000000000000000000000000000000000000000000000000000000000000000000000000000000000000000000000000000000000000000000000000000000000000000000000000000000000000000000000000000000000000000000000000000000000000000000000000000000000000000000000000000000000000000000000000000000000000000000000000000000000000000000000000000000000000000000000000000000000000000000000000000000000000000000000000000000000000000000000000000000000000000000000000000000000000000000000000000000000000000000000000000000000000000000000000000000000000000000000
07-03 23:07:06.209   540   639 D FileSystemUtils: Punching hole in file - start: 16019456 len:4096
07-03 23:07:06.209   540   639 D FileSystemUtils: punchHolesInApk:: Size after punching holes st_blocks: 289800, st_blksize: 4096, st_size: 148401357
07-03 23:07:06.209   540   639 D FileSystemUtils: Punching holes in file: /data/app/vmdl929607877.tmp/base.apk programHeaderOffset: 64 programHeaderNum: 9
07-03 23:07:06.209   540   639 D FileSystemUtils: Total number of LOAD segments 3
07-03 23:07:06.209   540   639 D FileSystemUtils: Size before punching holes st_blocks: 289800, st_blksize: 4096, st_size: 148401357
07-03 23:07:06.209   540   639 D FileSystemUtils: Size after punching holes st_blocks: 289800, st_blksize: 4096, st_size: 148401357
07-03 23:07:06.209   540   639 D FileSystemUtils: Extra field length: 1721,  Size before punching holes st_blocks: 289800, st_blksize: 4096, st_size: 148401357
07-03 23:07:06.209   540   639 D FileSystemUtils: Skipping punching apk as extra field length is less than block size
07-03 23:07:06.209   540   639 W NativeLibraryHelper: Failed to punch apk : /data/app/vmdl929607877.tmp/base.apk at extra field
07-03 23:07:06.209   540   639 D FileSystemUtils: Punching holes in file: /data/app/vmdl929607877.tmp/base.apk programHeaderOffset: 64 programHeaderNum: 12
07-03 23:07:06.209   540   639 D FileSystemUtils: Total number of LOAD segments 4
07-03 23:07:06.209   540   639 D FileSystemUtils: Size before punching holes st_blocks: 289800, st_blksize: 4096, st_size: 148401357
07-03 23:07:06.209   540   639 D FileSystemUtils: Size after punching holes st_blocks: 289800, st_blksize: 4096, st_size: 148401357
07-03 23:07:06.209   540   639 D FileSystemUtils: Extra field length: 8137,  Size before punching holes st_blocks: 289800, st_blksize: 4096, st_size: 148401357
07-03 23:07:06.209   540   639 D FileSystemUtils: Extra field length: 8137 content near offset: 00000000000000000000000000000000000000000000000000000000000000000000000000000000000000000000000000000000000000000000000000000000000000000000000000000000000000000000000000000000000000000000000000000000000000000000000000000000000000000000000000000000000000000000000000000000000000000000000000000000000000000000000000000000000000000000000000000000000000000000000000000000000000000000000000000000000000000000000000000000000000000000000000000000000000000000000000000000000000000000000000000000000000000000000000000000000000000000000000000000000000000000000000000000000000000000000000000000000000000000000000000000000000000000000000000000000000000000000000000000000000000000000000000000000000000000000000000000000000000000000000000000000000000000000000000000000000000000000000000000000000000000000000000000000000000000000000000000000000000000000000000000000000000000000000000000000000000000000000000000000000000000000000000000000000000000000000000000000000000000000000000000000000000
07-03 23:07:06.209   540   639 D FileSystemUtils: Punching hole in file - start: 12759040 len:4096
07-03 23:07:06.209   540   639 D FileSystemUtils: punchHolesInApk:: Size after punching holes st_blocks: 289792, st_blksize: 4096, st_size: 148401357
07-03 23:07:06.209   540   639 D FileSystemUtils: Punching holes in file: /data/app/vmdl929607877.tmp/base.apk programHeaderOffset: 64 programHeaderNum: 9
07-03 23:07:06.209   540   639 D FileSystemUtils: Total number of LOAD segments 3
07-03 23:07:06.209   540   639 D FileSystemUtils: Size before punching holes st_blocks: 289792, st_blksize: 4096, st_size: 148401357
07-03 23:07:06.209   540   639 D FileSystemUtils: Size after punching holes st_blocks: 289792, st_blksize: 4096, st_size: 148401357
07-03 23:07:06.209   540   639 D FileSystemUtils: Extra field length: 8984,  Size before punching holes st_blocks: 289792, st_blksize: 4096, st_size: 148401357
07-03 23:07:06.209   540   639 D FileSystemUtils: Extra field length: 8984 content near offset: 00000000000000000000000000000000000000000000000000000000000000000000000000000000000000000000000000000000000000000000000000000000000000000000000000000000000000000000000000000000000000000000000000000000000000000000000000000000000000000000000000000000000000000000000000000000000000000000000000000000000000000000000000000000000000000000000000000000000000000000000000000000000000000000000000000000000000000000000000000000000000000000000000000000000000000000000000000000000000000000000000000000000000000000000000000000000000000000000000000000000000000000000000000000000000000000000000000000000000000000000000000000000000000000000000000000000000000000000000000000000000000000000000000000000000000000000000000000000000000000000000000000000000000000000000000000000000000000000000000000000000000000000000000000000000000000000000000000000000000000000000000000000000000000000000000000000000000000000000000000000000000000000000000000000000000000000000000000000000000000000000000000000000000
07-03 23:07:06.209   540   639 D FileSystemUtils: Punching hole in file - start: 17309696 len:8192
07-03 23:07:06.209   540   639 D FileSystemUtils: punchHolesInApk:: Size after punching holes st_blocks: 289776, st_blksize: 4096, st_size: 148401357
07-03 23:07:06.209   540   639 D FileSystemUtils: Punching holes in file: /data/app/vmdl929607877.tmp/base.apk programHeaderOffset: 64 programHeaderNum: 9
07-03 23:07:06.209   540   639 D FileSystemUtils: Total number of LOAD segments 3
07-03 23:07:06.209   540   639 D FileSystemUtils: Size before punching holes st_blocks: 289776, st_blksize: 4096, st_size: 148401357
07-03 23:07:06.209   540   639 D FileSystemUtils: Size after punching holes st_blocks: 289776, st_blksize: 4096, st_size: 148401357
07-03 23:07:06.209   540   639 D FileSystemUtils: Extra field length: 8625,  Size before punching holes st_blocks: 289776, st_blksize: 4096, st_size: 148401357
07-03 23:07:06.209   540   639 D FileSystemUtils: Extra field length: 8625 content near offset: 00000000000000000000000000000000000000000000000000000000000000000000000000000000000000000000000000000000000000000000000000000000000000000000000000000000000000000000000000000000000000000000000000000000000000000000000000000000000000000000000000000000000000000000000000000000000000000000000000000000000000000000000000000000000000000000000000000000000000000000000000000000000000000000000000000000000000000000000000000000000000000000000000000000000000000000000000000000000000000000000000000000000000000000000000000000000000000000000000000000000000000000000000000000000000000000000000000000000000000000000000000000000000000000000000000000000000000000000000000000000000000000000000000000000000000000000000000000000000000000000000000000000000000000000000000000000000000000000000000000000000000000000000000000000000000000000000000000000000000000000000000000000000000000000000000000000000000000000000000000000000000000000000000000000000000000000000000000000000000000000000000000000000000
07-03 23:07:06.209   540   639 D FileSystemUtils: Punching hole in file - start: 15998976 len:8192
07-03 23:07:06.209   540   639 D FileSystemUtils: punchHolesInApk:: Size after punching holes st_blocks: 289760, st_blksize: 4096, st_size: 148401357
07-03 23:07:06.209   540   639 D FileSystemUtils: Punching holes in file: /data/app/vmdl929607877.tmp/base.apk programHeaderOffset: 64 programHeaderNum: 9
07-03 23:07:06.209   540   639 D FileSystemUtils: Total number of LOAD segments 3
07-03 23:07:06.209   540   639 D FileSystemUtils: Size before punching holes st_blocks: 289760, st_blksize: 4096, st_size: 148401357
07-03 23:07:06.209   540   639 D FileSystemUtils: Size after punching holes st_blocks: 289760, st_blksize: 4096, st_size: 148401357
07-03 23:07:06.209   540   639 D FileSystemUtils: Extra field length: 5179,  Size before punching holes st_blocks: 289760, st_blksize: 4096, st_size: 148401357
