07-03 22:59:49.512  6342  6419 W GLSUser : Caused by: gxlx: Protocol message contained an invalid tag (zero).
07-03 22:59:49.512  6342  6419 W GLSUser : 	at gxit.k(:com.google.android.gms@252431035@25.24.31 (260400-772615181):43)
07-03 22:59:49.512  6342  6419 W GLSUser : 	at gxmx.c(:com.google.android.gms@252431035@25.24.31 (260400-772615181):398)
07-03 22:59:49.512  6342  6419 W GLSUser : 	at gxmx.i(:com.google.android.gms@252431035@25.24.31 (260400-772615181):8)
07-03 22:59:49.512  6342  6419 W GLSUser : 	at gxlb.y(:com.google.android.gms@252431035@25.24.31 (260400-772615181):23)
07-03 22:59:49.512  6342  6419 W GLSUser : 	at gxkw.g(:com.google.android.gms@252431035@25.24.31 (260400-772615181):3)
07-03 22:59:49.512  6342  6419 W GLSUser : 	at gxip.e(:com.google.android.gms@252431035@25.24.31 (260400-772615181):1)
07-03 22:59:49.512  6342  6419 W GLSUser : 	at gxip.d(:com.google.android.gms@252431035@25.24.31 (260400-772615181):3)
07-03 22:59:49.512  6342  6419 W GLSUser : 	at gxip.p(:com.google.android.gms@252431035@25.24.31 (260400-772615181):1)
07-03 22:59:49.512  6342  6419 W GLSUser : 	at choa.g(:com.google.android.gms@252431035@25.24.31 (260400-772615181):69)
07-03 22:59:49.512  6342  6419 W GLSUser : 	at choa.b(:com.google.android.gms@252431035@25.24.31 (260400-772615181):11)
07-03 22:59:49.512  6342  6419 W GLSUser : 	... 11 more
07-03 22:59:49.513  6342  6419 W GLSUser : [DeviceKeyStore] Cannot load key: Device key file not found.
07-03 22:59:49.518  6342  6419 W GLSUser : [DeviceKeyStore] Cannot load key: Device key file not found.
07-03 22:59:49.518  6342  6419 W GLSUser : [DeviceKeyStore] Cannot load key: Device key file not found.
07-03 22:59:49.574  6521  6578 D TrafficStats: tagSocket(135) with statsTag=0xc010301, statsUid=-1
07-03 22:59:49.946  6521  6578 I cn_CronetUrlRequestContext: destroyNativeStreamLocked org.chromium.net.impl.CronetBidirectionalStream@39da4ff
07-03 22:59:49.947  6521  6578 I cn_CronetUrlRequestContext: destroyNativeStreamLocked org.chromium.net.impl.CronetBidirectionalStream@e9f22cc
07-03 22:59:49.954  6521  8605 I NotificationsModuleTask: Registering accounts to Chime Failed & Rescheduled for later. [CONTEXT service_id=358 ]
07-03 22:59:49.955  6521  6759 I NotificationsModuleTask: Registering accounts to Chime Failed & Rescheduled for later. [CONTEXT service_id=358 ]
07-03 22:59:49.959  6342  8341 I NetworkScheduler.Stats: (REDACTED) Task %s/%s finished executing. cause:%s result: %s elapsed_millis: %s uptime_millis: %s exec_start_elapsed_seconds: %s
07-03 22:59:49.962  6521  6521 D BoundBrokerSvc: onUnbind: Intent { act=com.google.android.gms.notifications.registration.service.NotificationsRegistrationTaskBoundService.ACTION_TASK_READY dat=chimera-action:/... cmp=com.google.android.gms/.chimera.GmsInternalBoundBrokerService }
07-03 22:59:49.976  6342  8341 I NetworkScheduler.Stats: (REDACTED) Task %s/%s finished executing. cause:%s result: %s elapsed_millis: %s uptime_millis: %s exec_start_elapsed_seconds: %s
07-03 22:59:49.992  6342  8341 I NetworkScheduler.Stats: (REDACTED) Task %s/%s started execution. cause:%s exec_start_elapsed_seconds: %s
07-03 22:59:49.994  6342  8341 I NetworkScheduler.Stats: (REDACTED) Task %s/%s finished executing. cause:%s result: %s elapsed_millis: %s uptime_millis: %s exec_start_elapsed_seconds: %s
07-03 22:59:50.450   540   839 W IPCThreadState: Sending oneway calls to frozen process.
07-03 22:59:50.450   540   839 W IPCThreadState: Sending oneway calls to frozen process.
07-03 22:59:50.450   540   839 W IPCThreadState: Sending oneway calls to frozen process.
07-03 22:59:50.450   540   839 W IPCThreadState: Sending oneway calls to frozen process.
07-03 22:59:50.450   540   839 W IPCThreadState: Sending oneway calls to frozen process.
07-03 22:59:50.450   540   839 W IPCThreadState: Sending oneway calls to frozen process.
07-03 22:59:50.466   540   839 W IPCThreadState: Sending oneway calls to frozen process.
07-03 22:59:50.472  3599  3642 I BugleRcsEngine: Connected state: [1], networkType: [WIFI] [CONTEXT thread_id=63 ]
07-03 22:59:50.473  3599  3686 I BugleRcsEngine: handleMessage processing message:[NOTIFY_UPTIME_IGNORE_STATE_CHANGED] with [non-null]:RcsEngineImpl reference [CONTEXT log_prefix="RcsEngineImpl[DUAL_REG]:[71a32029-04ca]>Handler" thread_id=68 ]
07-03 22:59:50.479   540  1017 D ActivityManager: sync unfroze 6813 com.google.android.apps.messaging for 7
07-03 22:59:50.480  6342  6634 I NullBinder: NullBinder for android.net.action.RECOMMEND_NETWORKS triggering remote TransactionTooLargeException due to Service without Chimera impl, calling uid: 1000, calling pid: 0
07-03 22:59:50.480  6342  6634 W .gms.persistent: Large reply transaction of 1056768 bytes, interface descriptor , code 1
07-03 22:59:50.488  3599  3686 I BugleRcsEngine: No RCS Configuration was found in Bugle for simID: redacted-pii:sim_id[chars:20,last3:897] [CONTEXT log_prefix="ProvisioningEngineDataRetriever" thread_id=68 ]
07-03 22:59:53.761   919  1059 D EGL_emulation: app_time_stats: avg=53685.68ms min=53685.68ms max=53685.68ms count=1
07-03 22:59:56.469   540   839 W IPCThreadState: Sending oneway calls to frozen process.
07-03 22:59:56.469   540   839 W IPCThreadState: Sending oneway calls to frozen process.
07-03 22:59:56.469   540   839 W IPCThreadState: Sending oneway calls to frozen process.
07-03 22:59:56.469   540   839 W IPCThreadState: Sending oneway calls to frozen process.
07-03 22:59:56.469   540   839 W IPCThreadState: Sending oneway calls to frozen process.
07-03 22:59:56.469   540   839 W IPCThreadState: Sending oneway calls to frozen process.
07-03 22:59:56.489  3599  3686 I BugleRcsEngine: handleMessage processing message:[NOTIFY_UPTIME_IGNORE_STATE_CHANGED] with [non-null]:RcsEngineImpl reference [CONTEXT log_prefix="RcsEngineImpl[DUAL_REG]:[71a32029-04ca]>Handler" thread_id=68 ]
07-03 22:59:56.491  3599  3642 I BugleRcsEngine: Connected state: [1], networkType: [WIFI] [CONTEXT thread_id=63 ]
07-03 22:59:56.504  6342  6634 I NullBinder: NullBinder for android.net.action.RECOMMEND_NETWORKS triggering remote TransactionTooLargeException due to Service without Chimera impl, calling uid: 1000, calling pid: 0
07-03 22:59:56.505  3599  3686 I BugleRcsEngine: No RCS Configuration was found in Bugle for simID: redacted-pii:sim_id[chars:20,last3:897] [CONTEXT log_prefix="ProvisioningEngineDataRetriever" thread_id=68 ]
07-03 22:59:56.505  6342  6634 W .gms.persistent: Large reply transaction of 1056768 bytes, interface descriptor , code 1
07-03 23:00:00.010   540   582 D ActivityManager: sync unfroze 7001 com.android.settings for 3
07-03 23:00:00.012   540   582 D ActivityManager: sync unfroze 7215 com.android.keychain for 10
07-03 23:00:00.021   540   662 D ActivityManager: freezing 6521 com.google.android.gms
07-03 23:00:00.047  7001  7001 I ActivityThread: Removing dead content provider:android.content.ContentProviderProxy@d1387dd
07-03 23:00:00.066  1427  1614 I AiAiEcho: Predicting[0]:  [CONTEXT sampling_count=5 ]
07-03 23:00:00.079   919  1059 D EGL_emulation: app_time_stats: avg=6302.71ms min=6302.71ms max=6302.71ms count=1
07-03 23:00:00.083  1427  1614 I AiAiEcho: EchoTargets: 
07-03 23:00:00.083  1427  1614 I AiAiEcho: Filtered by AiAi flag check: 
07-03 23:00:00.083  1427  1614 I AiAiEcho: [CONTEXT ratelimit_period="10 SECONDS" ]
07-03 23:00:00.086  1427  1614 I AiAiEcho: Ranked targets strategy: SORT, count: 0, ranking metadata:  [CONTEXT ratelimit_period="10 SECONDS" ]
07-03 23:00:00.087  1427  1614 I AiAiEcho: #remoteViewsTwiddler: feature disabled.
07-03 23:00:00.087  1427  1614 I AiAiEcho: Predicting[0]:  [CONTEXT sampling_count=5 ]
07-03 23:00:00.087  1427  1614 I AiAiEcho: EchoTargets: 
07-03 23:00:00.087  1427  1614 I AiAiEcho: Filtered by AiAi flag check: 
07-03 23:00:00.087  1427  1614 I AiAiEcho: [CONTEXT ratelimit_period="10 SECONDS" ]
07-03 23:00:00.087  1427  1614 I AiAiEcho: Ranked targets strategy: SORT, count: 0, ranking metadata:  [CONTEXT ratelimit_period="10 SECONDS" ]
07-03 23:00:00.087  1427  1614 I AiAiEcho: #remoteViewsTwiddler: feature disabled.
07-03 23:00:00.118  1427  1614 I AiAiEcho: #postPredictionTargets: Sending updates to UISurface lockscreen with targets# 0 (types=[])
07-03 23:00:00.122   919   919 W PageIndicator: Total number of pages invalid: 0. Assuming 1 page.
07-03 23:00:00.132  1427  1614 I AiAiEcho: #postPredictionTargets: Sending updates to UISurface home with targets# 0 (types=[])
07-03 23:00:00.143  1203  1203 D SsBaseTemplateCard: No text view can be set up
07-03 23:00:00.144  7001  7018 D BatteryUsageDataLoader: loadUsageDataSafely() in the AsyncTask
07-03 23:00:00.144  7001  7001 D PeriodicJobReceiver: refresh periodic job from action=com.android.settings.battery.action.PERIODIC_JOB_UPDATE
07-03 23:00:00.146  1203  1203 D SsBaseTemplateCard: Passed-in item info is null
07-03 23:00:00.146  1203  1203 D SsBaseTemplateCard: Passed-in item info is null
07-03 23:00:00.146  1203  1203 D SsBaseTemplateCard: Passed-in item info is null
07-03 23:00:00.146  1203  1203 I SsBaseTemplateCard: Secondary card pane is null
07-03 23:00:00.158  7001  7001 D PeriodicJobManager: schedule next alarm job at Jul 04, 2025, 00:00:00
07-03 23:00:00.204   540  3139 D TelephonyManager: requestModemActivityInfo: Sending result to app: ModemActivityInfo{ mTimestamp=5005197 mSleepTimeMs=0 mIdleTimeMs=5005183 mActivityStatsTechSpecificInfo=[{mRat=UNKNOWN,mFrequencyRange=UNKNOWN,mTxTimeMs[]=[0, 0, 0, 0, 0],mRxTimeMs=0}]}
07-03 23:00:00.206  1203  1500 D EGL_emulation: app_time_stats: avg=1408.68ms min=9.92ms max=52890.74ms count=38
07-03 23:00:00.213   387   387 E SurfaceFlinger: Out of order buffers detected for RequestedLayerState{com.google.android.apps.nexuslauncher/com.google.android.apps.nexuslauncher.NexusLauncherActivity#297 parentId=101} producedId=16 frameNumber=98 -> producedId=16 frameNumber=39
07-03 23:00:00.224   540  3139 W BatteryExternalStatsWorker: error reading Bluetooth stats: 11
07-03 23:00:00.356  7001  7018 W DataProcessor: shouldShowBatteryAttributionList(): 0.1
07-03 23:00:00.356  7001  7018 W BatteryUsageDataLoader: getBatteryEntryList() returns null or empty content
07-03 23:00:00.357  7001  7018 D BatteryUsageDataLoader: getBatteryUsageStats() in 205/ms
07-03 23:00:00.388  7001  7018 D DatabaseUtils: insert() data into database with isFullChargeStart:false
07-03 23:00:00.390  7001  7018 D DatabaseUtils: sendBatteryEntryData() size=1 in 33/ms
07-03 23:00:00.391  7001  7005 W ndroid.settings: Missing inline cache for void com.android.settings.fuelgauge.batteryusage.bugreport.BatteryUsageLogUtils.writeLog(android.content.Context, com.android.settings.fuelgauge.BatteryUsageHistoricalLogEntry$Action, java.lang.String)
07-03 23:00:00.392  7001  7018 D BatteryUsageContentProvider: getQueryUserId from uri: content://com.android.settings.battery.usage.provider/appUsageLatestTimestamp?userid=0
07-03 23:00:00.392  7001  7018 D BatteryUsageContentProvider: getAppUsageLatestTimestamp() for user 0 in 0/ms
07-03 23:00:00.394  7001  7018 D DatabaseUtils: getAppUsageStartTimestampOfUser() userId=0 latestTimestamp=Jul 03, 2025, 21:48:59 in 2/ms
07-03 23:00:00.395  7001  7018 D DataProcessor: getAppUsageEventsForUser(): 0 from 1751593739537 to 1751598000392 in 1/ms
07-03 23:00:00.395  7001  7018 D DataProcessor: getAppUsageEvents() for all unlocked users in 3/ms
07-03 23:00:00.396  7001  7018 W DataProcessor: Read 35 relevant events (57 total) from UsageStatsManager
07-03 23:00:00.396  7001  7018 D BatteryUsageDataLoader: loadAppUsageData() size=35 in 4/ms
07-03 23:00:00.402  7001  7018 D DatabaseUtils: insert() app usage events data into database
07-03 23:00:00.403  7001  7018 D DatabaseUtils: sendAppUsageEventData() size=35 in 6/ms
07-03 23:00:00.403  7001  7018 D BatteryUsageContentProvider: getLastFullChargeTimestamp() in 0/ms
07-03 23:00:00.403  7001  7018 D DatabaseUtils: getLastFullChargeTime() lastFullChargeTime=Jul 03, 2025, 21:29:50 in 0/ms
07-03 23:00:00.403  7001  7018 D DatabaseUtils: getBatteryEvents for timestamp: 1751592590467
07-03 23:00:00.404  7001  7018 D BatteryUsageContentProvider: getQueryBatteryEventTypes from uri: content://com.android.settings.battery.usage.provider/BatteryEvent?timestamp=1751592590467&batteryEventType=3%2C4
07-03 23:00:00.404  7001  7018 D BatteryUsageContentProvider: getQueryTimestamp from uri: content://com.android.settings.battery.usage.provider/BatteryEvent?timestamp=1751592590467&batteryEventType=3%2C4
07-03 23:00:00.404  7001  7018 W BatteryUsageContentProvider: getBatteryEvents() in 0/ms
07-03 23:00:00.405  7001  7018 D DatabaseUtils: getBatteryEvents size=3 in 2/ms
07-03 23:00:00.405  7001  7018 D DataProcessManager: getPeriodBatteryLevelData() startTimestamp=Jul 03, 2025, 22:00:00
07-03 23:00:00.405  7001  7018 D DataProcessManager: execute getBatteryLevelData in 2/ms, batteryLevelRecordEvents.size=3
07-03 23:00:00.405  7001  7018 D BatteryUsageDataLoader: preprocessBatteryUsageSlots() no new battery usage data.
07-03 23:00:00.405  7001  7018 D BatteryUsageDataLoader: loadUsageDataSafely() in 261/ms
07-03 23:00:04.362   540   662 D ActivityManager: freezing 5448 com.google.android.gms.unstable
07-03 23:00:07.367  1451  1840 I BistoHotwordHelper: (REDACTED) getHotwordActive::active query: %s, watch: %s, devices connected: %s
07-03 23:00:11.894  1203  2553 I IPCThreadState: oneway function results for code 2 on binder at 0xb400007904ab2dc0 will be dropped but finished with status UNKNOWN_TRANSACTION
07-03 23:00:20.044   540   662 D ActivityManager: freezing 7001 com.android.settings
07-03 23:00:20.046   540   662 D ActivityManager: freezing 7215 com.android.keychain
07-03 23:00:21.918   540   662 D ActivityManager: freezing 5750 com.google.android.googlequicksearchbox:search
07-03 23:00:21.922   540   662 D ActivityManager: freezing 6142 com.google.android.webview:sandboxed_process0:org.chromium.content.app.SandboxedProcessService0:0
07-03 23:00:22.027   540   839 D InetDiagMessage: Destroyed 0 sockets, proto=IPPROTO_TCP, family=AF_INET, states=14
07-03 23:00:22.027   540   839 D InetDiagMessage: Destroyed 0 sockets, proto=IPPROTO_TCP, family=AF_INET6, states=14
07-03 23:00:22.027   540   839 D InetDiagMessage: Destroyed live tcp sockets for uids={99000} in 1ms
07-03 23:00:26.529   540   839 W IPCThreadState: Sending oneway calls to frozen process.
07-03 23:00:26.530   540   839 W IPCThreadState: Sending oneway calls to frozen process.
07-03 23:00:26.530   540   839 W IPCThreadState: Sending oneway calls to frozen process.
07-03 23:00:26.530   540   839 W IPCThreadState: Sending oneway calls to frozen process.
07-03 23:00:26.530   540   839 W IPCThreadState: Sending oneway calls to frozen process.
07-03 23:00:26.530   540   839 W IPCThreadState: Sending oneway calls to frozen process.
07-03 23:00:26.530   540   839 W IPCThreadState: Sending oneway calls to frozen process.
07-03 23:00:26.531   540   839 W IPCThreadState: Sending oneway calls to frozen process.
07-03 23:00:26.532   540   839 W IPCThreadState: Sending oneway calls to frozen process.
07-03 23:00:26.532   540   839 W IPCThreadState: Sending oneway calls to frozen process.
07-03 23:00:26.532   540   839 W IPCThreadState: Sending oneway calls to frozen process.
07-03 23:00:26.537   540   839 W IPCThreadState: Sending oneway calls to frozen process.
07-03 23:00:26.538   540   839 W IPCThreadState: Sending oneway calls to frozen process.
07-03 23:00:26.540   540   839 W IPCThreadState: Sending oneway calls to frozen process.
07-03 23:00:26.540   540   839 W IPCThreadState: Sending oneway calls to frozen process.
07-03 23:00:26.544  3599  3686 I BugleRcsEngine: handleMessage processing message:[NOTIFY_UPTIME_IGNORE_STATE_CHANGED] with [non-null]:RcsEngineImpl reference [CONTEXT log_prefix="RcsEngineImpl[DUAL_REG]:[71a32029-04ca]>Handler" thread_id=68 ]
07-03 23:00:26.546  3599  3642 I BugleRcsEngine: Connected state: [1], networkType: [WIFI] [CONTEXT thread_id=63 ]
07-03 23:00:26.552  3599  3686 I BugleRcsEngine: No RCS Configuration was found in Bugle for simID: redacted-pii:sim_id[chars:20,last3:897] [CONTEXT log_prefix="ProvisioningEngineDataRetriever" thread_id=68 ]
07-03 23:00:26.554  6342  7344 I NullBinder: NullBinder for android.net.action.RECOMMEND_NETWORKS triggering remote TransactionTooLargeException due to Service without Chimera impl, calling uid: 1000, calling pid: 0
07-03 23:00:26.555  6342  7344 W .gms.persistent: Large reply transaction of 1056768 bytes, interface descriptor , code 1
07-03 23:00:33.766   919  1059 D EGL_emulation: app_time_stats: avg=33687.00ms min=33687.00ms max=33687.00ms count=1
07-03 23:00:35.040  1203  1500 D EGL_emulation: app_time_stats: avg=34834.09ms min=34834.09ms max=34834.09ms count=1
07-03 23:00:35.045   387   387 E SurfaceFlinger: Out of order buffers detected for RequestedLayerState{com.google.android.apps.nexuslauncher/com.google.android.apps.nexuslauncher.NexusLauncherActivity#297 parentId=101} producedId=16 frameNumber=98 -> producedId=16 frameNumber=40
07-03 23:00:59.603   540   839 W IPCThreadState: Sending oneway calls to frozen process.
07-03 23:00:59.603   540   839 W IPCThreadState: Sending oneway calls to frozen process.
07-03 23:00:59.603   540   839 W IPCThreadState: Sending oneway calls to frozen process.
07-03 23:00:59.603   540   839 W IPCThreadState: Sending oneway calls to frozen process.
07-03 23:00:59.603   540   839 W IPCThreadState: Sending oneway calls to frozen process.
07-03 23:00:59.603   540   839 W IPCThreadState: Sending oneway calls to frozen process.
07-03 23:00:59.603   540   839 W IPCThreadState: Sending oneway calls to frozen process.
07-03 23:00:59.603   540   839 W IPCThreadState: Sending oneway calls to frozen process.
07-03 23:00:59.608   540   839 W IPCThreadState: Sending oneway calls to frozen process.
07-03 23:00:59.608   540   839 W IPCThreadState: Sending oneway calls to frozen process.
07-03 23:00:59.608   540   839 W IPCThreadState: Sending oneway calls to frozen process.
07-03 23:00:59.615  3599  3642 I BugleRcsEngine: Connected state: [1], networkType: [WIFI] [CONTEXT thread_id=63 ]
07-03 23:00:59.617   540   839 W IPCThreadState: Sending oneway calls to frozen process.
07-03 23:00:59.619   540   839 W IPCThreadState: Sending oneway calls to frozen process.
07-03 23:00:59.619   540   839 W IPCThreadState: Sending oneway calls to frozen process.
07-03 23:00:59.620   540   839 W IPCThreadState: Sending oneway calls to frozen process.
07-03 23:00:59.621  3599  3686 I BugleRcsEngine: handleMessage processing message:[NOTIFY_UPTIME_IGNORE_STATE_CHANGED] with [non-null]:RcsEngineImpl reference [CONTEXT log_prefix="RcsEngineImpl[DUAL_REG]:[71a32029-04ca]>Handler" thread_id=68 ]
07-03 23:00:59.634  6342  6419 I NullBinder: NullBinder for android.net.action.RECOMMEND_NETWORKS triggering remote TransactionTooLargeException due to Service without Chimera impl, calling uid: 1000, calling pid: 0
07-03 23:00:59.635  3599  3686 I BugleRcsEngine: No RCS Configuration was found in Bugle for simID: redacted-pii:sim_id[chars:20,last3:897] [CONTEXT log_prefix="ProvisioningEngineDataRetriever" thread_id=68 ]
07-03 23:00:59.638  6342  6419 W .gms.persistent: Large reply transaction of 1056768 bytes, interface descriptor , code 1
07-03 23:01:00.022  1427  1614 I AiAiEcho: Predicting[0]:  [CONTEXT sampling_count=5 ]
07-03 23:01:00.023  1427  1614 I AiAiEcho: EchoTargets: 
07-03 23:01:00.023  1427  1614 I AiAiEcho: Filtered by AiAi flag check: 
07-03 23:01:00.023  1427  1614 I AiAiEcho: [CONTEXT ratelimit_period="10 SECONDS" ]
07-03 23:01:00.023  1427  1614 I AiAiEcho: Ranked targets strategy: SORT, count: 0, ranking metadata:  [CONTEXT ratelimit_period="10 SECONDS" ]
07-03 23:01:00.024  1427  1614 I AiAiEcho: #remoteViewsTwiddler: feature disabled.
07-03 23:01:00.024  1427  1614 I AiAiEcho: Predicting[0]:  [CONTEXT sampling_count=5 ]
07-03 23:01:00.025  1427  1614 I AiAiEcho: EchoTargets: 
07-03 23:01:00.025  1427  1614 I AiAiEcho: Filtered by AiAi flag check: 
07-03 23:01:00.025  1427  1614 I AiAiEcho: [CONTEXT ratelimit_period="10 SECONDS" ]
07-03 23:01:00.025  1427  1614 I AiAiEcho: Ranked targets strategy: SORT, count: 0, ranking metadata:  [CONTEXT ratelimit_period="10 SECONDS" ]
07-03 23:01:00.027  1427  1614 I AiAiEcho: #remoteViewsTwiddler: feature disabled.
07-03 23:01:00.032  1427  1614 I AiAiEcho: #postPredictionTargets: Sending updates to UISurface lockscreen with targets# 0 (types=[])
07-03 23:01:00.033  1427  1614 I AiAiEcho: #postPredictionTargets: Sending updates to UISurface home with targets# 0 (types=[])
07-03 23:01:00.036  1203  1203 D SsBaseTemplateCard: No text view can be set up
07-03 23:01:00.038  1203  1203 D SsBaseTemplateCard: Passed-in item info is null
07-03 23:01:00.038  1203  1203 D SsBaseTemplateCard: Passed-in item info is null
07-03 23:01:00.038  1203  1203 D SsBaseTemplateCard: Passed-in item info is null
07-03 23:01:00.038  1203  1203 I SsBaseTemplateCard: Secondary card pane is null
07-03 23:01:00.043   919   919 W PageIndicator: Total number of pages invalid: 0. Assuming 1 page.
07-03 23:01:00.068   919  1059 D EGL_emulation: app_time_stats: avg=26301.97ms min=26301.97ms max=26301.97ms count=1
07-03 23:01:00.069  1203  1500 D EGL_emulation: app_time_stats: avg=25028.29ms min=25028.29ms max=25028.29ms count=1
07-03 23:01:00.079   387   387 E SurfaceFlinger: Out of order buffers detected for RequestedLayerState{com.google.android.apps.nexuslauncher/com.google.android.apps.nexuslauncher.NexusLauncherActivity#297 parentId=101} producedId=16 frameNumber=98 -> producedId=16 frameNumber=41
07-03 23:01:07.358  1451  1737 I BistoHotwordHelper: (REDACTED) getHotwordActive::active query: %s, watch: %s, devices connected: %s
07-03 23:01:11.922   540  1017 W BatteryExternalStatsWorker: error reading Bluetooth stats: 11
07-03 23:01:13.795   919  1059 D EGL_emulation: app_time_stats: avg=13725.91ms min=13725.91ms max=13725.91ms count=1
07-03 23:01:21.229  6342  8613 W SystemServiceRegistry: No service published for: wifirtt
07-03 23:01:21.815   540  3139 W AppOps  : Noting op not finished: uid 10144 pkg com.google.android.gms code 113 startTime of in progress event=1751593280896
07-03 23:01:21.838   540  3139 W AppOps  : Noting op not finished: uid 10144 pkg com.google.android.gms code 113 startTime of in progress event=1751593280896
07-03 23:01:21.845   540  1017 W AppOps  : Noting op not finished: uid 10144 pkg com.google.android.gms code 113 startTime of in progress event=1751593280896
07-03 23:01:21.856   540  3139 W AppOps  : Noting op not finished: uid 10144 pkg com.google.android.gms code 79 startTime of in progress event=1751593280938
07-03 23:01:21.872  6342  6379 I ActivityScheduler: nextTriggerTime: 5324968, in 238100ms, detectorType: 39, FULL_TYPE alarmWindowMillis: 80000
07-03 23:01:22.022   540  3139 D WifiNl80211Manager: Scan result ready event
07-03 23:01:22.022   540  3139 D WifiNative: Scan result ready event
07-03 23:01:22.030   540   832 I HalDevMgr: bestIfaceCreationProposal is null, requestIface=STA, existingIface=[name=wlan0 type=STA]
07-03 23:01:22.033  6342  8613 I FrewleTileCacheManagerV: (REDACTED) Fetched %d AP models from cache
07-03 23:01:22.063  6342  6397 I FusedLocation: (REDACTED) location delivery to %s blocked - too close
07-03 23:01:22.067  6342  6379 I ActivityScheduler: nextTriggerTime: 5324968, in 237905ms, detectorType: 39, FULL_TYPE alarmWindowMillis: 80000
07-03 23:01:23.649   540   839 W IPCThreadState: Sending oneway calls to frozen process.
07-03 23:01:23.650   540   839 W IPCThreadState: Sending oneway calls to frozen process.
07-03 23:01:23.652   540   839 W IPCThreadState: Sending oneway calls to frozen process.
07-03 23:01:23.653   540   839 W IPCThreadState: Sending oneway calls to frozen process.
07-03 23:01:23.653   540   839 W IPCThreadState: Sending oneway calls to frozen process.
07-03 23:01:23.655   540   839 W IPCThreadState: Sending oneway calls to frozen process.
07-03 23:01:23.655   540   839 W IPCThreadState: Sending oneway calls to frozen process.
07-03 23:01:23.656   540   839 W IPCThreadState: Sending oneway calls to frozen process.
07-03 23:01:23.656   540   839 W IPCThreadState: Sending oneway calls to frozen process.
07-03 23:01:23.657   540   839 W IPCThreadState: Sending oneway calls to frozen process.
07-03 23:01:23.657   540   839 W IPCThreadState: Sending oneway calls to frozen process.
07-03 23:01:23.658  3599  3686 I BugleRcsEngine: handleMessage processing message:[NOTIFY_UPTIME_IGNORE_STATE_CHANGED] with [non-null]:RcsEngineImpl reference [CONTEXT log_prefix="RcsEngineImpl[DUAL_REG]:[71a32029-04ca]>Handler" thread_id=68 ]
07-03 23:01:23.659  3599  3642 I BugleRcsEngine: Connected state: [1], networkType: [WIFI] [CONTEXT thread_id=63 ]
07-03 23:01:23.662   540   839 W IPCThreadState: Sending oneway calls to frozen process.
07-03 23:01:23.663   540   839 W IPCThreadState: Sending oneway calls to frozen process.
07-03 23:01:23.663   540   839 W IPCThreadState: Sending oneway calls to frozen process.
07-03 23:01:23.664   540   839 W IPCThreadState: Sending oneway calls to frozen process.
07-03 23:01:23.667  3599  3686 I BugleRcsEngine: No RCS Configuration was found in Bugle for simID: redacted-pii:sim_id[chars:20,last3:897] [CONTEXT log_prefix="ProvisioningEngineDataRetriever" thread_id=68 ]
07-03 23:01:23.668  6342  6419 I NullBinder: NullBinder for android.net.action.RECOMMEND_NETWORKS triggering remote TransactionTooLargeException due to Service without Chimera impl, calling uid: 1000, calling pid: 0
07-03 23:01:23.669  6342  6419 W .gms.persistent: Large reply transaction of 1056768 bytes, interface descriptor , code 1
07-03 23:01:35.073  1203  1500 D EGL_emulation: app_time_stats: avg=35004.08ms min=35004.08ms max=35004.08ms count=1
07-03 23:01:35.079   387   387 E SurfaceFlinger: Out of order buffers detected for RequestedLayerState{com.google.android.apps.nexuslauncher/com.google.android.apps.nexuslauncher.NexusLauncherActivity#297 parentId=101} producedId=16 frameNumber=98 -> producedId=16 frameNumber=42
07-03 23:01:53.710   540   839 W IPCThreadState: Sending oneway calls to frozen process.
07-03 23:01:53.710   540   839 W IPCThreadState: Sending oneway calls to frozen process.
07-03 23:01:53.712   540   839 W IPCThreadState: Sending oneway calls to frozen process.
07-03 23:01:53.712   540   839 W IPCThreadState: Sending oneway calls to frozen process.
07-03 23:01:53.712   540   839 W IPCThreadState: Sending oneway calls to frozen process.
07-03 23:01:53.714   540   839 W IPCThreadState: Sending oneway calls to frozen process.
07-03 23:01:53.714   540   839 W IPCThreadState: Sending oneway calls to frozen process.
07-03 23:01:53.715   540   839 W IPCThreadState: Sending oneway calls to frozen process.
07-03 23:01:53.716   540   839 W IPCThreadState: Sending oneway calls to frozen process.
07-03 23:01:53.716  3599  3642 I BugleRcsEngine: Connected state: [1], networkType: [WIFI] [CONTEXT thread_id=63 ]
07-03 23:01:53.717  3599  3686 I BugleRcsEngine: handleMessage processing message:[NOTIFY_UPTIME_IGNORE_STATE_CHANGED] with [non-null]:RcsEngineImpl reference [CONTEXT log_prefix="RcsEngineImpl[DUAL_REG]:[71a32029-04ca]>Handler" thread_id=68 ]
07-03 23:01:53.718   540   839 W IPCThreadState: Sending oneway calls to frozen process.
07-03 23:01:53.718   540   839 W IPCThreadState: Sending oneway calls to frozen process.
07-03 23:01:53.722   540   839 W IPCThreadState: Sending oneway calls to frozen process.
07-03 23:01:53.722   540   839 W IPCThreadState: Sending oneway calls to frozen process.
07-03 23:01:53.723   540   839 W IPCThreadState: Sending oneway calls to frozen process.
07-03 23:01:53.723   540   839 W IPCThreadState: Sending oneway calls to frozen process.
07-03 23:01:53.726  6342  6419 I NullBinder: NullBinder for android.net.action.RECOMMEND_NETWORKS triggering remote TransactionTooLargeException due to Service without Chimera impl, calling uid: 1000, calling pid: 0
07-03 23:01:53.727  6342  6419 W .gms.persistent: Large reply transaction of 1056768 bytes, interface descriptor , code 1
07-03 23:01:53.727  3599  3686 I BugleRcsEngine: No RCS Configuration was found in Bugle for simID: redacted-pii:sim_id[chars:20,last3:897] [CONTEXT log_prefix="ProvisioningEngineDataRetriever" thread_id=68 ]
07-03 23:02:00.018  1427  1614 I AiAiEcho: Predicting[0]:  [CONTEXT sampling_count=5 ]
07-03 23:02:00.019  1427  1614 I AiAiEcho: EchoTargets: 
07-03 23:02:00.019  1427  1614 I AiAiEcho: Filtered by AiAi flag check: 
07-03 23:02:00.019  1427  1614 I AiAiEcho: [CONTEXT ratelimit_period="10 SECONDS" ]
07-03 23:02:00.020  1427  1614 I AiAiEcho: Ranked targets strategy: SORT, count: 0, ranking metadata:  [CONTEXT ratelimit_period="10 SECONDS" ]
07-03 23:02:00.022  1427  1614 I AiAiEcho: #remoteViewsTwiddler: feature disabled.
07-03 23:02:00.023  1427  1614 I AiAiEcho: Predicting[0]:  [CONTEXT sampling_count=5 ]
07-03 23:02:00.023  1427  1614 I AiAiEcho: EchoTargets: 
07-03 23:02:00.023  1427  1614 I AiAiEcho: Filtered by AiAi flag check: 
07-03 23:02:00.023  1427  1614 I AiAiEcho: [CONTEXT ratelimit_period="10 SECONDS" ]
07-03 23:02:00.024  1427  1614 I AiAiEcho: Ranked targets strategy: SORT, count: 0, ranking metadata:  [CONTEXT ratelimit_period="10 SECONDS" ]
07-03 23:02:00.024  1427  1614 I AiAiEcho: #remoteViewsTwiddler: feature disabled.
07-03 23:02:00.032  1427  1614 I AiAiEcho: #postPredictionTargets: Sending updates to UISurface lockscreen with targets# 0 (types=[])
07-03 23:02:00.036  1427  1614 I AiAiEcho: #postPredictionTargets: Sending updates to UISurface home with targets# 0 (types=[])
07-03 23:02:00.042  1203  1203 D SsBaseTemplateCard: No text view can be set up
07-03 23:02:00.048  1203  1203 D SsBaseTemplateCard: Passed-in item info is null
07-03 23:02:00.048  1203  1203 D SsBaseTemplateCard: Passed-in item info is null
07-03 23:02:00.048  1203  1203 D SsBaseTemplateCard: Passed-in item info is null
07-03 23:02:00.048  1203  1203 I SsBaseTemplateCard: Secondary card pane is null
07-03 23:02:00.061   919  1059 D EGL_emulation: app_time_stats: avg=46254.77ms min=46254.77ms max=46254.77ms count=1
07-03 23:02:00.078   919   919 W PageIndicator: Total number of pages invalid: 0. Assuming 1 page.
07-03 23:02:00.092  1203  1500 D EGL_emulation: app_time_stats: avg=25018.10ms min=25018.10ms max=25018.10ms count=1
07-03 23:02:00.095   387   387 E SurfaceFlinger: Out of order buffers detected for RequestedLayerState{com.google.android.apps.nexuslauncher/com.google.android.apps.nexuslauncher.NexusLauncherActivity#297 parentId=101} producedId=16 frameNumber=98 -> producedId=16 frameNumber=43
07-03 23:02:07.365  1451  1710 I BistoHotwordHelper: (REDACTED) getHotwordActive::active query: %s, watch: %s, devices connected: %s
07-03 23:02:25.789   540  3139 D WifiNl80211Manager: Scan result ready event
07-03 23:02:25.790   540  3139 D WifiNative: Scan result ready event
07-03 23:02:25.794   540   832 I HalDevMgr: bestIfaceCreationProposal is null, requestIface=STA, existingIface=[name=wlan0 type=STA]
07-03 23:02:26.787   540   839 W IPCThreadState: Sending oneway calls to frozen process.
07-03 23:02:26.787   540   839 W IPCThreadState: Sending oneway calls to frozen process.
07-03 23:02:26.788   540   839 W IPCThreadState: Sending oneway calls to frozen process.
07-03 23:02:26.789   540   839 W IPCThreadState: Sending oneway calls to frozen process.
07-03 23:02:26.789   540   839 W IPCThreadState: Sending oneway calls to frozen process.
07-03 23:02:26.789   540   839 W IPCThreadState: Sending oneway calls to frozen process.
07-03 23:02:26.790   540   839 W IPCThreadState: Sending oneway calls to frozen process.
07-03 23:02:26.790   540   839 W IPCThreadState: Sending oneway calls to frozen process.
07-03 23:02:26.793   540   839 W IPCThreadState: Sending oneway calls to frozen process.
07-03 23:02:26.793   540   839 W IPCThreadState: Sending oneway calls to frozen process.
07-03 23:02:26.793   540   839 W IPCThreadState: Sending oneway calls to frozen process.
07-03 23:02:26.804   540   839 W IPCThreadState: Sending oneway calls to frozen process.
07-03 23:02:26.804   540   839 W IPCThreadState: Sending oneway calls to frozen process.
07-03 23:02:26.804   540   839 W IPCThreadState: Sending oneway calls to frozen process.
07-03 23:02:26.804   540   839 W IPCThreadState: Sending oneway calls to frozen process.
07-03 23:02:26.807  3599  3686 I BugleRcsEngine: handleMessage processing message:[NOTIFY_UPTIME_IGNORE_STATE_CHANGED] with [non-null]:RcsEngineImpl reference [CONTEXT log_prefix="RcsEngineImpl[DUAL_REG]:[71a32029-04ca]>Handler" thread_id=68 ]
07-03 23:02:26.808  3599  3642 I BugleRcsEngine: Connected state: [1], networkType: [WIFI] [CONTEXT thread_id=63 ]
07-03 23:02:26.818  6342  7344 I NullBinder: NullBinder for android.net.action.RECOMMEND_NETWORKS triggering remote TransactionTooLargeException due to Service without Chimera impl, calling uid: 1000, calling pid: 0
07-03 23:02:26.818  6342  7344 W .gms.persistent: Large reply transaction of 1056768 bytes, interface descriptor , code 1
07-03 23:02:26.819  3599  3686 I BugleRcsEngine: No RCS Configuration was found in Bugle for simID: redacted-pii:sim_id[chars:20,last3:897] [CONTEXT log_prefix="ProvisioningEngineDataRetriever" thread_id=68 ]
07-03 23:02:35.063  1203  1500 D EGL_emulation: app_time_stats: avg=34971.07ms min=34971.07ms max=34971.07ms count=1
07-03 23:02:35.079   387   387 E SurfaceFlinger: Out of order buffers detected for RequestedLayerState{com.google.android.apps.nexuslauncher/com.google.android.apps.nexuslauncher.NexusLauncherActivity#297 parentId=101} producedId=16 frameNumber=98 -> producedId=16 frameNumber=44
07-03 23:02:47.279   540   652 D CompatChangeReporter: Compat change id reported: 262645982; UID 10208; state: ENABLED
07-03 23:02:49.707   919   919 D ZenModeController: Added callback class com.android.systemui.qs.tiles.DndTile$3
07-03 23:02:49.715   919  1041 I QuickAccessWalletTile: QAW service is unavailable, recreating the wallet client.
07-03 23:02:49.729   919  1041 D ControlsListingControllerImpl: Subscribing callback, service count: 0
07-03 23:02:49.738   919   919 D ZenModeController: Removed callback class com.android.systemui.qs.tiles.DndTile$3
07-03 23:02:49.748   919  1041 D ControlsListingControllerImpl: Unsubscribing callback
07-03 23:02:53.626  6342  8613 I AlarmManager: setExactAndAllowWhileIdle [name: GCM_HB_ALARM type: 2 triggerAtMillis: 5828621]
07-03 23:02:53.633  6342  8613 I AlarmManager: setExactAndAllowWhileIdle [name: GCM_HB_ALARM type: 2 triggerAtMillis: 5828629]
07-03 23:02:53.812   919  1059 D EGL_emulation: app_time_stats: avg=53751.23ms min=53751.23ms max=53751.23ms count=1
07-03 23:03:00.029  1427  1614 I AiAiEcho: Predicting[0]:  [CONTEXT sampling_count=5 ]
07-03 23:03:00.034  1427  1614 I AiAiEcho: EchoTargets: 
07-03 23:03:00.034  1427  1614 I AiAiEcho: Filtered by AiAi flag check: 
07-03 23:03:00.034  1427  1614 I AiAiEcho: [CONTEXT ratelimit_period="10 SECONDS" ]
07-03 23:03:00.034  1427  1614 I AiAiEcho: Ranked targets strategy: SORT, count: 0, ranking metadata:  [CONTEXT ratelimit_period="10 SECONDS" ]
07-03 23:03:00.036  1427  1614 I AiAiEcho: #remoteViewsTwiddler: feature disabled.
07-03 23:03:00.037  1427  1614 I AiAiEcho: Predicting[0]:  [CONTEXT sampling_count=5 ]
07-03 23:03:00.038  1427  1614 I AiAiEcho: EchoTargets: 
07-03 23:03:00.038  1427  1614 I AiAiEcho: Filtered by AiAi flag check: 
07-03 23:03:00.038  1427  1614 I AiAiEcho: [CONTEXT ratelimit_period="10 SECONDS" ]
07-03 23:03:00.040  1427  1614 I AiAiEcho: Ranked targets strategy: SORT, count: 0, ranking metadata:  [CONTEXT ratelimit_period="10 SECONDS" ]
07-03 23:03:00.041  1427  1614 I AiAiEcho: #remoteViewsTwiddler: feature disabled.
07-03 23:03:00.043  1427  1614 I AiAiEcho: #postPredictionTargets: Sending updates to UISurface lockscreen with targets# 0 (types=[])
07-03 23:03:00.052  1427  1614 I AiAiEcho: #postPredictionTargets: Sending updates to UISurface home with targets# 0 (types=[])
07-03 23:03:00.056   919  1059 D EGL_emulation: app_time_stats: avg=6243.29ms min=6243.29ms max=6243.29ms count=1
07-03 23:03:00.057   919   919 W PageIndicator: Total number of pages invalid: 0. Assuming 1 page.
07-03 23:03:00.060  1203  1203 D SsBaseTemplateCard: No text view can be set up
07-03 23:03:00.073  1203  1203 D SsBaseTemplateCard: Passed-in item info is null
07-03 23:03:00.073  1203  1203 D SsBaseTemplateCard: Passed-in item info is null
07-03 23:03:00.073  1203  1203 D SsBaseTemplateCard: Passed-in item info is null
07-03 23:03:00.073  1203  1203 I SsBaseTemplateCard: Secondary card pane is null
07-03 23:03:00.106  1203  1500 D EGL_emulation: app_time_stats: avg=25042.21ms min=25042.21ms max=25042.21ms count=1
07-03 23:03:00.112   387   387 E SurfaceFlinger: Out of order buffers detected for RequestedLayerState{com.google.android.apps.nexuslauncher/com.google.android.apps.nexuslauncher.NexusLauncherActivity#297 parentId=101} producedId=16 frameNumber=98 -> producedId=16 frameNumber=45
07-03 23:03:03.370  3599  3599 W TimedProcessReaper: Memory state is: 125
07-03 23:03:03.370  3599  3599 D TimedProcessReaper: Attempted to reap process, but was too important
07-03 23:03:07.371  1451  1840 I BistoHotwordHelper: (REDACTED) getHotwordActive::active query: %s, watch: %s, devices connected: %s
07-03 23:03:32.936   540   839 W IPCThreadState: Sending oneway calls to frozen process.
07-03 23:03:32.936   540   839 W IPCThreadState: Sending oneway calls to frozen process.
07-03 23:03:32.936   540   839 W IPCThreadState: Sending oneway calls to frozen process.
07-03 23:03:32.936   540   839 W IPCThreadState: Sending oneway calls to frozen process.
07-03 23:03:32.936   540   839 W IPCThreadState: Sending oneway calls to frozen process.
07-03 23:03:32.936   540   839 W IPCThreadState: Sending oneway calls to frozen process.
07-03 23:03:32.936   540   839 W IPCThreadState: Sending oneway calls to frozen process.
07-03 23:03:32.936   540   839 W IPCThreadState: Sending oneway calls to frozen process.
07-03 23:03:32.939   540   839 W IPCThreadState: Sending oneway calls to frozen process.
07-03 23:03:32.939   540   839 W IPCThreadState: Sending oneway calls to frozen process.
07-03 23:03:32.939   540   839 W IPCThreadState: Sending oneway calls to frozen process.
07-03 23:03:32.945  3599  3642 I BugleRcsEngine: Connected state: [1], networkType: [WIFI] [CONTEXT thread_id=63 ]
07-03 23:03:32.946   540   839 W IPCThreadState: Sending oneway calls to frozen process.
07-03 23:03:32.946   540   839 W IPCThreadState: Sending oneway calls to frozen process.
07-03 23:03:32.947   540   839 W IPCThreadState: Sending oneway calls to frozen process.
07-03 23:03:32.947   540   839 W IPCThreadState: Sending oneway calls to frozen process.
07-03 23:03:32.950  3599  3686 I BugleRcsEngine: handleMessage processing message:[NOTIFY_UPTIME_IGNORE_STATE_CHANGED] with [non-null]:RcsEngineImpl reference [CONTEXT log_prefix="RcsEngineImpl[DUAL_REG]:[71a32029-04ca]>Handler" thread_id=68 ]
07-03 23:03:32.956  6342  6520 I NullBinder: NullBinder for android.net.action.RECOMMEND_NETWORKS triggering remote TransactionTooLargeException due to Service without Chimera impl, calling uid: 1000, calling pid: 0
07-03 23:03:32.960  6342  6520 W .gms.persistent: Large reply transaction of 1056768 bytes, interface descriptor , code 1
07-03 23:03:32.961  3599  3686 I BugleRcsEngine: No RCS Configuration was found in Bugle for simID: redacted-pii:sim_id[chars:20,last3:897] [CONTEXT log_prefix="ProvisioningEngineDataRetriever" thread_id=68 ]
07-03 23:03:33.804   919  1059 D EGL_emulation: app_time_stats: avg=33747.76ms min=33747.76ms max=33747.76ms count=1
07-03 23:03:35.034  1203  1500 D EGL_emulation: app_time_stats: avg=34927.60ms min=34927.60ms max=34927.60ms count=1
07-03 23:03:35.045   387   387 E SurfaceFlinger: Out of order buffers detected for RequestedLayerState{com.google.android.apps.nexuslauncher/com.google.android.apps.nexuslauncher.NexusLauncherActivity#297 parentId=101} producedId=16 frameNumber=98 -> producedId=16 frameNumber=46
07-03 23:04:00.010  1427  1614 I AiAiEcho: Predicting[0]:  [CONTEXT sampling_count=5 ]
07-03 23:04:00.011  1427  1614 I AiAiEcho: EchoTargets: 
07-03 23:04:00.011  1427  1614 I AiAiEcho: Filtered by AiAi flag check: 
07-03 23:04:00.011  1427  1614 I AiAiEcho: [CONTEXT ratelimit_period="10 SECONDS" ]
07-03 23:04:00.012  1427  1614 I AiAiEcho: Ranked targets strategy: SORT, count: 0, ranking metadata:  [CONTEXT ratelimit_period="10 SECONDS" ]
07-03 23:04:00.012  1427  1614 I AiAiEcho: #remoteViewsTwiddler: feature disabled.
07-03 23:04:00.013  1427  1614 I AiAiEcho: Predicting[0]:  [CONTEXT sampling_count=5 ]
07-03 23:04:00.013  1427  1614 I AiAiEcho: EchoTargets: 
07-03 23:04:00.013  1427  1614 I AiAiEcho: Filtered by AiAi flag check: 
07-03 23:04:00.013  1427  1614 I AiAiEcho: [CONTEXT ratelimit_period="10 SECONDS" ]
07-03 23:04:00.014  1427  1614 I AiAiEcho: Ranked targets strategy: SORT, count: 0, ranking metadata:  [CONTEXT ratelimit_period="10 SECONDS" ]
07-03 23:04:00.014  1427  1614 I AiAiEcho: #remoteViewsTwiddler: feature disabled.
07-03 23:04:00.015  1427  1614 I AiAiEcho: #postPredictionTargets: Sending updates to UISurface lockscreen with targets# 0 (types=[])
07-03 23:04:00.016   919   919 W PageIndicator: Total number of pages invalid: 0. Assuming 1 page.
07-03 23:04:00.016  1427  1614 I AiAiEcho: #postPredictionTargets: Sending updates to UISurface home with targets# 0 (types=[])
07-03 23:04:00.019  1203  1203 D SsBaseTemplateCard: No text view can be set up
07-03 23:04:00.019  1203  1203 D SsBaseTemplateCard: Passed-in item info is null
07-03 23:04:00.020  1203  1203 D SsBaseTemplateCard: Passed-in item info is null
07-03 23:04:00.021  1203  1203 D SsBaseTemplateCard: Passed-in item info is null
07-03 23:04:00.021  1203  1203 I SsBaseTemplateCard: Secondary card pane is null
07-03 23:04:00.057  1203  1500 D EGL_emulation: app_time_stats: avg=25022.89ms min=25022.89ms max=25022.89ms count=1
07-03 23:04:00.058   919  1059 D EGL_emulation: app_time_stats: avg=26254.28ms min=26254.28ms max=26254.28ms count=1
07-03 23:04:00.062   387   387 E SurfaceFlinger: Out of order buffers detected for RequestedLayerState{com.google.android.apps.nexuslauncher/com.google.android.apps.nexuslauncher.NexusLauncherActivity#297 parentId=101} producedId=16 frameNumber=98 -> producedId=16 frameNumber=47
07-03 23:04:06.748  1025  2226 D ApfFilter: (wlan0): Adding RA fe80::2 -> ff02::1 1800s fec0::/64 86400s/14400s 
07-03 23:04:07.359  1451  1710 I BistoHotwordHelper: (REDACTED) getHotwordActive::active query: %s, watch: %s, devices connected: %s
07-03 23:04:13.825   919  1059 D EGL_emulation: app_time_stats: avg=13766.34ms min=13766.34ms max=13766.34ms count=1
07-03 23:04:35.084  1203  1500 D EGL_emulation: app_time_stats: avg=35026.52ms min=35026.52ms max=35026.52ms count=1
07-03 23:04:35.095   387   387 E SurfaceFlinger: Out of order buffers detected for RequestedLayerState{com.google.android.apps.nexuslauncher/com.google.android.apps.nexuslauncher.NexusLauncherActivity#297 parentId=101} producedId=16 frameNumber=98 -> producedId=16 frameNumber=48
07-03 23:04:36.088   540   839 W IPCThreadState: Sending oneway calls to frozen process.
07-03 23:04:36.088   540   839 W IPCThreadState: Sending oneway calls to frozen process.
07-03 23:04:36.089   540   839 W IPCThreadState: Sending oneway calls to frozen process.
07-03 23:04:36.090   540   839 W IPCThreadState: Sending oneway calls to frozen process.
07-03 23:04:36.090   540   839 W IPCThreadState: Sending oneway calls to frozen process.
07-03 23:04:36.090   540   839 W IPCThreadState: Sending oneway calls to frozen process.
07-03 23:04:36.090   540   839 W IPCThreadState: Sending oneway calls to frozen process.
07-03 23:04:36.090   540   839 W IPCThreadState: Sending oneway calls to frozen process.
07-03 23:04:36.095   540   839 W IPCThreadState: Sending oneway calls to frozen process.
07-03 23:04:36.095   540   839 W IPCThreadState: Sending oneway calls to frozen process.
07-03 23:04:36.096   540   839 W IPCThreadState: Sending oneway calls to frozen process.
07-03 23:04:36.105   540   839 W IPCThreadState: Sending oneway calls to frozen process.
07-03 23:04:36.105   540   839 W IPCThreadState: Sending oneway calls to frozen process.
07-03 23:04:36.105   540   839 W IPCThreadState: Sending oneway calls to frozen process.
07-03 23:04:36.106   540   839 W IPCThreadState: Sending oneway calls to frozen process.
07-03 23:04:36.113  3599  3686 I BugleRcsEngine: handleMessage processing message:[NOTIFY_UPTIME_IGNORE_STATE_CHANGED] with [non-null]:RcsEngineImpl reference [CONTEXT log_prefix="RcsEngineImpl[DUAL_REG]:[71a32029-04ca]>Handler" thread_id=68 ]
07-03 23:04:36.115  3599  3642 I BugleRcsEngine: Connected state: [1], networkType: [WIFI] [CONTEXT thread_id=63 ]
07-03 23:04:36.126  6342  7344 I NullBinder: NullBinder for android.net.action.RECOMMEND_NETWORKS triggering remote TransactionTooLargeException due to Service without Chimera impl, calling uid: 1000, calling pid: 0
07-03 23:04:36.127  3599  3686 I BugleRcsEngine: No RCS Configuration was found in Bugle for simID: redacted-pii:sim_id[chars:20,last3:897] [CONTEXT log_prefix="ProvisioningEngineDataRetriever" thread_id=68 ]
07-03 23:04:36.128  6342  7344 W .gms.persistent: Large reply transaction of 1056768 bytes, interface descriptor , code 1
07-03 23:05:00.071  1427  1614 I AiAiEcho: Predicting[0]:  [CONTEXT sampling_count=5 ]
07-03 23:05:00.074  1427  1614 I AiAiEcho: EchoTargets: 
07-03 23:05:00.074  1427  1614 I AiAiEcho: Filtered by AiAi flag check: 
07-03 23:05:00.074  1427  1614 I AiAiEcho: [CONTEXT ratelimit_period="10 SECONDS" ]
07-03 23:05:00.080  1427  1614 I AiAiEcho: Ranked targets strategy: SORT, count: 0, ranking metadata:  [CONTEXT ratelimit_period="10 SECONDS" ]
07-03 23:05:00.081  1427  1614 I AiAiEcho: #remoteViewsTwiddler: feature disabled.
07-03 23:05:00.084  1427  1614 I AiAiEcho: Predicting[0]:  [CONTEXT sampling_count=5 ]
07-03 23:05:00.084  1427  1614 I AiAiEcho: EchoTargets: 
07-03 23:05:00.084  1427  1614 I AiAiEcho: Filtered by AiAi flag check: 
07-03 23:05:00.084  1427  1614 I AiAiEcho: [CONTEXT ratelimit_period="10 SECONDS" ]
07-03 23:05:00.084  1427  1614 I AiAiEcho: Ranked targets strategy: SORT, count: 0, ranking metadata:  [CONTEXT ratelimit_period="10 SECONDS" ]
07-03 23:05:00.084  1427  1614 I AiAiEcho: #remoteViewsTwiddler: feature disabled.
07-03 23:05:00.089  1427  1614 I AiAiEcho: #postPredictionTargets: Sending updates to UISurface lockscreen with targets# 0 (types=[])
07-03 23:05:00.089  1427  1614 I AiAiEcho: #postPredictionTargets: Sending updates to UISurface home with targets# 0 (types=[])
07-03 23:05:00.102   919  1059 D EGL_emulation: app_time_stats: avg=46277.25ms min=46277.25ms max=46277.25ms count=1
07-03 23:05:00.105   919   919 W PageIndicator: Total number of pages invalid: 0. Assuming 1 page.
07-03 23:05:00.106  1203  1203 D SsBaseTemplateCard: No text view can be set up
07-03 23:05:00.107  1203  1203 D SsBaseTemplateCard: Passed-in item info is null
07-03 23:05:00.107  1203  1203 D SsBaseTemplateCard: Passed-in item info is null
07-03 23:05:00.107  1203  1203 D SsBaseTemplateCard: Passed-in item info is null
07-03 23:05:00.107  1203  1203 I SsBaseTemplateCard: Secondary card pane is null
07-03 23:05:00.161  1203  1500 D EGL_emulation: app_time_stats: avg=25077.22ms min=25077.22ms max=25077.22ms count=1
07-03 23:05:00.162   387   387 E SurfaceFlinger: Out of order buffers detected for RequestedLayerState{com.google.android.apps.nexuslauncher/com.google.android.apps.nexuslauncher.NexusLauncherActivity#297 parentId=101} producedId=16 frameNumber=98 -> producedId=16 frameNumber=49
07-03 23:05:05.814   540  2696 D WifiNl80211Manager: Scan result ready event
07-03 23:05:05.815   540  2696 D WifiNative: Scan result ready event
07-03 23:05:05.834   540   832 I HalDevMgr: bestIfaceCreationProposal is null, requestIface=STA, existingIface=[name=wlan0 type=STA]
07-03 23:05:07.368  1451  1737 I BistoHotwordHelper: (REDACTED) getHotwordActive::active query: %s, watch: %s, devices connected: %s
07-03 23:05:35.047  1203  1500 D EGL_emulation: app_time_stats: avg=34885.79ms min=34885.79ms max=34885.79ms count=1
07-03 23:05:35.062   387   387 E SurfaceFlinger: Out of order buffers detected for RequestedLayerState{com.google.android.apps.nexuslauncher/com.google.android.apps.nexuslauncher.NexusLauncherActivity#297 parentId=101} producedId=16 frameNumber=98 -> producedId=16 frameNumber=50
07-03 23:05:53.914   919  1059 D EGL_emulation: app_time_stats: avg=53810.89ms min=53810.89ms max=53810.89ms count=1
07-03 23:06:00.065  1427  1614 I AiAiEcho: Predicting[0]:  [CONTEXT sampling_count=5 ]
07-03 23:06:00.066  1427  1614 I AiAiEcho: EchoTargets: 
07-03 23:06:00.066  1427  1614 I AiAiEcho: Filtered by AiAi flag check: 
07-03 23:06:00.066  1427  1614 I AiAiEcho: [CONTEXT ratelimit_period="10 SECONDS" ]
07-03 23:06:00.067  1427  1614 I AiAiEcho: Ranked targets strategy: SORT, count: 0, ranking metadata:  [CONTEXT ratelimit_period="10 SECONDS" ]
07-03 23:06:00.081  1427  1614 I AiAiEcho: #remoteViewsTwiddler: feature disabled.
07-03 23:06:00.083  1427  1614 I AiAiEcho: Predicting[0]:  [CONTEXT sampling_count=5 ]
07-03 23:06:00.083  1427  1614 I AiAiEcho: EchoTargets: 
07-03 23:06:00.083  1427  1614 I AiAiEcho: Filtered by AiAi flag check: 
07-03 23:06:00.083  1427  1614 I AiAiEcho: [CONTEXT ratelimit_period="10 SECONDS" ]
07-03 23:06:00.084  1427  1614 I AiAiEcho: Ranked targets strategy: SORT, count: 0, ranking metadata:  [CONTEXT ratelimit_period="10 SECONDS" ]
07-03 23:06:00.084  1427  1614 I AiAiEcho: #remoteViewsTwiddler: feature disabled.
07-03 23:06:00.090  1427  1614 I AiAiEcho: #postPredictionTargets: Sending updates to UISurface lockscreen with targets# 0 (types=[])
