07-03 23:07:06.209   540   639 D FileSystemUtils: Extra field length: 5179 content near offset: 00000000000000000000000000000000000000000000000000000000000000000000000000000000000000000000000000000000000000000000000000000000000000000000000000000000000000000000000000000000000000000000000000000000000000000000000000000000000000000000000000000000000000000000000000000000000000000000000000000000000000000000000000000000000000000000000000000000000000000000000000000000000000000000000000000000000000000000000000000000000000000000000000000000000000000000000000000000000000000000000000000000000000000000000000000000000000000000000000000000000000000000000000000000000000000000000000000000000000000000000000000000000000000000000000000000000000000000000000000000000000000000000000000000000000000000000000000000000000000000000000000000000000000000000000000000000000000000000000000000000000000000000000000000000000000000000000000000000000000000000000000000000000000000000000000000000000000000000000000000000000000000000000000000000000000000000000000000000000000000000000000000000000000
07-03 23:07:06.209   540   639 D FileSystemUtils: Punching hole in file - start: 16265216 len:4096
07-03 23:07:06.209   540   639 D FileSystemUtils: punchHolesInApk:: Size after punching holes st_blocks: 289752, st_blksize: 4096, st_size: 148401357
07-03 23:07:06.219   540   605 I PackageManager: Integrity check passed for file:///data/app/vmdl929607877.tmp
07-03 23:07:06.223   540   605 W PackageManager: Existing package com.anonymous.cellphoneApp signatures do not match newer version; ignoring!
07-03 23:07:06.224   540   605 D PackageInstallerSession: Marking session 929607877 as failed: INSTALL_FAILED_UPDATE_INCOMPATIBLE: Existing package com.anonymous.cellphoneApp signatures do not match newer version; ignoring!
07-03 23:07:06.225   540   605 I PackageInstallerSession: Session [929607877] was destroyed because of [Session marked as failed: INSTALL_FAILED_UPDATE_INCOMPATIBLE: Existing package com.anonymous.cellphoneApp signatures do not match newer version; ignoring!]
07-03 23:07:07.361  1451  1840 I BistoHotwordHelper: (REDACTED) getHotwordActive::active query: %s, watch: %s, devices connected: %s
07-03 23:07:09.950   919   919 D ZenModeController: Added callback class com.android.systemui.qs.tiles.DndTile$3
07-03 23:07:09.965   919   919 D ZenModeController: Removed callback class com.android.systemui.qs.tiles.DndTile$3
07-03 23:07:13.897   919  1059 D EGL_emulation: app_time_stats: avg=13829.40ms min=13829.40ms max=13829.40ms count=1
07-03 23:07:30.630   540   581 W IPCThreadState: Sending oneway calls to frozen process.
07-03 23:07:35.071  1203  1500 D EGL_emulation: app_time_stats: avg=34999.17ms min=34999.17ms max=34999.17ms count=1
07-03 23:07:35.078   387   387 E SurfaceFlinger: Out of order buffers detected for RequestedLayerState{com.google.android.apps.nexuslauncher/com.google.android.apps.nexuslauncher.NexusLauncherActivity#297 parentId=101} producedId=16 frameNumber=98 -> producedId=16 frameNumber=54
07-03 23:07:38.589  1025  2226 D ApfFilter: (wlan0): Ignoring RA RA fe80::2 -> ff02::1 1800s fec0::/64 86400s/14400s  which matches RA fe80::2 -> ff02::1 1800s fec0::/64 86400s/14400s 
07-03 23:07:45.809   540  3139 D WifiNl80211Manager: Scan result ready event
07-03 23:07:45.811   540  3139 D WifiNative: Scan result ready event
07-03 23:07:45.820   540   832 I HalDevMgr: bestIfaceCreationProposal is null, requestIface=STA, existingIface=[name=wlan0 type=STA]
07-03 23:08:00.010  1427  1614 I AiAiEcho: Predicting[0]:  [CONTEXT sampling_count=5 ]
07-03 23:08:00.011  1427  1614 I AiAiEcho: EchoTargets: 
07-03 23:08:00.011  1427  1614 I AiAiEcho: Filtered by AiAi flag check: 
07-03 23:08:00.011  1427  1614 I AiAiEcho: [CONTEXT ratelimit_period="10 SECONDS" ]
07-03 23:08:00.011  1427  1614 I AiAiEcho: Ranked targets strategy: SORT, count: 0, ranking metadata:  [CONTEXT ratelimit_period="10 SECONDS" ]
07-03 23:08:00.012  1427  1614 I AiAiEcho: #remoteViewsTwiddler: feature disabled.
07-03 23:08:00.013  1427  1614 I AiAiEcho: Predicting[0]:  [CONTEXT sampling_count=5 ]
07-03 23:08:00.013  1427  1614 I AiAiEcho: EchoTargets: 
07-03 23:08:00.013  1427  1614 I AiAiEcho: Filtered by AiAi flag check: 
07-03 23:08:00.013  1427  1614 I AiAiEcho: [CONTEXT ratelimit_period="10 SECONDS" ]
07-03 23:08:00.014  1427  1614 I AiAiEcho: Ranked targets strategy: SORT, count: 0, ranking metadata:  [CONTEXT ratelimit_period="10 SECONDS" ]
07-03 23:08:00.014  1427  1614 I AiAiEcho: #remoteViewsTwiddler: feature disabled.
07-03 23:08:00.017  1427  1614 I AiAiEcho: #postPredictionTargets: Sending updates to UISurface lockscreen with targets# 0 (types=[])
07-03 23:08:00.017  1427  1614 I AiAiEcho: #postPredictionTargets: Sending updates to UISurface home with targets# 0 (types=[])
07-03 23:08:00.019  1203  1203 D SsBaseTemplateCard: No text view can be set up
07-03 23:08:00.020  1203  1203 D SsBaseTemplateCard: Passed-in item info is null
07-03 23:08:00.020  1203  1203 D SsBaseTemplateCard: Passed-in item info is null
07-03 23:08:00.020  1203  1203 D SsBaseTemplateCard: Passed-in item info is null
07-03 23:08:00.020  1203  1203 I SsBaseTemplateCard: Secondary card pane is null
07-03 23:08:00.040   919   919 W PageIndicator: Total number of pages invalid: 0. Assuming 1 page.
07-03 23:08:00.053  1203  1500 D EGL_emulation: app_time_stats: avg=24981.91ms min=24981.91ms max=24981.91ms count=1
07-03 23:08:00.055   919  1059 D EGL_emulation: app_time_stats: avg=46156.45ms min=46156.45ms max=46156.45ms count=1
07-03 23:08:00.062   387   387 E SurfaceFlinger: Out of order buffers detected for RequestedLayerState{com.google.android.apps.nexuslauncher/com.google.android.apps.nexuslauncher.NexusLauncherActivity#297 parentId=101} producedId=16 frameNumber=98 -> producedId=16 frameNumber=55
07-03 23:08:07.359  1451  1737 I BistoHotwordHelper: (REDACTED) getHotwordActive::active query: %s, watch: %s, devices connected: %s
07-03 23:08:11.935  6813  8645 D MddListenableWorkerFactory: createWorker for class: com.google.apps.tiktok.contrib.work.TikTokListenableWorker
07-03 23:08:11.948  6813  6813 I SyncManagerImpl: #sync(). Running Synclets and scheduling next sync.
07-03 23:08:11.976  6813  6854 I SyncManagerImpl: Starting synclet: TemplateFetcherSynclet
07-03 23:08:11.984  6813  6830 I SyncManagerImpl: #sync() complete
07-03 23:08:11.984  6813  6836 I SyncManagerImpl: Completed sync. Scheduling next wakeup
07-03 23:08:11.984  6813  6836 I SyncWorkManagerOneTimeS: Scheduling next onetime WorkManager workers
07-03 23:08:12.007  6813  8646 I WM-WorkerWrapper: Work [ id=77761c31-4599-467c-903e-09146a86e253, tags={ com.google.apps.tiktok.contrib.work.TikTokListenableWorker,com.google.apps.tiktok.sync.impl.workmanager.SyncWorker,TikTokWorker#com.google.apps.tiktok.sync.impl.workmanager.SyncWorker } ] was cancelled
07-03 23:08:12.007  6813  8646 I WM-WorkerWrapper: oif
07-03 23:08:12.007  6813  8646 I WM-WorkerWrapper: 	at ogw.e(PG:5)
07-03 23:08:12.007  6813  8646 I WM-WorkerWrapper: 	at oou.b(PG:154)
07-03 23:08:12.007  6813  8646 I WM-WorkerWrapper: 	at ooo.run(PG:80)
07-03 23:08:12.007  6813  8646 I WM-WorkerWrapper: 	at nkm.o(PG:4)
07-03 23:08:12.007  6813  8646 I WM-WorkerWrapper: 	at oou.c(PG:14)
07-03 23:08:12.007  6813  8646 I WM-WorkerWrapper: 	at oow.b(PG:251)
07-03 23:08:12.007  6813  8646 I WM-WorkerWrapper: 	at oow.a(PG:158)
07-03 23:08:12.007  6813  8646 I WM-WorkerWrapper: 	at ohi.invoke(PG:3)
07-03 23:08:12.007  6813  8646 I WM-WorkerWrapper: 	at off.run(PG:7)
07-03 23:08:12.007  6813  8646 I WM-WorkerWrapper: 	at opp.run(PG:3)
07-03 23:08:12.007  6813  8646 I WM-WorkerWrapper: 	at crzm.run(PG:3)
07-03 23:08:12.007  6813  8646 I WM-WorkerWrapper: 	at java.util.concurrent.ThreadPoolExecutor.runWorker(ThreadPoolExecutor.java:1145)
07-03 23:08:12.007  6813  8646 I WM-WorkerWrapper: 	at java.util.concurrent.ThreadPoolExecutor$Worker.run(ThreadPoolExecutor.java:644)
07-03 23:08:12.007  6813  8646 I WM-WorkerWrapper: 	at cryq.run(PG:6)
07-03 23:08:12.007  6813  8646 I WM-WorkerWrapper: 	at java.lang.Thread.run(Thread.java:1012)
07-03 23:08:12.007  6813  8646 I WM-WorkerWrapper: 	at csaw.run(PG:64)
07-03 23:08:12.013  6813  8646 I SyncWorkManagerOneTimeS: Successfully scheduled next onetime workers
07-03 23:08:35.080  1203  1500 D EGL_emulation: app_time_stats: avg=35027.18ms min=35027.18ms max=35027.18ms count=1
07-03 23:08:35.098   387   387 E SurfaceFlinger: Out of order buffers detected for RequestedLayerState{com.google.android.apps.nexuslauncher/com.google.android.apps.nexuslauncher.NexusLauncherActivity#297 parentId=101} producedId=16 frameNumber=98 -> producedId=16 frameNumber=56
07-03 23:08:51.737   540   839 W IPCThreadState: Sending oneway calls to frozen process.
07-03 23:08:51.737   540   839 W IPCThreadState: Sending oneway calls to frozen process.
07-03 23:08:51.737   540   839 W IPCThreadState: Sending oneway calls to frozen process.
07-03 23:08:51.737   540   839 W IPCThreadState: Sending oneway calls to frozen process.
07-03 23:08:51.737   540   839 W IPCThreadState: Sending oneway calls to frozen process.
07-03 23:08:51.737   540   839 W IPCThreadState: Sending oneway calls to frozen process.
07-03 23:08:51.737   540   839 W IPCThreadState: Sending oneway calls to frozen process.
07-03 23:08:51.744   540   839 W IPCThreadState: Sending oneway calls to frozen process.
07-03 23:08:51.746   540   839 W IPCThreadState: Sending oneway calls to frozen process.
07-03 23:08:51.746   540   839 W IPCThreadState: Sending oneway calls to frozen process.
07-03 23:08:51.746   540   839 W IPCThreadState: Sending oneway calls to frozen process.
07-03 23:08:51.754   540   839 W IPCThreadState: Sending oneway calls to frozen process.
07-03 23:08:51.754   540   839 W IPCThreadState: Sending oneway calls to frozen process.
07-03 23:08:51.755   540   839 W IPCThreadState: Sending oneway calls to frozen process.
07-03 23:08:51.755   540   839 W IPCThreadState: Sending oneway calls to frozen process.
07-03 23:08:51.762  3599  3642 I BugleRcsEngine: Connected state: [1], networkType: [WIFI] [CONTEXT thread_id=63 ]
07-03 23:08:51.764  3599  3686 I BugleRcsEngine: handleMessage processing message:[NOTIFY_UPTIME_IGNORE_STATE_CHANGED] with [non-null]:RcsEngineImpl reference [CONTEXT log_prefix="RcsEngineImpl[DUAL_REG]:[71a32029-04ca]>Handler" thread_id=68 ]
07-03 23:08:51.775  6342  6653 I NullBinder: NullBinder for android.net.action.RECOMMEND_NETWORKS triggering remote TransactionTooLargeException due to Service without Chimera impl, calling uid: 1000, calling pid: 0
07-03 23:08:51.777  3599  3686 I BugleRcsEngine: No RCS Configuration was found in Bugle for simID: redacted-pii:sim_id[chars:20,last3:897] [CONTEXT log_prefix="ProvisioningEngineDataRetriever" thread_id=68 ]
07-03 23:08:51.780  6342  6653 W .gms.persistent: Large reply transaction of 1056768 bytes, interface descriptor , code 1
07-03 23:08:53.891   919  1059 D EGL_emulation: app_time_stats: avg=53836.00ms min=53836.00ms max=53836.00ms count=1
07-03 23:09:00.008  1427  1614 I AiAiEcho: Predicting[0]:  [CONTEXT sampling_count=5 ]
07-03 23:09:00.009  1427  1614 I AiAiEcho: EchoTargets: 
07-03 23:09:00.009  1427  1614 I AiAiEcho: Filtered by AiAi flag check: 
07-03 23:09:00.009  1427  1614 I AiAiEcho: [CONTEXT ratelimit_period="10 SECONDS" ]
07-03 23:09:00.009  1427  1614 I AiAiEcho: Ranked targets strategy: SORT, count: 0, ranking metadata:  [CONTEXT ratelimit_period="10 SECONDS" ]
07-03 23:09:00.011  1427  1614 I AiAiEcho: #remoteViewsTwiddler: feature disabled.
07-03 23:09:00.011  1427  1614 I AiAiEcho: Predicting[0]:  [CONTEXT sampling_count=5 ]
07-03 23:09:00.011  1427  1614 I AiAiEcho: EchoTargets: 
07-03 23:09:00.011  1427  1614 I AiAiEcho: Filtered by AiAi flag check: 
07-03 23:09:00.011  1427  1614 I AiAiEcho: [CONTEXT ratelimit_period="10 SECONDS" ]
07-03 23:09:00.011  1427  1614 I AiAiEcho: Ranked targets strategy: SORT, count: 0, ranking metadata:  [CONTEXT ratelimit_period="10 SECONDS" ]
07-03 23:09:00.011  1427  1614 I AiAiEcho: #remoteViewsTwiddler: feature disabled.
07-03 23:09:00.013  1427  1614 I AiAiEcho: #postPredictionTargets: Sending updates to UISurface lockscreen with targets# 0 (types=[])
07-03 23:09:00.016  1427  1614 I AiAiEcho: #postPredictionTargets: Sending updates to UISurface home with targets# 0 (types=[])
07-03 23:09:00.017   919   919 W PageIndicator: Total number of pages invalid: 0. Assuming 1 page.
07-03 23:09:00.018  1203  1203 D SsBaseTemplateCard: No text view can be set up
07-03 23:09:00.018  1203  1203 D SsBaseTemplateCard: Passed-in item info is null
07-03 23:09:00.019  1203  1203 D SsBaseTemplateCard: Passed-in item info is null
07-03 23:09:00.019  1203  1203 D SsBaseTemplateCard: Passed-in item info is null
07-03 23:09:00.019  1203  1203 I SsBaseTemplateCard: Secondary card pane is null
07-03 23:09:00.046  1203  1500 D EGL_emulation: app_time_stats: avg=24965.32ms min=24965.32ms max=24965.32ms count=1
07-03 23:09:00.047   919  1059 D EGL_emulation: app_time_stats: avg=6155.74ms min=6155.74ms max=6155.74ms count=1
07-03 23:09:00.062   387   387 E SurfaceFlinger: Out of order buffers detected for RequestedLayerState{com.google.android.apps.nexuslauncher/com.google.android.apps.nexuslauncher.NexusLauncherActivity#297 parentId=101} producedId=16 frameNumber=98 -> producedId=16 frameNumber=57
07-03 23:09:07.360  1451  1710 I BistoHotwordHelper: (REDACTED) getHotwordActive::active query: %s, watch: %s, devices connected: %s
07-03 23:09:21.796   540   839 W IPCThreadState: Sending oneway calls to frozen process.
07-03 23:09:21.797   540   839 W IPCThreadState: Sending oneway calls to frozen process.
07-03 23:09:21.797   540   839 W IPCThreadState: Sending oneway calls to frozen process.
07-03 23:09:21.798   540   839 W IPCThreadState: Sending oneway calls to frozen process.
07-03 23:09:21.798   540   839 W IPCThreadState: Sending oneway calls to frozen process.
07-03 23:09:21.799   540   839 W IPCThreadState: Sending oneway calls to frozen process.
07-03 23:09:21.800   540   839 W IPCThreadState: Sending oneway calls to frozen process.
07-03 23:09:21.800   540   839 W IPCThreadState: Sending oneway calls to frozen process.
07-03 23:09:21.800   540   839 W IPCThreadState: Sending oneway calls to frozen process.
07-03 23:09:21.800   540   839 W IPCThreadState: Sending oneway calls to frozen process.
07-03 23:09:21.800   540   839 W IPCThreadState: Sending oneway calls to frozen process.
07-03 23:09:21.801  3599  3642 I BugleRcsEngine: Connected state: [1], networkType: [WIFI] [CONTEXT thread_id=63 ]
07-03 23:09:21.804   540   839 W IPCThreadState: Sending oneway calls to frozen process.
07-03 23:09:21.805  3599  3686 I BugleRcsEngine: handleMessage processing message:[NOTIFY_UPTIME_IGNORE_STATE_CHANGED] with [non-null]:RcsEngineImpl reference [CONTEXT log_prefix="RcsEngineImpl[DUAL_REG]:[71a32029-04ca]>Handler" thread_id=68 ]
07-03 23:09:21.805   540   839 W IPCThreadState: Sending oneway calls to frozen process.
07-03 23:09:21.807   540   839 W IPCThreadState: Sending oneway calls to frozen process.
07-03 23:09:21.808   540   839 W IPCThreadState: Sending oneway calls to frozen process.
07-03 23:09:21.814  3599  3686 I BugleRcsEngine: No RCS Configuration was found in Bugle for simID: redacted-pii:sim_id[chars:20,last3:897] [CONTEXT log_prefix="ProvisioningEngineDataRetriever" thread_id=68 ]
07-03 23:09:21.817  6342  6653 I NullBinder: NullBinder for android.net.action.RECOMMEND_NETWORKS triggering remote TransactionTooLargeException due to Service without Chimera impl, calling uid: 1000, calling pid: 0
07-03 23:09:21.818  6342  6653 W .gms.persistent: Large reply transaction of 1056768 bytes, interface descriptor , code 1
07-03 23:09:33.888   919  1059 D EGL_emulation: app_time_stats: avg=33840.73ms min=33840.73ms max=33840.73ms count=1
07-03 23:09:35.028  1203  1500 D EGL_emulation: app_time_stats: avg=34981.34ms min=34981.34ms max=34981.34ms count=1
07-03 23:09:35.028   387   387 E SurfaceFlinger: Out of order buffers detected for RequestedLayerState{com.google.android.apps.nexuslauncher/com.google.android.apps.nexuslauncher.NexusLauncherActivity#297 parentId=101} producedId=16 frameNumber=98 -> producedId=16 frameNumber=58
07-03 23:09:58.107   540   582 I ActivityManager: Force stopping com.anonymous.cellphoneApp appid=10208 user=-1: deletePackageX
07-03 23:09:58.121  6813  6836 W Bugle   : TextClassifierLibManagerImpl: Reclaiming memory at level: 40
07-03 23:09:58.164  8655  8655 I artd    : Starting artd
07-03 23:09:58.165  8655  8655 I AidlLazyServiceRegistrar: Registering service artd
07-03 23:09:58.166  8655  8657 I AidlLazyServiceRegistrar: Process has 1 (of 1 available) client(s) in use after notification artd has clients: 1
07-03 23:09:58.184   147  6789 I keystore2: system/security/keystore2/src/maintenance.rs:341 - clearNamespace(r#APP, nspace=10208)
07-03 23:09:58.203   540  2738 E TaskPersister: File error accessing recents directory (directory doesn't exist?).
07-03 23:09:58.216   540   605 I ActivityManager: Force stopping com.anonymous.cellphoneApp appid=10208 user=0: pkg removed
07-03 23:09:58.220   540   605 W IPCThreadState: Sending oneway calls to frozen process.
07-03 23:09:58.220   540   605 W IPCThreadState: Sending oneway calls to frozen process.
07-03 23:09:58.224   540   605 W IPCThreadState: Sending oneway calls to frozen process.
07-03 23:09:58.224   540   605 W IPCThreadState: Sending oneway calls to frozen process.
07-03 23:09:58.224   540   605 W IPCThreadState: Sending oneway calls to frozen process.
07-03 23:09:58.224   540   605 W IPCThreadState: Sending oneway calls to frozen process.
07-03 23:09:58.224   540   605 W IPCThreadState: Sending oneway calls to frozen process.
07-03 23:09:58.224   540   605 W IPCThreadState: Sending oneway calls to frozen process.
07-03 23:09:58.224   540   605 W IPCThreadState: Sending oneway calls to frozen process.
07-03 23:09:58.225   540   605 W IPCThreadState: Sending oneway calls to frozen process.
07-03 23:09:58.225   540   605 W IPCThreadState: Sending oneway calls to frozen process.
07-03 23:09:58.225   540   605 W IPCThreadState: Sending oneway calls to frozen process.
07-03 23:09:58.225   540   605 W IPCThreadState: Sending oneway calls to frozen process.
07-03 23:09:58.225   540   605 W IPCThreadState: Sending oneway calls to frozen process.
07-03 23:09:58.256   540   684 V StorageManagerService: Package com.anonymous.cellphoneApp does not have legacy storage
07-03 23:09:58.257  1090  1090 D CarrierSvcBindHelper: onPackageRemoved: com.anonymous.cellphoneApp
07-03 23:09:58.261  1090  1090 D CarrierSvcBindHelper: No carrier app for: 0
07-03 23:09:58.264   540   845 E AppOps  : attributionTag VCN not declared in manifest of android
07-03 23:09:58.282   540   582 D ActivityManager: sync unfroze 8168 com.google.android.documentsui for 3
07-03 23:09:58.286   540   832 W WifiService: Couldn't get PackageInfo for package:com.anonymous.cellphoneApp
07-03 23:09:58.286   540   832 D WifiService: Remove settings for package:com.anonymous.cellphoneApp
07-03 23:09:58.292   540   832 D WifiConfigManager: Remove all networks for app ApplicationInfo{f4856ac com.anonymous.cellphoneApp}
07-03 23:09:58.303   540   654 I RollbackManager: broadcast=ACTION_PACKAGE_FULLY_REMOVED pkg=com.anonymous.cellphoneApp
07-03 23:09:58.309   540   832 I PasspointManager: No app ops listener found for com.anonymous.cellphoneApp
07-03 23:09:58.309   540   832 W WifiService: Couldn't get PackageInfo for package:com.anonymous.cellphoneApp
07-03 23:09:58.309   540   832 D WifiService: Remove settings for package:com.anonymous.cellphoneApp
07-03 23:09:58.309   540   832 D WifiConfigManager: Remove all networks for app ApplicationInfo{d3a3198 com.anonymous.cellphoneApp}
07-03 23:09:58.309   540   832 I PasspointManager: No app ops listener found for com.anonymous.cellphoneApp
07-03 23:09:58.314  1419  1419 W MediaProvider: WorkProfileOwnerApps cache is empty
07-03 23:09:58.318   540   582 V GrammaticalInflectionUtils: AttributionSource: android.content.AttributionSource@e1ce7851 does not have READ_SYSTEM_GRAMMATICAL_GENDER permission.
07-03 23:09:58.321  1203  1209 I s.nexuslauncher: Background concurrent mark compact GC freed 3212KB AllocSpace bytes, 34(664KB) LOS objects, 49% free, 6380KB/12MB, paused 201us,7.523ms total 102.212ms
07-03 23:09:58.321  1419  1419 D PickerSyncLockManager: Trying to acquire lock com.android.providers.media.photopicker.sync.CloseableReentrantLock@d730807[Unlocked]. Lock Name = CLOUD_PROVIDER_LOCK. Threads that may be waiting to acquire this lock = []
07-03 23:09:58.321  1090  1090 E SmsApplication: com.google.android.apps.messaging lost android:read_cell_broadcasts:  (fixing)
07-03 23:09:58.328   540  3139 W AppOpService: Ignored setUidMode call for runtime permission app op: uid = 10140, code = READ_CELL_BROADCASTS, mode = allow, callingUid = 1001, oldMode = allow
07-03 23:09:58.331  1419  1419 D CloseableReentrantLock: Successfully acquired lock com.android.providers.media.photopicker.sync.CloseableReentrantLock@d730807[Locked by thread main]. Lock Name = CLOUD_PROVIDER_LOCK. Threads that may be waiting to acquire this lock = []
07-03 23:09:58.331  1419  1419 D CloseableReentrantLock: Successfully released lock com.android.providers.media.photopicker.sync.CloseableReentrantLock@d730807[Unlocked]. Lock Name = CLOUD_PROVIDER_LOCK. Threads that may be waiting to acquire this lock = []
07-03 23:09:58.344   540   881 D ShortcutService: received package broadcast intent: Intent { act=android.intent.action.PACKAGE_REMOVED dat=package: flg=0x4000010 (has extras) }
07-03 23:09:58.344   540   881 D ShortcutService: removing package: com.anonymous.cellphoneApp userId0
07-03 23:09:58.344   540   881 D ShortcutService: handlePackageRemoved: com.anonymous.cellphoneApp user=0
07-03 23:09:58.351  8168  8184 W oid.documentsui: Reducing the number of considered missed Gc histogram windows from 166 to 100
07-03 23:09:58.353  8168  8186 W oid.documentsui: ApkAssets: Deleting an ApkAssets object '<empty> and /system/priv-app/ExternalStorageProvider/ExternalStorageProvider.apk' with 1 weak references
07-03 23:09:58.354  8168  8186 W oid.documentsui: ApkAssets: Deleting an ApkAssets object '<empty> and /apex/com.android.mediaprovider/priv-app/MediaProviderGoogle@350820300/MediaProviderGoogle.apk' with 1 weak references
07-03 23:09:58.354  8168  8186 W oid.documentsui: ApkAssets: Deleting an ApkAssets object '<empty> and /system/priv-app/DownloadProvider/DownloadProvider.apk' with 1 weak references
07-03 23:09:58.354  8168  8186 W oid.documentsui: ApkAssets: Deleting an ApkAssets object '<empty> and /system/priv-app/MtpService/MtpService.apk' with 1 weak references
07-03 23:09:58.355   540   582 D ActivityManager: sync unfroze 7253 com.google.android.apps.wellbeing for 3
07-03 23:09:58.355  1090  1090 E CellBroadcastUtils: getDefaultCellBroadcastReceiverPackageName: no package found
07-03 23:09:58.356   540  3441 W AppOpService: Ignored setUidMode call for runtime permission app op: uid = 1001, code = READ_SMS, mode = allow, callingUid = 1001, oldMode = allow
07-03 23:09:58.356   540  3441 W AppOpService: Ignored setUidMode call for runtime permission app op: uid = 1001, code = RECEIVE_SMS, mode = allow, callingUid = 1001, oldMode = allow
07-03 23:09:58.356   540  3441 W AppOpService: Ignored setUidMode call for runtime permission app op: uid = 1001, code = RECEIVE_WAP_PUSH, mode = allow, callingUid = 1001, oldMode = allow
07-03 23:09:58.356   540  3441 W AppOpService: Ignored setUidMode call for runtime permission app op: uid = 1001, code = SEND_SMS, mode = allow, callingUid = 1001, oldMode = allow
07-03 23:09:58.356   540  3441 W AppOpService: Ignored setUidMode call for runtime permission app op: uid = 1001, code = READ_CELL_BROADCASTS, mode = allow, callingUid = 1001, oldMode = allow
07-03 23:09:58.367  8168  8664 W IPCThreadState: Transaction failed because process frozen.
07-03 23:09:58.367  8168  8664 E IPCThreadState: Binder transaction failure. id: 1023163, BR_*: 29202, error: 0 (Success)
07-03 23:09:58.368  8168  8664 E JavaBinder: !!! FAILED BINDER TRANSACTION !!!  (parcel size = 336)
07-03 23:09:58.370   540  1017 W ActivityManager: pid 8168 com.google.android.documentsui sent binder code 1 with flags 2 to frozen apps and got error -2147483646
07-03 23:09:58.372   540   540 D ActivityManager: sync unfroze 7001 com.android.settings for 10
07-03 23:09:58.378   540  3441 W JobInfo : Job 'com.google.android.providers.media.module/com.android.providers.media.MediaService#-300' has a deadline with no functional constraints. The deadline won't improve job execution latency. Consider removing the deadline.
07-03 23:09:58.385  8168  8664 I ActivityThread: Removing dead content provider:android.content.ContentProviderProxy@a757aad
07-03 23:09:58.388   540   540 D ActivityManager: sync unfroze 7215 com.android.keychain for 10
07-03 23:09:58.388   540  2696 W IPCThreadState: Transaction failed because process frozen.
07-03 23:09:58.388   540  2696 E IPCThreadState: Binder transaction failure. id: 1023189, BR_*: 29202, error: 0 (Success)
07-03 23:09:58.389   540  2696 I ActivityManager: Process com.android.externalstorage (pid 8234) early provider death
07-03 23:09:58.390   540  2696 I ActivityManager: Process com.android.externalstorage (pid 8234) has died: cch+5 CEM 
07-03 23:09:58.395  8168  8664 W ProvidersCache: Failed to load some roots from com.android.externalstorage.documents
07-03 23:09:58.395  8168  8664 W ProvidersCache: android.os.DeadObjectException: Transaction failed on small parcel; remote process probably died, but this could also be caused by running out of binder buffer space
07-03 23:09:58.395  8168  8664 W ProvidersCache: 	at android.os.BinderProxy.transactNative(Native Method)
07-03 23:09:58.395  8168  8664 W ProvidersCache: 	at android.os.BinderProxy.transact(BinderProxy.java:586)
07-03 23:09:58.395  8168  8664 W ProvidersCache: 	at android.content.ContentProviderProxy.query(ContentProviderNative.java:493)
07-03 23:09:58.395  8168  8664 W ProvidersCache: 	at android.content.ContentProviderClient.query(ContentProviderClient.java:196)
07-03 23:09:58.395  8168  8664 W ProvidersCache: 	at android.content.ContentProviderClient.query(ContentProviderClient.java:178)
07-03 23:09:58.395  8168  8664 W ProvidersCache: 	at android.content.ContentProviderClient.query(ContentProviderClient.java:168)
07-03 23:09:58.395  8168  8664 W ProvidersCache: 	at com.android.documentsui.roots.ProvidersCache.loadRootsForAuthority(ProvidersCache.java:366)
07-03 23:09:58.395  8168  8664 W ProvidersCache: 	at com.android.documentsui.roots.ProvidersCache.-$$Nest$mloadRootsForAuthority(ProvidersCache.java:0)
07-03 23:09:58.395  8168  8664 W ProvidersCache: 	at com.android.documentsui.roots.ProvidersCache$MultiProviderUpdateTask.handleDocumentsProvider(ProvidersCache.java:647)
07-03 23:09:58.395  8168  8664 W ProvidersCache: 	at com.android.documentsui.roots.ProvidersCache$MultiProviderUpdateTask.startSingleProviderUpdateTask(ProvidersCache.java:623)
07-03 23:09:58.395  8168  8664 W ProvidersCache: 	at com.android.documentsui.roots.ProvidersCache$MultiProviderUpdateTask.lambda$doInBackground$0(ProvidersCache.java:569)
07-03 23:09:58.395  8168  8664 W ProvidersCache: 	at com.android.documentsui.roots.ProvidersCache$MultiProviderUpdateTask.$r8$lambda$mnJpmgdZARm40VapREkQeOExLF8(ProvidersCache.java:0)
07-03 23:09:58.395  8168  8664 W ProvidersCache: 	at com.android.documentsui.roots.ProvidersCache$MultiProviderUpdateTask$$ExternalSyntheticLambda0.run(R8$$SyntheticClass:0)
07-03 23:09:58.395  8168  8664 W ProvidersCache: 	at java.util.concurrent.Executors$RunnableAdapter.call(Executors.java:487)
07-03 23:09:58.395  8168  8664 W ProvidersCache: 	at java.util.concurrent.FutureTask.run(FutureTask.java:264)
07-03 23:09:58.395  8168  8664 W ProvidersCache: 	at java.util.concurrent.ThreadPoolExecutor.runWorker(ThreadPoolExecutor.java:1145)
07-03 23:09:58.395  8168  8664 W ProvidersCache: 	at java.util.concurrent.ThreadPoolExecutor$Worker.run(ThreadPoolExecutor.java:644)
07-03 23:09:58.395  8168  8664 W ProvidersCache: 	at java.lang.Thread.run(Thread.java:1012)
07-03 23:09:58.396   540   571 D DisplayManagerService: Drop pending events for gone uid 10100
07-03 23:09:58.406   326   326 D Zygote  : Forked child process 8676
07-03 23:09:58.408   540   583 W ActivityManager: Slow operation: 78ms so far, now at startProcess: returned from zygote!
07-03 23:09:58.423  1203  1211 W System  : A resource failed to call release. 
07-03 23:09:58.423  1203  1211 W System  : A resource failed to call release. 
07-03 23:09:58.423  1203  1211 W System  : A resource failed to call release. 
07-03 23:09:58.423  1203  1211 W s.nexuslauncher: ApkAssets: Deleting an ApkAssets object '<empty> and /data/app/~~oD_KBVJuIDkT-_9vt-L6CQ==/com.anonymous.cellphoneApp-doaNXL0Rfg6Xh3A0DtYtIQ==/base.apk' with 1 weak references
07-03 23:09:58.423  1203  1211 W System  : A resource failed to call release. 
07-03 23:09:58.423  1203  1211 W System  : A resource failed to call release. 
07-03 23:09:58.423  1203  1211 W System  : A resource failed to call release. 
07-03 23:09:58.423  1203  1211 W System  : A resource failed to call release. 
07-03 23:09:58.423  1203  1211 W System  : A resource failed to call release. 
07-03 23:09:58.423  1203  1211 W System  : A resource failed to call release. 
07-03 23:09:58.424   540   540 W Looper  : Slow dispatch took 174ms main h=android.app.ActivityThread$H c=android.app.LoadedApk$ReceiverDispatcher$Args$$ExternalSyntheticLambda0@65ddf99 m=0
07-03 23:09:58.434   540   665 I RoleService: Granting default roles...
07-03 23:09:58.473   540   583 W ActivityManager: Slow operation: 110ms so far, now at startProcess: done updating battery stats
07-03 23:09:58.473   540   583 W ActivityManager: Slow operation: 142ms so far, now at startProcess: building log message
07-03 23:09:58.473   540   583 I ActivityManager: Start proc 8676:com.android.chrome/u0a146 for broadcast {com.android.chrome/org.chromium.chrome.browser.browserservices.InstalledWebappBroadcastReceiver}
07-03 23:09:58.473   540   583 W ActivityManager: Slow operation: 143ms so far, now at startProcess: starting to update pids map
07-03 23:09:58.473   540   583 W ActivityManager: Slow operation: 143ms so far, now at startProcess: done updating pids map
07-03 23:09:58.495   540   540 I Telecom : CarModeTracker: Package com.anonymous.cellphoneApp is not tracked.: SSH.oR@AQ8
07-03 23:09:58.495   540   540 I Telecom : InCallController: updateCarModeForConnections: car mode apps: : SSH.oR@AQ8
07-03 23:09:58.495   540   540 I Telecom : InCallController: update carmode current:UserHandle{0} parent:null: SSH.oR@AQ8
07-03 23:09:58.496   540   540 W Looper  : Slow delivery took 227ms main h=android.app.ActivityThread$H c=android.app.LoadedApk$ReceiverDispatcher$Args$$ExternalSyntheticLambda0@8f83327 m=0
07-03 23:09:58.511   540  1008 W Role    : Default holder doesn't have required signing certificate: com.google.android.retaildemo:6547c73dee150c103980bfdffe55cc9a011d785dd694a5f99afd8205bcaf1f80
07-03 23:09:58.513   540  1008 E RoleControllerServiceImpl: Default/fallback role holder package doesn't qualify for the role, package: com.google.android.gms.supervision, role: android.app.role.SYSTEM_SUPERVISION
07-03 23:09:58.515   540  1008 W Role    : Default holder doesn't have required signing certificate: com.google.android.apps.work.clouddpc:23962F4B43B9857638EA66F4D419518EAE282491ACDA4B94707BD59003C45E58
07-03 23:09:58.520   919   919 D ControlsListingControllerImpl: ServiceConfig reloaded, count: 0
07-03 23:09:58.536  7253  7264 I .apps.wellbeing: Background concurrent mark compact GC freed 624KB AllocSpace bytes, 0(0B) LOS objects, 49% free, 3978KB/7957KB, paused 1.961ms,967us total 108.086ms
07-03 23:09:58.536  7253  7310 I .apps.wellbeing: Waiting for a blocking GC ProfileSaver
07-03 23:09:58.539   326   326 I Zygote  : Process 8234 exited due to signal 9 (Killed)
07-03 23:09:58.548  8676  8676 I .android.chrome: Using CollectorTypeCMC GC.
07-03 23:09:58.565   540   540 I ConditionProviders: Disallowing condition provider com.anonymous.cellphoneApp (userSet: true)
07-03 23:09:58.568  8676  8676 E .android.chrome: Not starting debugger since process cannot load the jdwp agent.
07-03 23:09:58.575   540   582 D ActivityManager: sync unfroze 5338 com.android.vending for 3
07-03 23:09:58.578  8676  8676 D nativeloader: Load libframework-connectivity-tiramisu-jni.so using APEX ns com_android_tethering for caller /apex/com.android.tethering/javalib/framework-connectivity-t.jar: ok
07-03 23:09:58.578   540   582 D ActivityManager: sync unfroze 4552 com.android.vending:background for 3
07-03 23:09:58.580   540  1647 V ActivityManager: Got obituary of 8234:com.android.externalstorage
07-03 23:09:58.597   540   540 W Looper  : Drained
07-03 23:09:58.597   540   584 I libprocessgroup: Removed cgroup /sys/fs/cgroup/uid_10100/pid_8234
07-03 23:09:58.600  4552  4552 I Finsky:background: [2] Memory trim requested to level 40
07-03 23:09:58.601  1419  1746 I MediaProvider: Begin Intent { act=android.intent.action.PACKAGE_FULLY_REMOVED dat=package: flg=0x5000010 cmp=com.google.android.providers.media.module/com.android.providers.media.MediaService (has extras) }
07-03 23:09:58.605  4552  4580 I Finsky:background: [45] Stats for Executor: LightweightExecutor teo@67fa935[Running, pool size = 2, active threads = 0, queued tasks = 0, completed tasks = 1538]
07-03 23:09:58.606   382  3305 I AF::TrackHandle: opChanged OP_PLAY_AUDIO callback received for 
07-03 23:09:58.606   382  3305 I AF::TrackHandle: opChanged OP_PLAY_AUDIO callback received for 
07-03 23:09:58.608   382  4367 I AF::TrackHandle: opChanged OP_PLAY_AUDIO callback received for 
07-03 23:09:58.608   382  4367 I AF::TrackHandle: opChanged OP_PLAY_AUDIO callback received for 
07-03 23:09:58.608   382  4367 I AF::TrackHandle: opChanged OP_PLAY_AUDIO callback received for 
07-03 23:09:58.608   382  4367 I AF::TrackHandle: opChanged OP_PLAY_AUDIO callback received for 
07-03 23:09:58.608   382  4367 I AF::TrackHandle: opChanged OP_PLAY_AUDIO callback received for 
07-03 23:09:58.608   382  4367 I AF::TrackHandle: opChanged OP_PLAY_AUDIO callback received for 
07-03 23:09:58.608   382  4367 I AF::TrackHandle: opChanged OP_PLAY_AUDIO callback received for 
07-03 23:09:58.608   382  4367 I AF::TrackHandle: opChanged OP_PLAY_AUDIO callback received for 
07-03 23:09:58.608   382  4367 I AF::TrackHandle: opChanged OP_PLAY_AUDIO callback received for 
07-03 23:09:58.608   382  4367 I AF::TrackHandle: opChanged OP_PLAY_AUDIO callback received for 
07-03 23:09:58.608   382  4367 I AF::TrackHandle: opChanged OP_PLAY_AUDIO callback received for 
07-03 23:09:58.608   382  4367 I AF::TrackHandle: opChanged OP_PLAY_AUDIO callback received for 
07-03 23:09:58.608   382  4367 I AF::TrackHandle: opChanged OP_PLAY_AUDIO callback received for 
07-03 23:09:58.609   382  4367 I AF::TrackHandle: opChanged OP_PLAY_AUDIO callback received for 
07-03 23:09:58.609   382  4367 I AF::TrackHandle: opChanged OP_PLAY_AUDIO callback received for 
07-03 23:09:58.609   382  4367 I AF::TrackHandle: opChanged OP_PLAY_AUDIO callback received for 
07-03 23:09:58.609   382  3305 I AF::TrackHandle: opChanged OP_PLAY_AUDIO callback received for 
07-03 23:09:58.609   382  3305 I AF::TrackHandle: opChanged OP_PLAY_AUDIO callback received for 
07-03 23:09:58.609   382  3305 I AF::TrackHandle: opChanged OP_PLAY_AUDIO callback received for 
07-03 23:09:58.609   382  3305 I AF::TrackHandle: opChanged OP_PLAY_AUDIO callback received for 
07-03 23:09:58.609   382  3305 I AF::TrackHandle: opChanged OP_PLAY_AUDIO callback received for 
07-03 23:09:58.609   382  3305 I AF::TrackHandle: opChanged OP_PLAY_AUDIO callback received for 
07-03 23:09:58.609   382  3305 I AF::TrackHandle: opChanged OP_PLAY_AUDIO callback received for 
07-03 23:09:58.609   382  3305 I AF::TrackHandle: opChanged OP_PLAY_AUDIO callback received for 
07-03 23:09:58.609   382  3305 I AF::TrackHandle: opChanged OP_PLAY_AUDIO callback received for 
07-03 23:09:58.609   382  3305 I AF::TrackHandle: opChanged OP_PLAY_AUDIO callback received for 
07-03 23:09:58.609   382  3305 I AF::TrackHandle: opChanged OP_PLAY_AUDIO callback received for 
07-03 23:09:58.609   382  3305 I AF::TrackHandle: opChanged OP_PLAY_AUDIO callback received for 
07-03 23:09:58.609   382  3305 I AF::TrackHandle: opChanged OP_PLAY_AUDIO callback received for 
07-03 23:09:58.609   382  3305 I AF::TrackHandle: opChanged OP_PLAY_AUDIO callback received for 
07-03 23:09:58.610   540  2738 E TaskPersister: File error accessing recents directory (directory doesn't exist?).
07-03 23:09:58.614  5338  5366 I Finsky  : [45] Stats for Executor: BlockingExecutor teo@6dceb70[Running, pool size = 0, active threads = 0, queued tasks = 0, completed tasks = 49]
07-03 23:09:58.614  5338  5366 I Finsky  : [45] Stats for Executor: LightweightExecutor teo@46c8ee9[Running, pool size = 2, active threads = 0, queued tasks = 0, completed tasks = 277]
07-03 23:09:58.614  5338  5366 I Finsky  : [45] Stats for Executor: bgExecutor teo@6fa076e[Running, pool size = 4, active threads = 0, queued tasks = 0, completed tasks = 464]
07-03 23:09:58.628  5338  5338 I Finsky  : [2] Memory trim requested to level 40
07-03 23:09:58.629  5338  5338 I Finsky  : [2] Flushing in-memory image cache
07-03 23:09:58.629  5338  5338 I Finsky  : [2] Memory trim requested to level 40
07-03 23:09:58.629  5338  5338 I Finsky  : [2] Flushing in-memory image cache
07-03 23:09:58.639  4552  4552 I Finsky:background: [2] Memory trim requested to level 40
07-03 23:09:58.640  5338  5338 I Finsky  : [2] aebl - Received: android.intent.action.PACKAGE_REMOVED, [1q3v8WW1qgJmyqgea1z50U8FBl9gPjpjpZ1ugssBIKQ]
07-03 23:09:58.642  4552  4552 I Finsky:background: [2] aeba - Received: android.intent.action.PACKAGE_REMOVED, [1q3v8WW1qgJmyqgea1z50U8FBl9gPjpjpZ1ugssBIKQ]
07-03 23:09:58.643  4552  4580 I Finsky:background: [45] Stats for Executor: bgExecutor teo@de761ca[Running, pool size = 4, active threads = 0, queued tasks = 0, completed tasks = 977]
07-03 23:09:58.643  4552  4580 I Finsky:background: [45] Stats for Executor: BlockingExecutor teo@78c5f3b[Running, pool size = 0, active threads = 0, queued tasks = 0, completed tasks = 140]
07-03 23:09:58.649  4552  4552 I Finsky:background: [2] Package no longer installed: com.anonymous.cellphoneApp
07-03 23:09:58.651  8676  8676 D CompatChangeReporter: Compat change id reported: 242716250; UID 10146; state: ENABLED
07-03 23:09:58.653   540  1008 E RoleControllerServiceImpl: Default/fallback role holder package doesn't qualify for the role, package: com.google.android.gms, role: android.app.role.WALLET
07-03 23:09:58.662  4552  4552 I Finsky:background: [2] Package no longer installed: com.anonymous.cellphoneApp
07-03 23:09:58.676  4552  4552 I Finsky:background: [2] IQ: onPackageRemoved com.anonymous.cellphoneApp, replacing=false, uninstallingFromPlay=false
07-03 23:09:58.680  4552  4552 I Finsky:background: [2] aeba - Received: android.intent.action.PACKAGE_FULLY_REMOVED, [1q3v8WW1qgJmyqgea1z50U8FBl9gPjpjpZ1ugssBIKQ]
07-03 23:09:58.681  4552  4552 I Finsky:background: [2] Package no longer installed: com.anonymous.cellphoneApp
07-03 23:09:58.682  4552  4552 I Finsky:background: [2] aeba - Deduping intent android.intent.action.PACKAGE_FULLY_REMOVED
07-03 23:09:58.682  5338  8694 I Finsky  : [214] Asset module storage cleared for package com.anonymous.cellphoneApp.
07-03 23:09:58.683  4552  4585 I Finsky:background: [50] RECEIVER_PACKAGE_MONITOR_BACKGROUND#logWorkEndAndFinishGoAsync: SUCCESS
07-03 23:09:58.703  5338  5338 I Finsky  : [2] Do not start WearSupportService due to Wear service optimization
07-03 23:09:58.712  5338  5338 I Finsky  : [2] Clearing split related stale data.
07-03 23:09:58.720   540  1008 E RoleControllerServiceImpl: Default/fallback role holder package doesn't qualify for the role, package: com.google.android.devicelockcontroller, role: android.app.role.SYSTEM_FINANCED_DEVICE_CONTROLLER
07-03 23:09:58.726  8676  8676 W ziparchive: Unable to open '/data/app/~~PHoxx6cqBND7GdrHecBdqw==/com.google.android.trichromelibrary_636771932-pnZaSpeh7NgZFJeNaA7YTQ==/TrichromeLibrary.dm': No such file or directory
07-03 23:09:58.726  8676  8676 W ziparchive: Unable to open '/data/app/~~PHoxx6cqBND7GdrHecBdqw==/com.google.android.trichromelibrary_636771932-pnZaSpeh7NgZFJeNaA7YTQ==/TrichromeLibrary.dm': No such file or directory
07-03 23:09:58.727  4552  8698 I Finsky:background: [143] IQ: handled package removed
07-03 23:09:58.743  4552  8690 I Finsky:background: [141] Frosting DB delete succeeded: true
07-03 23:09:58.743  4552  8690 I Finsky:background: [141] Frosting DB delete succeeded: false
07-03 23:09:58.743  4552  8690 I Finsky:background: [141] Frosting DB delete succeeded: false
07-03 23:09:58.746  8676  8676 W .android.chrome: Entry not found
07-03 23:09:58.747   540   830 D NetworkStatsObservers: Registering observer for RequestInfo from pid/uid:540/1000(android) for DataUsageRequest [ requestId=12, networkTemplate=NetworkTemplate: matchRule=MOBILE, matchSubscriberIds=[310260...], matchWifiNetworkKeys=[], metered=YES, defaultNetwork=NO, thresholdInBytes=3397489 ] accessLevel:3
07-03 23:09:58.748   540   914 D NetworkStatsObservers: Unregistering RequestInfo from pid/uid:540/1000(android) for DataUsageRequest [ requestId=11, networkTemplate=NetworkTemplate: matchRule=MOBILE, matchSubscriberIds=[310260...], matchWifiNetworkKeys=[], metered=YES, defaultNetwork=NO, thresholdInBytes=3398259 ] accessLevel:3
07-03 23:09:58.749  8676  8676 D nativeloader: Configuring clns-7 for other apk /data/app/~~PHoxx6cqBND7GdrHecBdqw==/com.google.android.trichromelibrary_636771932-pnZaSpeh7NgZFJeNaA7YTQ==/TrichromeLibrary.apk. target_sdk_version=34, uses_libraries=ALL, library_path=/data/app/~~JlZZWgCnls6rFQ5flUfERw==/com.android.chrome-zeZp2NSBIlDDnfEEip3Q2Q==/lib/arm64:/data/app/~~JlZZWgCnls6rFQ5flUfERw==/com.android.chrome-zeZp2NSBIlDDnfEEip3Q2Q==/Chrome.apk!/lib/arm64-v8a:/data/app/~~PHoxx6cqBND7GdrHecBdqw==/com.google.android.trichromelibrary_636771932-pnZaSpeh7NgZFJeNaA7YTQ==/TrichromeLibrary.apk!/lib/arm64-v8a, permitted_path=/data:/mnt/expand:/data/user/0/com.android.chrome
07-03 23:09:58.754  5338  5338 I Finsky  : [2] aebl - Received: android.intent.action.PACKAGE_FULLY_REMOVED, [1q3v8WW1qgJmyqgea1z50U8FBl9gPjpjpZ1ugssBIKQ]
07-03 23:09:58.754  5338  5338 I Finsky  : [2] aebl - Deduping intent android.intent.action.PACKAGE_FULLY_REMOVED
07-03 23:09:58.755  5338  5368 I Finsky  : [47] RECEIVER_PACKAGE_MONITOR#logWorkEndAndFinishGoAsync: SUCCESS
07-03 23:09:58.769  5338  8697 I Finsky  : [217] SCH: Received scheduling request: Id: 12-1, Constraints: [{ L: 15000, D: 86400000, C: CHARGING_NONE, I: IDLE_NONE, N: NET_ANY, B: BATTERY_ANY }]
07-03 23:09:58.778  8676  8676 D nativeloader: Configuring clns-8 for other apk /data/app/~~JlZZWgCnls6rFQ5flUfERw==/com.android.chrome-zeZp2NSBIlDDnfEEip3Q2Q==/Chrome.apk. target_sdk_version=34, uses_libraries=, library_path=/data/app/~~JlZZWgCnls6rFQ5flUfERw==/com.android.chrome-zeZp2NSBIlDDnfEEip3Q2Q==/lib/arm64:/data/app/~~JlZZWgCnls6rFQ5flUfERw==/com.android.chrome-zeZp2NSBIlDDnfEEip3Q2Q==/Chrome.apk!/lib/arm64-v8a:/data/app/~~PHoxx6cqBND7GdrHecBdqw==/com.google.android.trichromelibrary_636771932-pnZaSpeh7NgZFJeNaA7YTQ==/TrichromeLibrary.apk!/lib/arm64-v8a, permitted_path=/data:/mnt/expand:/data/user/0/com.android.chrome
07-03 23:09:58.804   540   881 D ShortcutService: Saving package item com.google.android.as to /data/system_ce/0/shortcut_service/launchers/com.google.android.as0.xml
07-03 23:09:58.808  4552  4590 I Finsky:background: [54] RECEIVER_ENGAGE_PACKAGE_CHANGED#logWorkEndAndFinishGoAsync: SUCCESS
07-03 23:09:58.811  4552  4552 I Finsky:background: [2] Memory trim requested to level 40
07-03 23:09:58.828  5338  8705 D TrafficStats: tagSocket(107) with statsTag=0xffffffff, statsUid=-1
07-03 23:09:58.856  8676  8676 V GraphicsEnvironment: Currently set values for:
07-03 23:09:58.856  8676  8676 V GraphicsEnvironment:   angle_gl_driver_selection_pkgs=[]
07-03 23:09:58.856  8676  8676 V GraphicsEnvironment:   angle_gl_driver_selection_values=[]
07-03 23:09:58.856  8676  8676 V GraphicsEnvironment: Global.Settings values are invalid: number of packages: 0, number of values: 0
07-03 23:09:58.856  8676  8676 V GraphicsEnvironment: Neither updatable production driver nor prerelease driver is supported.
07-03 23:09:58.865   540  2699 D ActivityManager: sync unfroze 6521 com.google.android.gms for 6
07-03 23:09:58.866   540  2699 D ActivityManager: sync unfroze 5448 com.google.android.gms.unstable for 6
07-03 23:09:58.878   919   919 D TileServices: Couldn't find tile for ComponentInfo{com.google.android.apps.wellbeing/com.google.android.apps.wellbeing.focusmode.quicksettings.FocusModeTileService}(0)
07-03 23:09:58.916   540  2249 D CompatChangeReporter: Compat change id reported: 151861875; UID 10100; state: ENABLED
07-03 23:09:58.916   540  2249 V GrammaticalInflectionUtils: AttributionSource: android.content.AttributionSource@934f8bbf does not have READ_SYSTEM_GRAMMATICAL_GENDER permission.
07-03 23:09:58.920   540   582 D ActivityManager: sync unfroze 920 com.google.android.permissioncontroller for 3
07-03 23:09:58.925  8676  8676 I LoadedApk: No resource references to update in package com.google.android.trichromelibrary
07-03 23:09:58.931   540   582 D ActivityManager: sync unfroze 8235 android.process.media for 3
07-03 23:09:58.939   326   326 D Zygote  : Forked child process 8720
07-03 23:09:58.940   540   583 I ActivityManager: Start proc 8720:com.android.externalstorage/u0a100 for content provider {com.android.externalstorage/com.android.externalstorage.ExternalStorageProvider}
07-03 23:09:58.967  8676  8676 I cr_SplitCompatApp: Launched version=124.0.6367.219 minSdkVersion=29 isBundle=true processName=com.android.chrome isIsolated=false
07-03 23:09:59.011  1451  1451 I GsaVoiceInteractionSrv: (REDACTED) O received %s
07-03 23:09:59.016  8235  8246 W d.process.media: Reducing the number of considered missed Gc histogram windows from 166 to 100
07-03 23:09:59.018   540  2699 W ProcessStats: Tracking association SourceState{a2a2a7d com.google.android.gms/10144 Service #13531} whose proc state 8 is better than process ProcessState{6945d72 com.google.android.gms.unstable/10144 pkg=com.google.android.gms (sub)} proc state 14 (15 skipped)
07-03 23:09:59.021   540   992 D SafetySourceDataValidat: No cert check requested for package com.google.android.permissioncontroller
07-03 23:09:59.023  8720  8720 I externalstorage: Using CollectorTypeCMC GC.
07-03 23:09:59.027  8720  8720 E externalstorage: Not starting debugger since process cannot load the jdwp agent.
07-03 23:09:59.029  8720  8720 D nativeloader: Load libframework-connectivity-tiramisu-jni.so using APEX ns com_android_tethering for caller /apex/com.android.tethering/javalib/framework-connectivity-t.jar: ok
07-03 23:09:59.034  7253  7266 W .apps.wellbeing: ApkAssets: Deleting an ApkAssets object '<empty> and /product/app/YouTube/YouTube.apk' with 1 weak references
07-03 23:09:59.036  7253  7266 W .apps.wellbeing: ApkAssets: Deleting an ApkAssets object '<empty> and /product/overlay/DisplayCutoutEmulationCorner/DisplayCutoutEmulationCornerOverlay.apk' with 1 weak references
07-03 23:09:59.037  7253  7266 W .apps.wellbeing: ApkAssets: Deleting an ApkAssets object '<empty> and /apex/com.android.extservices/priv-app/GoogleExtServices@350820300/GoogleExtServices.apk' with 1 weak references
07-03 23:09:59.038  7253  7266 W .apps.wellbeing: ApkAssets: Deleting an ApkAssets object '<empty> and /product/overlay/DisplayCutoutEmulationDouble/DisplayCutoutEmulationDoubleOverlay.apk' with 1 weak references
07-03 23:09:59.046  6521  6521 D BoundBrokerSvc: onUnbind: Intent { act=com.google.android.gms.auth.service.START pkg=com.google.android.gms }
07-03 23:09:59.053   920   920 D PersistedStoragePackageUninstalledReceiver: Received android.intent.action.PACKAGE_FULLY_REMOVED for com.anonymous.cellphoneApp for u0
07-03 23:09:59.054  6342  6342 D BoundBrokerSvc: onUnbind: Intent { act=com.google.android.gms.auth.aang.events.services.START dat=chimera-action:/... cmp=com.google.android.gms/.chimera.PersistentApiService }
07-03 23:09:59.071   540  2699 D ActivityManager: sync unfroze 5750 com.google.android.googlequicksearchbox:search for 6
07-03 23:09:59.097  8720  8720 D nativeloader: Configuring clns-shared-7 for other apk /system/priv-app/ExternalStorageProvider/ExternalStorageProvider.apk. target_sdk_version=35, uses_libraries=, library_path=/system/priv-app/ExternalStorageProvider/lib/arm64:/system/lib64:/system_ext/lib64, permitted_path=/data:/mnt/expand:/data/user/0/com.android.externalstorage:/system/priv-app/ExternalStorageProvider:/system/lib64:/system_ext/lib64
07-03 23:09:59.104   540  2699 D ActivityManager: sync unfroze 6142 com.google.android.webview:sandboxed_process0:org.chromium.content.app.SandboxedProcessService0:0 for 6
07-03 23:09:59.113  8720  8720 D CompatChangeReporter: Compat change id reported: 202956589; UID 10100; state: ENABLED
07-03 23:09:59.120  6521  6521 D BoundBrokerSvc: onBind: Intent { act=com.google.android.gms.common.BIND_SHARED_PREFS pkg=com.google.android.gms }
07-03 23:09:59.120  6521  6521 D BoundBrokerSvc: Loading bound service for intent: Intent { act=com.google.android.gms.common.BIND_SHARED_PREFS pkg=com.google.android.gms }
07-03 23:09:59.128  1419  1746 D MediaProvider: Deleted 0 Android/media items belonging to com.anonymous.cellphoneApp on /data/user/0/com.google.android.providers.media.module/databases/external.db
07-03 23:09:59.195  5338  5338 I Finsky  : [2] Memory trim requested to level 40
07-03 23:09:59.196  5338  5338 I Finsky  : [2] Flushing in-memory image cache
